Archive member included to satisfy reference by file (symbol)

d:/st/stm32cubeide_1.1.0/stm32cubeide/plugins/com.st.stm32cube.ide.mcu.externaltools.gnu-tools-for-stm32.7-2018-q2-update.win32_1.0.0.201904181610/tools/bin/../lib/gcc/arm-none-eabi/7.3.1/../../../../arm-none-eabi/lib/thumb/v7e-m/fpv5/hard\libc_nano.a(lib_a-errno.o)
                              Core/Src/syscalls.o (__errno)
d:/st/stm32cubeide_1.1.0/stm32cubeide/plugins/com.st.stm32cube.ide.mcu.externaltools.gnu-tools-for-stm32.7-2018-q2-update.win32_1.0.0.201904181610/tools/bin/../lib/gcc/arm-none-eabi/7.3.1/../../../../arm-none-eabi/lib/thumb/v7e-m/fpv5/hard\libc_nano.a(lib_a-exit.o)
                              d:/st/stm32cubeide_1.1.0/stm32cubeide/plugins/com.st.stm32cube.ide.mcu.externaltools.gnu-tools-for-stm32.7-2018-q2-update.win32_1.0.0.201904181610/tools/bin/../lib/gcc/arm-none-eabi/7.3.1/../../../../arm-none-eabi/lib/thumb/v7e-m/fpv5/hard/crt0.o (exit)
d:/st/stm32cubeide_1.1.0/stm32cubeide/plugins/com.st.stm32cube.ide.mcu.externaltools.gnu-tools-for-stm32.7-2018-q2-update.win32_1.0.0.201904181610/tools/bin/../lib/gcc/arm-none-eabi/7.3.1/../../../../arm-none-eabi/lib/thumb/v7e-m/fpv5/hard\libc_nano.a(lib_a-impure.o)
                              d:/st/stm32cubeide_1.1.0/stm32cubeide/plugins/com.st.stm32cube.ide.mcu.externaltools.gnu-tools-for-stm32.7-2018-q2-update.win32_1.0.0.201904181610/tools/bin/../lib/gcc/arm-none-eabi/7.3.1/../../../../arm-none-eabi/lib/thumb/v7e-m/fpv5/hard\libc_nano.a(lib_a-exit.o) (_global_impure_ptr)
d:/st/stm32cubeide_1.1.0/stm32cubeide/plugins/com.st.stm32cube.ide.mcu.externaltools.gnu-tools-for-stm32.7-2018-q2-update.win32_1.0.0.201904181610/tools/bin/../lib/gcc/arm-none-eabi/7.3.1/../../../../arm-none-eabi/lib/thumb/v7e-m/fpv5/hard\libc_nano.a(lib_a-init.o)
                              d:/st/stm32cubeide_1.1.0/stm32cubeide/plugins/com.st.stm32cube.ide.mcu.externaltools.gnu-tools-for-stm32.7-2018-q2-update.win32_1.0.0.201904181610/tools/bin/../lib/gcc/arm-none-eabi/7.3.1/../../../../arm-none-eabi/lib/thumb/v7e-m/fpv5/hard/crt0.o (__libc_init_array)
d:/st/stm32cubeide_1.1.0/stm32cubeide/plugins/com.st.stm32cube.ide.mcu.externaltools.gnu-tools-for-stm32.7-2018-q2-update.win32_1.0.0.201904181610/tools/bin/../lib/gcc/arm-none-eabi/7.3.1/../../../../arm-none-eabi/lib/thumb/v7e-m/fpv5/hard\libc_nano.a(lib_a-memset.o)
                              d:/st/stm32cubeide_1.1.0/stm32cubeide/plugins/com.st.stm32cube.ide.mcu.externaltools.gnu-tools-for-stm32.7-2018-q2-update.win32_1.0.0.201904181610/tools/bin/../lib/gcc/arm-none-eabi/7.3.1/../../../../arm-none-eabi/lib/thumb/v7e-m/fpv5/hard/crt0.o (memset)
d:/st/stm32cubeide_1.1.0/stm32cubeide/plugins/com.st.stm32cube.ide.mcu.externaltools.gnu-tools-for-stm32.7-2018-q2-update.win32_1.0.0.201904181610/tools/bin/../lib/gcc/arm-none-eabi/7.3.1/../../../../arm-none-eabi/lib/thumb/v7e-m/fpv5/hard\libc_nano.a(lib_a-printf.o)
                              Core/Src/main.o (printf)
d:/st/stm32cubeide_1.1.0/stm32cubeide/plugins/com.st.stm32cube.ide.mcu.externaltools.gnu-tools-for-stm32.7-2018-q2-update.win32_1.0.0.201904181610/tools/bin/../lib/gcc/arm-none-eabi/7.3.1/../../../../arm-none-eabi/lib/thumb/v7e-m/fpv5/hard\libc_nano.a(lib_a-sprintf.o)
                              Core/Src/main.o (sprintf)
d:/st/stm32cubeide_1.1.0/stm32cubeide/plugins/com.st.stm32cube.ide.mcu.externaltools.gnu-tools-for-stm32.7-2018-q2-update.win32_1.0.0.201904181610/tools/bin/../lib/gcc/arm-none-eabi/7.3.1/../../../../arm-none-eabi/lib/thumb/v7e-m/fpv5/hard\libc_nano.a(lib_a-strlen.o)
                              Core/Src/main.o (strlen)
d:/st/stm32cubeide_1.1.0/stm32cubeide/plugins/com.st.stm32cube.ide.mcu.externaltools.gnu-tools-for-stm32.7-2018-q2-update.win32_1.0.0.201904181610/tools/bin/../lib/gcc/arm-none-eabi/7.3.1/../../../../arm-none-eabi/lib/thumb/v7e-m/fpv5/hard\libc_nano.a(lib_a-findfp.o)
                              d:/st/stm32cubeide_1.1.0/stm32cubeide/plugins/com.st.stm32cube.ide.mcu.externaltools.gnu-tools-for-stm32.7-2018-q2-update.win32_1.0.0.201904181610/tools/bin/../lib/gcc/arm-none-eabi/7.3.1/../../../../arm-none-eabi/lib/thumb/v7e-m/fpv5/hard\libc_nano.a(lib_a-printf.o) (__sinit)
d:/st/stm32cubeide_1.1.0/stm32cubeide/plugins/com.st.stm32cube.ide.mcu.externaltools.gnu-tools-for-stm32.7-2018-q2-update.win32_1.0.0.201904181610/tools/bin/../lib/gcc/arm-none-eabi/7.3.1/../../../../arm-none-eabi/lib/thumb/v7e-m/fpv5/hard\libc_nano.a(lib_a-fwalk.o)
                              d:/st/stm32cubeide_1.1.0/stm32cubeide/plugins/com.st.stm32cube.ide.mcu.externaltools.gnu-tools-for-stm32.7-2018-q2-update.win32_1.0.0.201904181610/tools/bin/../lib/gcc/arm-none-eabi/7.3.1/../../../../arm-none-eabi/lib/thumb/v7e-m/fpv5/hard\libc_nano.a(lib_a-findfp.o) (_fwalk)
[...]
Memory Configuration

Name             Origin             Length             Attributes
RAM              0x0000000020000000 0x0000000000080000 xrw
FLASH            0x0000000008000000 0x0000000000200000 xr
*default*        0x0000000000000000 0xffffffffffffffff

Linker script and memory map

LOAD d:/st/stm32cubeide_1.1.0/stm32cubeide/plugins/com.st.stm32cube.ide.mcu.externaltools.gnu-tools-for-stm32.7-2018-q2-update.win32_1.0.0.201904181610/tools/bin/../lib/gcc/arm-none-eabi/7.3.1/thumb/v7e-m/fpv5/hard/crti.o
LOAD d:/st/stm32cubeide_1.1.0/stm32cubeide/plugins/com.st.stm32cube.ide.mcu.externaltools.gnu-tools-for-stm32.7-2018-q2-update.win32_1.0.0.201904181610/tools/bin/../lib/gcc/arm-none-eabi/7.3.1/thumb/v7e-m/fpv5/hard/crtbegin.o
LOAD d:/st/stm32cubeide_1.1.0/stm32cubeide/plugins/com.st.stm32cube.ide.mcu.externaltools.gnu-tools-for-stm32.7-2018-q2-update.win32_1.0.0.201904181610/tools/bin/../lib/gcc/arm-none-eabi/7.3.1/../../../../arm-none-eabi/lib/thumb/v7e-m/fpv5/hard/crt0.o
LOAD Core/Src/main.o
LOAD Core/Src/stm32f7xx_hal_msp.o
LOAD Core/Src/stm32f7xx_hal_timebase_tim.o
LOAD Core/Src/stm32f7xx_it.o
LOAD Core/Src/syscalls.o
LOAD Core/Src/sysmem.o
LOAD Core/Src/system_stm32f7xx.o
LOAD Core/Startup/startup_stm32f769nihx.o
LOAD Drivers/STM32F7xx_HAL_Driver/Src/stm32f7xx_hal.o
LOAD Drivers/STM32F7xx_HAL_Driver/Src/stm32f7xx_hal_cortex.o
LOAD Drivers/STM32F7xx_HAL_Driver/Src/stm32f7xx_hal_dma.o
LOAD Drivers/STM32F7xx_HAL_Driver/Src/stm32f7xx_hal_dma_ex.o
LOAD Drivers/STM32F7xx_HAL_Driver/Src/stm32f7xx_hal_exti.o
LOAD Drivers/STM32F7xx_HAL_Driver/Src/stm32f7xx_hal_flash.o
LOAD Drivers/STM32F7xx_HAL_Driver/Src/stm32f7xx_hal_flash_ex.o
LOAD Drivers/STM32F7xx_HAL_Driver/Src/stm32f7xx_hal_gpio.o
LOAD Drivers/STM32F7xx_HAL_Driver/Src/stm32f7xx_hal_i2c.o
LOAD Drivers/STM32F7xx_HAL_Driver/Src/stm32f7xx_hal_i2c_ex.o
LOAD Drivers/STM32F7xx_HAL_Driver/Src/stm32f7xx_hal_pwr.o
LOAD Drivers/STM32F7xx_HAL_Driver/Src/stm32f7xx_hal_pwr_ex.o
LOAD Drivers/STM32F7xx_HAL_Driver/Src/stm32f7xx_hal_rcc.o
LOAD Drivers/STM32F7xx_HAL_Driver/Src/stm32f7xx_hal_rcc_ex.o
LOAD Drivers/STM32F7xx_HAL_Driver/Src/stm32f7xx_hal_sd.o
LOAD Drivers/STM32F7xx_HAL_Driver/Src/stm32f7xx_hal_tim.o
LOAD Drivers/STM32F7xx_HAL_Driver/Src/stm32f7xx_hal_tim_ex.o
LOAD Drivers/STM32F7xx_HAL_Driver/Src/stm32f7xx_hal_uart.o
LOAD Drivers/STM32F7xx_HAL_Driver/Src/stm32f7xx_hal_uart_ex.o
LOAD Drivers/STM32F7xx_HAL_Driver/Src/stm32f7xx_ll_sdmmc.o
LOAD FATFS/App/fatfs.o
LOAD FATFS/Target/bsp_driver_sd.o
LOAD FATFS/Target/fatfs_platform.o
LOAD FATFS/Target/sd_diskio.o
LOAD Middlewares/Third_Party/FatFs/src/diskio.o
LOAD Middlewares/Third_Party/FatFs/src/ff.o
LOAD Middlewares/Third_Party/FatFs/src/ff_gen_drv.o
LOAD Middlewares/Third_Party/FatFs/src/option/ccsbcs.o
LOAD Middlewares/Third_Party/FatFs/src/option/syscall.o
START GROUP
LOAD d:/st/stm32cubeide_1.1.0/stm32cubeide/plugins/com.st.stm32cube.ide.mcu.externaltools.gnu-tools-for-stm32.7-2018-q2-update.win32_1.0.0.201904181610/tools/bin/../lib/gcc/arm-none-eabi/7.3.1/../../../../arm-none-eabi/lib/thumb/v7e-m/fpv5/hard\libc_nano.a
LOAD d:/st/stm32cubeide_1.1.0/stm32cubeide/plugins/com.st.stm32cube.ide.mcu.externaltools.gnu-tools-for-stm32.7-2018-q2-update.win32_1.0.0.201904181610/tools/bin/../lib/gcc/arm-none-eabi/7.3.1/../../../../arm-none-eabi/lib/thumb/v7e-m/fpv5/hard\libm.a
END GROUP
START GROUP
LOAD d:/st/stm32cubeide_1.1.0/stm32cubeide/plugins/com.st.stm32cube.ide.mcu.externaltools.gnu-tools-for-stm32.7-2018-q2-update.win32_1.0.0.201904181610/tools/bin/../lib/gcc/arm-none-eabi/7.3.1/thumb/v7e-m/fpv5/hard\libgcc.a
LOAD d:/st/stm32cubeide_1.1.0/stm32cubeide/plugins/com.st.stm32cube.ide.mcu.externaltools.gnu-tools-for-stm32.7-2018-q2-update.win32_1.0.0.201904181610/tools/bin/../lib/gcc/arm-none-eabi/7.3.1/../../../../arm-none-eabi/lib/thumb/v7e-m/fpv5/hard\libc_nano.a
END GROUP
START GROUP
LOAD d:/st/stm32cubeide_1.1.0/stm32cubeide/plugins/com.st.stm32cube.ide.mcu.externaltools.gnu-tools-for-stm32.7-2018-q2-update.win32_1.0.0.201904181610/tools/bin/../lib/gcc/arm-none-eabi/7.3.1/thumb/v7e-m/fpv5/hard\libgcc.a
LOAD d:/st/stm32cubeide_1.1.0/stm32cubeide/plugins/com.st.stm32cube.ide.mcu.externaltools.gnu-tools-for-stm32.7-2018-q2-update.win32_1.0.0.201904181610/tools/bin/../lib/gcc/arm-none-eabi/7.3.1/../../../../arm-none-eabi/lib/thumb/v7e-m/fpv5/hard\libc_nano.a
LOAD d:/st/stm32cubeide_1.1.0/stm32cubeide/plugins/com.st.stm32cube.ide.mcu.externaltools.gnu-tools-for-stm32.7-2018-q2-update.win32_1.0.0.201904181610/tools/bin/../lib/gcc/arm-none-eabi/7.3.1/../../../../arm-none-eabi/lib/thumb/v7e-m/fpv5/hard\libnosys.a
END GROUP
START GROUP
LOAD d:/st/stm32cubeide_1.1.0/stm32cubeide/plugins/com.st.stm32cube.ide.mcu.externaltools.gnu-tools-for-stm32.7-2018-q2-update.win32_1.0.0.201904181610/tools/bin/../lib/gcc/arm-none-eabi/7.3.1/thumb/v7e-m/fpv5/hard\libgcc.a
LOAD d:/st/stm32cubeide_1.1.0/stm32cubeide/plugins/com.st.stm32cube.ide.mcu.externaltools.gnu-tools-for-stm32.7-2018-q2-update.win32_1.0.0.201904181610/tools/bin/../lib/gcc/arm-none-eabi/7.3.1/../../../../arm-none-eabi/lib/thumb/v7e-m/fpv5/hard\libc_nano.a
LOAD d:/st/stm32cubeide_1.1.0/stm32cubeide/plugins/com.st.stm32cube.ide.mcu.externaltools.gnu-tools-for-stm32.7-2018-q2-update.win32_1.0.0.201904181610/tools/bin/../lib/gcc/arm-none-eabi/7.3.1/../../../../arm-none-eabi/lib/thumb/v7e-m/fpv5/hard\libnosys.a
END GROUP
LOAD d:/st/stm32cubeide_1.1.0/stm32cubeide/plugins/com.st.stm32cube.ide.mcu.externaltools.gnu-tools-for-stm32.7-2018-q2-update.win32_1.0.0.201904181610/tools/bin/../lib/gcc/arm-none-eabi/7.3.1/thumb/v7e-m/fpv5/hard/crtend.o
LOAD d:/st/stm32cubeide_1.1.0/stm32cubeide/plugins/com.st.stm32cube.ide.mcu.externaltools.gnu-tools-for-stm32.7-2018-q2-update.win32_1.0.0.201904181610/tools/bin/../lib/gcc/arm-none-eabi/7.3.1/thumb/v7e-m/fpv5/hard/crtn.o
                0x0000000020080000                _estack = (ORIGIN (RAM) + LENGTH (RAM))
                0x0000000000000200                _Min_Heap_Size = 0x200
                0x0000000000000400                _Min_Stack_Size = 0x400

.isr_vector     0x0000000008000000      0x1f8
                0x0000000008000000                . = ALIGN (0x4)
 *(.isr_vector)
 .isr_vector    0x0000000008000000      0x1f8 Core/Startup/startup_stm32f769nihx.o
                0x0000000008000000                g_pfnVectors
                0x00000000080001f8                . = ALIGN (0x4)

.text           0x00000000080001f8     0x842c
                0x00000000080001f8                . = ALIGN (0x4)
 *(.text)
 .text          0x00000000080001f8       0x40 d:/st/stm32cubeide_1.1.0/stm32cubeide/plugins/com.st.stm32cube.ide.mcu.externaltools.gnu-tools-for-stm32.7-2018-q2-update.win32_1.0.0.201904181610/tools/bin/../lib/gcc/arm-none-eabi/7.3.1/thumb/v7e-m/fpv5/hard/crtbegin.o
 .text          0x0000000008000238       0x30 d:/st/stm32cubeide_1.1.0/stm32cubeide/plugins/com.st.stm32cube.ide.mcu.externaltools.gnu-tools-for-stm32.7-2018-q2-update.win32_1.0.0.201904181610/tools/bin/../lib/gcc/arm-none-eabi/7.3.1/thumb/v7e-m/fpv5/hard\libgcc.a(_aeabi_uldivmod.o)
                0x0000000008000238                __aeabi_uldivmod
 .text          0x0000000008000268      0x2cc d:/st/stm32cubeide_1.1.0/stm32cubeide/plugins/com.st.stm32cube.ide.mcu.externaltools.gnu-tools-for-stm32.7-2018-q2-update.win32_1.0.0.201904181610/tools/bin/../lib/gcc/arm-none-eabi/7.3.1/thumb/v7e-m/fpv5/hard\libgcc.a(_udivmoddi4.o)
                0x0000000008000268                __udivmoddi4
 .text          0x0000000008000534        0x4 d:/st/stm32cubeide_1.1.0/stm32cubeide/plugins/com.st.stm32cube.ide.mcu.externaltools.gnu-tools-for-stm32.7-2018-q2-update.win32_1.0.0.201904181610/tools/bin/../lib/gcc/arm-none-eabi/7.3.1/thumb/v7e-m/fpv5/hard\libgcc.a(_dvmd_tls.o)
                0x0000000008000534                __aeabi_idiv0
                0x0000000008000534                __aeabi_ldiv0
 *(.text*)
 .text.SCB_EnableICache
                0x0000000008000538       0x40 Core/Src/main.o
 .text.SCB_EnableDCache
                0x0000000008000578       0x80 Core/Src/main.o
 .text.main     0x00000000080005f8       0xe8 Core/Src/main.o
                0x00000000080005f8                main
 .text.SystemClock_Config
                0x00000000080006e0      0x14c Core/Src/main.o
                0x00000000080006e0                SystemClock_Config
 .text.MX_SDMMC2_SD_Init
                0x000000000800082c       0x40 Core/Src/main.o
 .text.MX_USART1_UART_Init
                0x000000000800086c       0x60 Core/Src/main.o
 .text.MX_GPIO_Init
                0x00000000080008cc      0x830 Core/Src/main.o
 .text.HAL_TIM_PeriodElapsedCallback
                0x00000000080010fc       0x24 Core/Src/main.o
                0x00000000080010fc                HAL_TIM_PeriodElapsedCallback
 .text.Error_Handler
                0x0000000008001120        0xe Core/Src/main.o
                0x0000000008001120                Error_Handler
 *fill*         0x000000000800112e        0x2 
 .text.HAL_MspInit
                0x0000000008001130       0x54 Core/Src/stm32f7xx_hal_msp.o
                0x0000000008001130                HAL_MspInit
 .text.HAL_SD_MspInit
                0x0000000008001184      0x100 Core/Src/stm32f7xx_hal_msp.o
                0x0000000008001184                HAL_SD_MspInit
 .text.HAL_UART_MspInit
                0x0000000008001284       0xac Core/Src/stm32f7xx_hal_msp.o
                0x0000000008001284                HAL_UART_MspInit
 .text.HAL_InitTick
                0x0000000008001330       0xb0 Core/Src/stm32f7xx_hal_timebase_tim.o
                0x0000000008001330                HAL_InitTick
 .text.NMI_Handler
                0x00000000080013e0        0xe Core/Src/stm32f7xx_it.o
                0x00000000080013e0                NMI_Handler
 .text.HardFault_Handler
                0x00000000080013ee        0x6 Core/Src/stm32f7xx_it.o
                0x00000000080013ee                HardFault_Handler
 .text.MemManage_Handler
                0x00000000080013f4        0x6 Core/Src/stm32f7xx_it.o
                0x00000000080013f4                MemManage_Handler
 .text.BusFault_Handler
                0x00000000080013fa        0x6 Core/Src/stm32f7xx_it.o
                0x00000000080013fa                BusFault_Handler
 .text.UsageFault_Handler
                0x0000000008001400        0x6 Core/Src/stm32f7xx_it.o
                0x0000000008001400                UsageFault_Handler
 .text.SVC_Handler
                0x0000000008001406        0xe Core/Src/stm32f7xx_it.o
                0x0000000008001406                SVC_Handler
 .text.DebugMon_Handler
                0x0000000008001414        0xe Core/Src/stm32f7xx_it.o
                0x0000000008001414                DebugMon_Handler
 .text.PendSV_Handler
                0x0000000008001422        0xe Core/Src/stm32f7xx_it.o
                0x0000000008001422                PendSV_Handler
 .text.RCC_IRQHandler
                0x0000000008001430        0xe Core/Src/stm32f7xx_it.o
                0x0000000008001430                RCC_IRQHandler
 *fill*         0x000000000800143e        0x2 
 .text.TIM6_DAC_IRQHandler
                0x0000000008001440       0x14 Core/Src/stm32f7xx_it.o
                0x0000000008001440                TIM6_DAC_IRQHandler
 .text.SystemInit
                0x0000000008001454       0x6c Core/Src/system_stm32f7xx.o
                0x0000000008001454                SystemInit
 .text.Reset_Handler
                0x00000000080014c0       0x50 Core/Startup/startup_stm32f769nihx.o
                0x00000000080014c0                Reset_Handler
 .text.Default_Handler
                0x0000000008001510        0x2 Core/Startup/startup_stm32f769nihx.o
                0x0000000008001510                RTC_Alarm_IRQHandler
                0x0000000008001510                EXTI2_IRQHandler
                0x0000000008001510                TIM8_CC_IRQHandler
                0x0000000008001510                UART8_IRQHandler
                0x0000000008001510                SPI4_IRQHandler
                0x0000000008001510                TIM1_CC_IRQHandler
                0x0000000008001510                DMA2_Stream5_IRQHandler
                0x0000000008001510                JPEG_IRQHandler
                0x0000000008001510                DMA1_Stream5_IRQHandler
                0x0000000008001510                SysTick_Handler
                0x0000000008001510                CAN3_RX1_IRQHandler
                0x0000000008001510                PVD_IRQHandler
                0x0000000008001510                TAMP_STAMP_IRQHandler
                0x0000000008001510                CAN2_RX1_IRQHandler
                0x0000000008001510                EXTI3_IRQHandler
                0x0000000008001510                TIM8_TRG_COM_TIM14_IRQHandler
                0x0000000008001510                DFSDM1_FLT1_IRQHandler
                0x0000000008001510                TIM1_UP_TIM10_IRQHandler
                0x0000000008001510                TIM8_UP_TIM13_IRQHandler
                0x0000000008001510                I2C3_ER_IRQHandler
                0x0000000008001510                DFSDM1_FLT2_IRQHandler
                0x0000000008001510                EXTI0_IRQHandler
                0x0000000008001510                I2C2_EV_IRQHandler
                0x0000000008001510                DMA1_Stream2_IRQHandler
                0x0000000008001510                CAN1_RX0_IRQHandler
                0x0000000008001510                FPU_IRQHandler
                0x0000000008001510                OTG_HS_WKUP_IRQHandler
                0x0000000008001510                CAN3_SCE_IRQHandler
                0x0000000008001510                LTDC_ER_IRQHandler
                0x0000000008001510                CAN2_SCE_IRQHandler
                0x0000000008001510                DMA2_Stream2_IRQHandler
                0x0000000008001510                SPI1_IRQHandler
                0x0000000008001510                TIM1_BRK_TIM9_IRQHandler
                0x0000000008001510                DCMI_IRQHandler
                0x0000000008001510                CAN2_RX0_IRQHandler
                0x0000000008001510                DMA2_Stream3_IRQHandler
                0x0000000008001510                SAI2_IRQHandler
                0x0000000008001510                DFSDM1_FLT3_IRQHandler
                0x0000000008001510                USART6_IRQHandler
                0x0000000008001510                CAN3_RX0_IRQHandler
                0x0000000008001510                USART3_IRQHandler
                0x0000000008001510                CAN1_RX1_IRQHandler
                0x0000000008001510                UART5_IRQHandler
                0x0000000008001510                DMA2_Stream0_IRQHandler
                0x0000000008001510                TIM4_IRQHandler
                0x0000000008001510                QUADSPI_IRQHandler
                0x0000000008001510                I2C1_EV_IRQHandler
                0x0000000008001510                DMA1_Stream6_IRQHandler
                0x0000000008001510                DMA1_Stream1_IRQHandler
                0x0000000008001510                UART4_IRQHandler
                0x0000000008001510                TIM3_IRQHandler
                0x0000000008001510                TIM8_BRK_TIM12_IRQHandler
                0x0000000008001510                Default_Handler
                0x0000000008001510                CEC_IRQHandler
                0x0000000008001510                EXTI15_10_IRQHandler
                0x0000000008001510                ADC_IRQHandler
                0x0000000008001510                DMA1_Stream7_IRQHandler
                0x0000000008001510                SPI5_IRQHandler
                0x0000000008001510                TIM7_IRQHandler
                0x0000000008001510                SDMMC1_IRQHandler
                0x0000000008001510                CAN2_TX_IRQHandler
                0x0000000008001510                TIM5_IRQHandler
                0x0000000008001510                DMA2_Stream7_IRQHandler
                0x0000000008001510                I2C3_EV_IRQHandler
                0x0000000008001510                EXTI9_5_IRQHandler
                0x0000000008001510                RTC_WKUP_IRQHandler
                0x0000000008001510                LTDC_IRQHandler
                0x0000000008001510                ETH_WKUP_IRQHandler
                0x0000000008001510                SPDIF_RX_IRQHandler
                0x0000000008001510                SPI2_IRQHandler
                0x0000000008001510                OTG_HS_EP1_IN_IRQHandler
                0x0000000008001510                DMA1_Stream0_IRQHandler
                0x0000000008001510                CAN1_TX_IRQHandler
                0x0000000008001510                EXTI4_IRQHandler
                0x0000000008001510                RNG_IRQHandler
                0x0000000008001510                DSI_IRQHandler
                0x0000000008001510                ETH_IRQHandler
                0x0000000008001510                OTG_HS_EP1_OUT_IRQHandler
                0x0000000008001510                WWDG_IRQHandler
                0x0000000008001510                SPI6_IRQHandler
                0x0000000008001510                MDIOS_IRQHandler
                0x0000000008001510                I2C4_EV_IRQHandler
                0x0000000008001510                CAN3_TX_IRQHandler
                0x0000000008001510                TIM2_IRQHandler
                0x0000000008001510                OTG_FS_WKUP_IRQHandler
                0x0000000008001510                TIM1_TRG_COM_TIM11_IRQHandler
                0x0000000008001510                OTG_HS_IRQHandler
                0x0000000008001510                DMA2D_IRQHandler
                0x0000000008001510                EXTI1_IRQHandler
                0x0000000008001510                SDMMC2_IRQHandler
                0x0000000008001510                UART7_IRQHandler
                0x0000000008001510                USART2_IRQHandler
                0x0000000008001510                DFSDM1_FLT0_IRQHandler
                0x0000000008001510                I2C2_ER_IRQHandler
                0x0000000008001510                DMA2_Stream1_IRQHandler
                0x0000000008001510                CAN1_SCE_IRQHandler
                0x0000000008001510                FLASH_IRQHandler
                0x0000000008001510                DMA2_Stream4_IRQHandler
                0x0000000008001510                USART1_IRQHandler
                0x0000000008001510                OTG_FS_IRQHandler
                0x0000000008001510                SPI3_IRQHandler
                0x0000000008001510                DMA1_Stream4_IRQHandler
                0x0000000008001510                I2C1_ER_IRQHandler
                0x0000000008001510                FMC_IRQHandler
                0x0000000008001510                LPTIM1_IRQHandler
                0x0000000008001510                I2C4_ER_IRQHandler
                0x0000000008001510                DMA2_Stream6_IRQHandler
                0x0000000008001510                SAI1_IRQHandler
                0x0000000008001510                DMA1_Stream3_IRQHandler
 *fill*         0x0000000008001512        0x2 
 .text.HAL_Init
                0x0000000008001514       0x38 Drivers/STM32F7xx_HAL_Driver/Src/stm32f7xx_hal.o
                0x0000000008001514                HAL_Init
 .text.HAL_IncTick
                0x000000000800154c       0x28 Drivers/STM32F7xx_HAL_Driver/Src/stm32f7xx_hal.o
                0x000000000800154c                HAL_IncTick
 .text.HAL_GetTick
                0x0000000008001574       0x18 Drivers/STM32F7xx_HAL_Driver/Src/stm32f7xx_hal.o
                0x0000000008001574                HAL_GetTick
 .text.HAL_Delay
                0x000000000800158c       0x44 Drivers/STM32F7xx_HAL_Driver/Src/stm32f7xx_hal.o
                0x000000000800158c                HAL_Delay
 .text.__NVIC_SetPriorityGrouping
                0x00000000080015d0       0x48 Drivers/STM32F7xx_HAL_Driver/Src/stm32f7xx_hal_cortex.o
 .text.__NVIC_GetPriorityGrouping
                0x0000000008001618       0x1c Drivers/STM32F7xx_HAL_Driver/Src/stm32f7xx_hal_cortex.o
 .text.__NVIC_EnableIRQ
                0x0000000008001634       0x3c Drivers/STM32F7xx_HAL_Driver/Src/stm32f7xx_hal_cortex.o
 .text.__NVIC_SetPriority
                0x0000000008001670       0x54 Drivers/STM32F7xx_HAL_Driver/Src/stm32f7xx_hal_cortex.o
 .text.NVIC_EncodePriority
                0x00000000080016c4       0x66 Drivers/STM32F7xx_HAL_Driver/Src/stm32f7xx_hal_cortex.o
 .text.HAL_NVIC_SetPriorityGrouping
                0x000000000800172a       0x16 Drivers/STM32F7xx_HAL_Driver/Src/stm32f7xx_hal_cortex.o
                0x000000000800172a                HAL_NVIC_SetPriorityGrouping
 .text.HAL_NVIC_SetPriority
                0x0000000008001740       0x38 Drivers/STM32F7xx_HAL_Driver/Src/stm32f7xx_hal_cortex.o
                0x0000000008001740                HAL_NVIC_SetPriority
 .text.HAL_NVIC_EnableIRQ
                0x0000000008001778       0x1c Drivers/STM32F7xx_HAL_Driver/Src/stm32f7xx_hal_cortex.o
                0x0000000008001778                HAL_NVIC_EnableIRQ
 .text.HAL_GPIO_Init
                0x0000000008001794      0x354 Drivers/STM32F7xx_HAL_Driver/Src/stm32f7xx_hal_gpio.o
                0x0000000008001794                HAL_GPIO_Init
 .text.HAL_GPIO_ReadPin
                0x0000000008001ae8       0x30 Drivers/STM32F7xx_HAL_Driver/Src/stm32f7xx_hal_gpio.o
                0x0000000008001ae8                HAL_GPIO_ReadPin
 .text.HAL_GPIO_WritePin
                0x0000000008001b18       0x32 Drivers/STM32F7xx_HAL_Driver/Src/stm32f7xx_hal_gpio.o
                0x0000000008001b18                HAL_GPIO_WritePin
 *fill*         0x0000000008001b4a        0x2 
 .text.HAL_PWR_EnableBkUpAccess
                0x0000000008001b4c       0x20 Drivers/STM32F7xx_HAL_Driver/Src/stm32f7xx_hal_pwr.o
                0x0000000008001b4c                HAL_PWR_EnableBkUpAccess
 .text.HAL_PWREx_EnableOverDrive
                0x0000000008001b6c       0xa0 Drivers/STM32F7xx_HAL_Driver/Src/stm32f7xx_hal_pwr_ex.o
                0x0000000008001b6c                HAL_PWREx_EnableOverDrive
 .text.HAL_RCC_OscConfig
                0x0000000008001c0c      0x4e4 Drivers/STM32F7xx_HAL_Driver/Src/stm32f7xx_hal_rcc.o
                0x0000000008001c0c                HAL_RCC_OscConfig
 .text.HAL_RCC_ClockConfig
                0x00000000080020f0      0x1d0 Drivers/STM32F7xx_HAL_Driver/Src/stm32f7xx_hal_rcc.o
                0x00000000080020f0                HAL_RCC_ClockConfig
 .text.HAL_RCC_GetSysClockFreq
                0x00000000080022c0      0x164 Drivers/STM32F7xx_HAL_Driver/Src/stm32f7xx_hal_rcc.o
                0x00000000080022c0                HAL_RCC_GetSysClockFreq
 .text.HAL_RCC_GetHCLKFreq
                0x0000000008002424       0x18 Drivers/STM32F7xx_HAL_Driver/Src/stm32f7xx_hal_rcc.o
                0x0000000008002424                HAL_RCC_GetHCLKFreq
 .text.HAL_RCC_GetPCLK1Freq
                0x000000000800243c       0x28 Drivers/STM32F7xx_HAL_Driver/Src/stm32f7xx_hal_rcc.o
                0x000000000800243c                HAL_RCC_GetPCLK1Freq
 .text.HAL_RCC_GetPCLK2Freq
                0x0000000008002464       0x28 Drivers/STM32F7xx_HAL_Driver/Src/stm32f7xx_hal_rcc.o
                0x0000000008002464                HAL_RCC_GetPCLK2Freq
 .text.HAL_RCC_GetClockConfig
                0x000000000800248c       0x64 Drivers/STM32F7xx_HAL_Driver/Src/stm32f7xx_hal_rcc.o
                0x000000000800248c                HAL_RCC_GetClockConfig
 .text.HAL_RCCEx_PeriphCLKConfig
                0x00000000080024f0      0x84c Drivers/STM32F7xx_HAL_Driver/Src/stm32f7xx_hal_rcc_ex.o
                0x00000000080024f0                HAL_RCCEx_PeriphCLKConfig
 .text.HAL_SD_Init
                0x0000000008002d3c       0x56 Drivers/STM32F7xx_HAL_Driver/Src/stm32f7xx_hal_sd.o
                0x0000000008002d3c                HAL_SD_Init
 .text.HAL_SD_InitCard
                0x0000000008002d92       0xc8 Drivers/STM32F7xx_HAL_Driver/Src/stm32f7xx_hal_sd.o
                0x0000000008002d92                HAL_SD_InitCard
 .text.HAL_SD_ReadBlocks
                0x0000000008002e5a      0x32c Drivers/STM32F7xx_HAL_Driver/Src/stm32f7xx_hal_sd.o
                0x0000000008002e5a                HAL_SD_ReadBlocks
 .text.HAL_SD_WriteBlocks
                0x0000000008003186      0x2ce Drivers/STM32F7xx_HAL_Driver/Src/stm32f7xx_hal_sd.o
                0x0000000008003186                HAL_SD_WriteBlocks
 .text.HAL_SD_GetCardCSD
                0x0000000008003454      0x450 Drivers/STM32F7xx_HAL_Driver/Src/stm32f7xx_hal_sd.o
                0x0000000008003454                HAL_SD_GetCardCSD
 .text.HAL_SD_GetCardInfo
                0x00000000080038a4       0x58 Drivers/STM32F7xx_HAL_Driver/Src/stm32f7xx_hal_sd.o
                0x00000000080038a4                HAL_SD_GetCardInfo
 .text.HAL_SD_GetCardState
                0x00000000080038fc       0x4a Drivers/STM32F7xx_HAL_Driver/Src/stm32f7xx_hal_sd.o
                0x00000000080038fc                HAL_SD_GetCardState
 .text.SD_InitCard
                0x0000000008003946      0x192 Drivers/STM32F7xx_HAL_Driver/Src/stm32f7xx_hal_sd.o
 .text.SD_PowerON
                0x0000000008003ad8      0x150 Drivers/STM32F7xx_HAL_Driver/Src/stm32f7xx_hal_sd.o
 .text.SD_SendStatus
                0x0000000008003c28       0x54 Drivers/STM32F7xx_HAL_Driver/Src/stm32f7xx_hal_sd.o
 .text.HAL_TIM_Base_Init
                0x0000000008003c7c       0x56 Drivers/STM32F7xx_HAL_Driver/Src/stm32f7xx_hal_tim.o
                0x0000000008003c7c                HAL_TIM_Base_Init
 .text.HAL_TIM_Base_MspInit
                0x0000000008003cd2       0x14 Drivers/STM32F7xx_HAL_Driver/Src/stm32f7xx_hal_tim.o
                0x0000000008003cd2                HAL_TIM_Base_MspInit
 *fill*         0x0000000008003ce6        0x2 
 .text.HAL_TIM_Base_Start_IT
                0x0000000008003ce8       0x54 Drivers/STM32F7xx_HAL_Driver/Src/stm32f7xx_hal_tim.o
                0x0000000008003ce8                HAL_TIM_Base_Start_IT
 .text.HAL_TIM_IRQHandler
                0x0000000008003d3c      0x23e Drivers/STM32F7xx_HAL_Driver/Src/stm32f7xx_hal_tim.o
                0x0000000008003d3c                HAL_TIM_IRQHandler
 .text.HAL_TIM_OC_DelayElapsedCallback
                0x0000000008003f7a       0x14 Drivers/STM32F7xx_HAL_Driver/Src/stm32f7xx_hal_tim.o
                0x0000000008003f7a                HAL_TIM_OC_DelayElapsedCallback
 .text.HAL_TIM_IC_CaptureCallback
                0x0000000008003f8e       0x14 Drivers/STM32F7xx_HAL_Driver/Src/stm32f7xx_hal_tim.o
                0x0000000008003f8e                HAL_TIM_IC_CaptureCallback
 .text.HAL_TIM_PWM_PulseFinishedCallback
                0x0000000008003fa2       0x14 Drivers/STM32F7xx_HAL_Driver/Src/stm32f7xx_hal_tim.o
                0x0000000008003fa2                HAL_TIM_PWM_PulseFinishedCallback
 .text.HAL_TIM_TriggerCallback
                0x0000000008003fb6       0x14 Drivers/STM32F7xx_HAL_Driver/Src/stm32f7xx_hal_tim.o
                0x0000000008003fb6                HAL_TIM_TriggerCallback
 *fill*         0x0000000008003fca        0x2 
 .text.TIM_Base_SetConfig
                0x0000000008003fcc      0x140 Drivers/STM32F7xx_HAL_Driver/Src/stm32f7xx_hal_tim.o
                0x0000000008003fcc                TIM_Base_SetConfig
 .text.HAL_TIMEx_CommutCallback
                0x000000000800410c       0x14 Drivers/STM32F7xx_HAL_Driver/Src/stm32f7xx_hal_tim_ex.o
                0x000000000800410c                HAL_TIMEx_CommutCallback
 .text.HAL_TIMEx_BreakCallback
                0x0000000008004120       0x14 Drivers/STM32F7xx_HAL_Driver/Src/stm32f7xx_hal_tim_ex.o
                0x0000000008004120                HAL_TIMEx_BreakCallback
 .text.HAL_TIMEx_Break2Callback
                0x0000000008004134       0x14 Drivers/STM32F7xx_HAL_Driver/Src/stm32f7xx_hal_tim_ex.o
                0x0000000008004134                HAL_TIMEx_Break2Callback
 .text.HAL_UART_Init
                0x0000000008004148       0x9c Drivers/STM32F7xx_HAL_Driver/Src/stm32f7xx_hal_uart.o
                0x0000000008004148                HAL_UART_Init
 .text.UART_SetConfig
                0x00000000080041e4      0x548 Drivers/STM32F7xx_HAL_Driver/Src/stm32f7xx_hal_uart.o
                0x00000000080041e4                UART_SetConfig
 .text.UART_AdvFeatureConfig
                0x000000000800472c      0x144 Drivers/STM32F7xx_HAL_Driver/Src/stm32f7xx_hal_uart.o
                0x000000000800472c                UART_AdvFeatureConfig
 .text.UART_CheckIdleState
                0x0000000008004870       0x5e Drivers/STM32F7xx_HAL_Driver/Src/stm32f7xx_hal_uart.o
                0x0000000008004870                UART_CheckIdleState
 .text.UART_WaitOnFlagUntilTimeout
                0x00000000080048ce       0x90 Drivers/STM32F7xx_HAL_Driver/Src/stm32f7xx_hal_uart.o
                0x00000000080048ce                UART_WaitOnFlagUntilTimeout
 *fill*         0x000000000800495e        0x2 
 .text.SDMMC_Init
                0x0000000008004960       0x58 Drivers/STM32F7xx_HAL_Driver/Src/stm32f7xx_ll_sdmmc.o
                0x0000000008004960                SDMMC_Init
 .text.SDMMC_ReadFIFO
                0x00000000080049b8       0x1a Drivers/STM32F7xx_HAL_Driver/Src/stm32f7xx_ll_sdmmc.o
                0x00000000080049b8                SDMMC_ReadFIFO
 .text.SDMMC_WriteFIFO
                0x00000000080049d2       0x22 Drivers/STM32F7xx_HAL_Driver/Src/stm32f7xx_ll_sdmmc.o
                0x00000000080049d2                SDMMC_WriteFIFO
 .text.SDMMC_PowerState_ON
                0x00000000080049f4       0x1c Drivers/STM32F7xx_HAL_Driver/Src/stm32f7xx_ll_sdmmc.o
                0x00000000080049f4                SDMMC_PowerState_ON
 .text.SDMMC_GetPowerState
                0x0000000008004a10       0x1c Drivers/STM32F7xx_HAL_Driver/Src/stm32f7xx_ll_sdmmc.o
                0x0000000008004a10                SDMMC_GetPowerState
 .text.SDMMC_SendCommand
                0x0000000008004a2c       0x54 Drivers/STM32F7xx_HAL_Driver/Src/stm32f7xx_ll_sdmmc.o
                0x0000000008004a2c                SDMMC_SendCommand
 .text.SDMMC_GetCommandResponse
                0x0000000008004a80       0x1a Drivers/STM32F7xx_HAL_Driver/Src/stm32f7xx_ll_sdmmc.o
                0x0000000008004a80                SDMMC_GetCommandResponse
 .text.SDMMC_GetResponse
                0x0000000008004a9a       0x2a Drivers/STM32F7xx_HAL_Driver/Src/stm32f7xx_ll_sdmmc.o
                0x0000000008004a9a                SDMMC_GetResponse
 .text.SDMMC_ConfigData
                0x0000000008004ac4       0x58 Drivers/STM32F7xx_HAL_Driver/Src/stm32f7xx_ll_sdmmc.o
                0x0000000008004ac4                SDMMC_ConfigData
 .text.SDMMC_CmdBlockLength
                0x0000000008004b1c       0x48 Drivers/STM32F7xx_HAL_Driver/Src/stm32f7xx_ll_sdmmc.o
                0x0000000008004b1c                SDMMC_CmdBlockLength
 .text.SDMMC_CmdReadSingleBlock
                0x0000000008004b64       0x48 Drivers/STM32F7xx_HAL_Driver/Src/stm32f7xx_ll_sdmmc.o
                0x0000000008004b64                SDMMC_CmdReadSingleBlock
 .text.SDMMC_CmdReadMultiBlock
                0x0000000008004bac       0x48 Drivers/STM32F7xx_HAL_Driver/Src/stm32f7xx_ll_sdmmc.o
                0x0000000008004bac                SDMMC_CmdReadMultiBlock
 .text.SDMMC_CmdWriteSingleBlock
                0x0000000008004bf4       0x48 Drivers/STM32F7xx_HAL_Driver/Src/stm32f7xx_ll_sdmmc.o
                0x0000000008004bf4                SDMMC_CmdWriteSingleBlock
 .text.SDMMC_CmdWriteMultiBlock
                0x0000000008004c3c       0x48 Drivers/STM32F7xx_HAL_Driver/Src/stm32f7xx_ll_sdmmc.o
                0x0000000008004c3c                SDMMC_CmdWriteMultiBlock
 .text.SDMMC_CmdStopTransfer
                0x0000000008004c84       0x48 Drivers/STM32F7xx_HAL_Driver/Src/stm32f7xx_ll_sdmmc.o
                0x0000000008004c84                SDMMC_CmdStopTransfer
 .text.SDMMC_CmdSelDesel
                0x0000000008004ccc       0x4a Drivers/STM32F7xx_HAL_Driver/Src/stm32f7xx_ll_sdmmc.o
                0x0000000008004ccc                SDMMC_CmdSelDesel
 .text.SDMMC_CmdGoIdleState
                0x0000000008004d16       0x40 Drivers/STM32F7xx_HAL_Driver/Src/stm32f7xx_ll_sdmmc.o
                0x0000000008004d16                SDMMC_CmdGoIdleState
 .text.SDMMC_CmdOperCond
                0x0000000008004d56       0x42 Drivers/STM32F7xx_HAL_Driver/Src/stm32f7xx_ll_sdmmc.o
                0x0000000008004d56                SDMMC_CmdOperCond
 .text.SDMMC_CmdAppCommand
                0x0000000008004d98       0x48 Drivers/STM32F7xx_HAL_Driver/Src/stm32f7xx_ll_sdmmc.o
                0x0000000008004d98                SDMMC_CmdAppCommand
 .text.SDMMC_CmdAppOperCommand
                0x0000000008004de0       0x4c Drivers/STM32F7xx_HAL_Driver/Src/stm32f7xx_ll_sdmmc.o
                0x0000000008004de0                SDMMC_CmdAppOperCommand
 .text.SDMMC_CmdSendCID
                0x0000000008004e2c       0x40 Drivers/STM32F7xx_HAL_Driver/Src/stm32f7xx_ll_sdmmc.o
                0x0000000008004e2c                SDMMC_CmdSendCID
 .text.SDMMC_CmdSendCSD
                0x0000000008004e6c       0x42 Drivers/STM32F7xx_HAL_Driver/Src/stm32f7xx_ll_sdmmc.o
                0x0000000008004e6c                SDMMC_CmdSendCSD
 .text.SDMMC_CmdSetRelAdd
                0x0000000008004eae       0x46 Drivers/STM32F7xx_HAL_Driver/Src/stm32f7xx_ll_sdmmc.o
                0x0000000008004eae                SDMMC_CmdSetRelAdd
 .text.SDMMC_CmdSendStatus
                0x0000000008004ef4       0x48 Drivers/STM32F7xx_HAL_Driver/Src/stm32f7xx_ll_sdmmc.o
                0x0000000008004ef4                SDMMC_CmdSendStatus
 .text.SDMMC_GetCmdError
                0x0000000008004f3c       0x54 Drivers/STM32F7xx_HAL_Driver/Src/stm32f7xx_ll_sdmmc.o
 .text.SDMMC_GetCmdResp1
                0x0000000008004f90      0x1cc Drivers/STM32F7xx_HAL_Driver/Src/stm32f7xx_ll_sdmmc.o
 .text.SDMMC_GetCmdResp2
                0x000000000800515c       0x80 Drivers/STM32F7xx_HAL_Driver/Src/stm32f7xx_ll_sdmmc.o
 .text.SDMMC_GetCmdResp3
                0x00000000080051dc       0x68 Drivers/STM32F7xx_HAL_Driver/Src/stm32f7xx_ll_sdmmc.o
 .text.SDMMC_GetCmdResp6
                0x0000000008005244       0xdc Drivers/STM32F7xx_HAL_Driver/Src/stm32f7xx_ll_sdmmc.o
 .text.SDMMC_GetCmdResp7
                0x0000000008005320       0x74 Drivers/STM32F7xx_HAL_Driver/Src/stm32f7xx_ll_sdmmc.o
 .text.MX_FATFS_Init
                0x0000000008005394       0x24 FATFS/App/fatfs.o
                0x0000000008005394                MX_FATFS_Init
 .text.get_fattime
                0x00000000080053b8       0x10 FATFS/App/fatfs.o
                0x00000000080053b8                get_fattime
 .text.BSP_SD_Init
                0x00000000080053c8       0x30 FATFS/Target/bsp_driver_sd.o
                0x00000000080053c8                BSP_SD_Init
 .text.BSP_SD_ReadBlocks
                0x00000000080053f8       0x3c FATFS/Target/bsp_driver_sd.o
                0x00000000080053f8                BSP_SD_ReadBlocks
 .text.BSP_SD_WriteBlocks
                0x0000000008005434       0x3c FATFS/Target/bsp_driver_sd.o
                0x0000000008005434                BSP_SD_WriteBlocks
 .text.BSP_SD_GetCardState
                0x0000000008005470       0x20 FATFS/Target/bsp_driver_sd.o
                0x0000000008005470                BSP_SD_GetCardState
 .text.BSP_SD_GetCardInfo
                0x0000000008005490       0x1c FATFS/Target/bsp_driver_sd.o
                0x0000000008005490                BSP_SD_GetCardInfo
 .text.BSP_SD_IsDetected
                0x00000000080054ac       0x24 FATFS/Target/bsp_driver_sd.o
                0x00000000080054ac                BSP_SD_IsDetected
 .text.BSP_PlatformIsDetected
                0x00000000080054d0       0x2c FATFS/Target/fatfs_platform.o
                0x00000000080054d0                BSP_PlatformIsDetected
 .text.SD_CheckStatus
                0x00000000080054fc       0x3c FATFS/Target/sd_diskio.o
 .text.SD_initialize
                0x0000000008005538       0x3c FATFS/Target/sd_diskio.o
                0x0000000008005538                SD_initialize
 .text.SD_status
                0x0000000008005574       0x1c FATFS/Target/sd_diskio.o
                0x0000000008005574                SD_status
 .text.SD_read  0x0000000008005590       0x42 FATFS/Target/sd_diskio.o
                0x0000000008005590                SD_read
 .text.SD_write
                0x00000000080055d2       0x42 FATFS/Target/sd_diskio.o
                0x00000000080055d2                SD_write
 .text.SD_ioctl
                0x0000000008005614       0xb0 FATFS/Target/sd_diskio.o
                0x0000000008005614                SD_ioctl
 .text.disk_status
                0x00000000080056c4       0x34 Middlewares/Third_Party/FatFs/src/diskio.o
                0x00000000080056c4                disk_status
 .text.disk_initialize
                0x00000000080056f8       0x4c Middlewares/Third_Party/FatFs/src/diskio.o
                0x00000000080056f8                disk_initialize
 .text.disk_read
                0x0000000008005744       0x40 Middlewares/Third_Party/FatFs/src/diskio.o
                0x0000000008005744                disk_read
 .text.disk_write
                0x0000000008005784       0x40 Middlewares/Third_Party/FatFs/src/diskio.o
                0x0000000008005784                disk_write
 .text.disk_ioctl
                0x00000000080057c4       0x3c Middlewares/Third_Party/FatFs/src/diskio.o
                0x00000000080057c4                disk_ioctl
 .text.ld_word  0x0000000008005800       0x30 Middlewares/Third_Party/FatFs/src/ff.o
 .text.ld_dword
                0x0000000008005830       0x46 Middlewares/Third_Party/FatFs/src/ff.o
 .text.st_word  0x0000000008005876       0x36 Middlewares/Third_Party/FatFs/src/ff.o
 .text.st_dword
                0x00000000080058ac       0x58 Middlewares/Third_Party/FatFs/src/ff.o
 .text.mem_cpy  0x0000000008005904       0x42 Middlewares/Third_Party/FatFs/src/ff.o
 .text.mem_set  0x0000000008005946       0x34 Middlewares/Third_Party/FatFs/src/ff.o
 .text.mem_cmp  0x000000000800597a       0x4e Middlewares/Third_Party/FatFs/src/ff.o
 .text.chk_chr  0x00000000080059c8       0x36 Middlewares/Third_Party/FatFs/src/ff.o
 *fill*         0x00000000080059fe        0x2 
 .text.chk_lock
                0x0000000008005a00       0xb8 Middlewares/Third_Party/FatFs/src/ff.o
 .text.enq_lock
                0x0000000008005ab8       0x44 Middlewares/Third_Party/FatFs/src/ff.o
 .text.inc_lock
                0x0000000008005afc      0x11c Middlewares/Third_Party/FatFs/src/ff.o
 .text.dec_lock
                0x0000000008005c18       0x78 Middlewares/Third_Party/FatFs/src/ff.o
 .text.clear_lock
                0x0000000008005c90       0x48 Middlewares/Third_Party/FatFs/src/ff.o
 .text.sync_window
                0x0000000008005cd8       0x88 Middlewares/Third_Party/FatFs/src/ff.o
 .text.move_window
                0x0000000008005d60       0x5a Middlewares/Third_Party/FatFs/src/ff.o
 *fill*         0x0000000008005dba        0x2 
 .text.sync_fs  0x0000000008005dbc       0xdc Middlewares/Third_Party/FatFs/src/ff.o
 .text.clust2sect
                0x0000000008005e98       0x3e Middlewares/Third_Party/FatFs/src/ff.o
 .text.get_fat  0x0000000008005ed6      0x14a Middlewares/Third_Party/FatFs/src/ff.o
 .text.put_fat  0x0000000008006020      0x1ce Middlewares/Third_Party/FatFs/src/ff.o
 .text.remove_chain
                0x00000000080061ee       0xca Middlewares/Third_Party/FatFs/src/ff.o
 .text.create_chain
                0x00000000080062b8      0x130 Middlewares/Third_Party/FatFs/src/ff.o
 .text.clmt_clust
                0x00000000080063e8       0x68 Middlewares/Third_Party/FatFs/src/ff.o
 .text.dir_sdi  0x0000000008006450       0xf6 Middlewares/Third_Party/FatFs/src/ff.o
 .text.dir_next
                0x0000000008006546      0x18a Middlewares/Third_Party/FatFs/src/ff.o
 .text.dir_alloc
                0x00000000080066d0       0x8e Middlewares/Third_Party/FatFs/src/ff.o
 .text.ld_clust
                0x000000000800675e       0x3e Middlewares/Third_Party/FatFs/src/ff.o
 .text.st_clust
                0x000000000800679c       0x40 Middlewares/Third_Party/FatFs/src/ff.o
 .text.cmp_lfn  0x00000000080067dc       0xe0 Middlewares/Third_Party/FatFs/src/ff.o
 .text.put_lfn  0x00000000080068bc       0xd0 Middlewares/Third_Party/FatFs/src/ff.o
 .text.gen_numname
                0x000000000800698c      0x120 Middlewares/Third_Party/FatFs/src/ff.o
 .text.sum_sfn  0x0000000008006aac       0x42 Middlewares/Third_Party/FatFs/src/ff.o
 .text.dir_find
                0x0000000008006aee      0x180 Middlewares/Third_Party/FatFs/src/ff.o
 *fill*         0x0000000008006c6e        0x2 
 .text.dir_register
                0x0000000008006c70      0x1f0 Middlewares/Third_Party/FatFs/src/ff.o
 .text.create_name
                0x0000000008006e60      0x370 Middlewares/Third_Party/FatFs/src/ff.o
 .text.follow_path
                0x00000000080071d0       0xe2 Middlewares/Third_Party/FatFs/src/ff.o
 .text.get_ldnumber
                0x00000000080072b2       0x88 Middlewares/Third_Party/FatFs/src/ff.o
 *fill*         0x000000000800733a        0x2 
 .text.check_fs
                0x000000000800733c       0xac Middlewares/Third_Party/FatFs/src/ff.o
 .text.find_volume
                0x00000000080073e8      0x498 Middlewares/Third_Party/FatFs/src/ff.o
 .text.validate
                0x0000000008007880       0x6a Middlewares/Third_Party/FatFs/src/ff.o
 *fill*         0x00000000080078ea        0x2 
 .text.f_mount  0x00000000080078ec       0x8c Middlewares/Third_Party/FatFs/src/ff.o
                0x00000000080078ec                f_mount
 .text.f_open   0x0000000008007978      0x494 Middlewares/Third_Party/FatFs/src/ff.o
                0x0000000008007978                f_open
 .text.f_sync   0x0000000008007e0c       0xfc Middlewares/Third_Party/FatFs/src/ff.o
                0x0000000008007e0c                f_sync
 .text.f_close  0x0000000008007f08       0x54 Middlewares/Third_Party/FatFs/src/ff.o
                0x0000000008007f08                f_close
 .text.f_lseek  0x0000000008007f5c      0x412 Middlewares/Third_Party/FatFs/src/ff.o
                0x0000000008007f5c                f_lseek
 *fill*         0x000000000800836e        0x2 
 .text.FATFS_LinkDriverEx
                0x0000000008008370       0x98 Middlewares/Third_Party/FatFs/src/ff_gen_drv.o
                0x0000000008008370                FATFS_LinkDriverEx
 .text.FATFS_LinkDriver
                0x0000000008008408       0x1e Middlewares/Third_Party/FatFs/src/ff_gen_drv.o
                0x0000000008008408                FATFS_LinkDriver
 *fill*         0x0000000008008426        0x2 
 .text.ff_convert
                0x0000000008008428       0x78 Middlewares/Third_Party/FatFs/src/option/ccsbcs.o
                0x0000000008008428                ff_convert
 .text.ff_wtoupper
                0x00000000080084a0      0x114 Middlewares/Third_Party/FatFs/src/option/ccsbcs.o
                0x00000000080084a0                ff_wtoupper
 .text.__libc_init_array
                0x00000000080085b4       0x48 d:/st/stm32cubeide_1.1.0/stm32cubeide/plugins/com.st.stm32cube.ide.mcu.externaltools.gnu-tools-for-stm32.7-2018-q2-update.win32_1.0.0.201904181610/tools/bin/../lib/gcc/arm-none-eabi/7.3.1/../../../../arm-none-eabi/lib/thumb/v7e-m/fpv5/hard\libc_nano.a(lib_a-init.o)
                0x00000000080085b4                __libc_init_array
 .text.memset   0x00000000080085fc       0x10 d:/st/stm32cubeide_1.1.0/stm32cubeide/plugins/com.st.stm32cube.ide.mcu.externaltools.gnu-tools-for-stm32.7-2018-q2-update.win32_1.0.0.201904181610/tools/bin/../lib/gcc/arm-none-eabi/7.3.1/../../../../arm-none-eabi/lib/thumb/v7e-m/fpv5/hard\libc_nano.a(lib_a-memset.o)
                0x00000000080085fc                memset
 *(.glue_7)
 .glue_7        0x000000000800860c        0x0 linker stubs
 *(.glue_7t)
 .glue_7t       0x000000000800860c        0x0 linker stubs
 *(.eh_frame)
 .eh_frame      0x000000000800860c        0x0 d:/st/stm32cubeide_1.1.0/stm32cubeide/plugins/com.st.stm32cube.ide.mcu.externaltools.gnu-tools-for-stm32.7-2018-q2-update.win32_1.0.0.201904181610/tools/bin/../lib/gcc/arm-none-eabi/7.3.1/thumb/v7e-m/fpv5/hard/crtbegin.o
 *(.init)
 .init          0x000000000800860c        0x4 d:/st/stm32cubeide_1.1.0/stm32cubeide/plugins/com.st.stm32cube.ide.mcu.externaltools.gnu-tools-for-stm32.7-2018-q2-update.win32_1.0.0.201904181610/tools/bin/../lib/gcc/arm-none-eabi/7.3.1/thumb/v7e-m/fpv5/hard/crti.o
                0x000000000800860c                _init
 .init          0x0000000008008610        0x8 d:/st/stm32cubeide_1.1.0/stm32cubeide/plugins/com.st.stm32cube.ide.mcu.externaltools.gnu-tools-for-stm32.7-2018-q2-update.win32_1.0.0.201904181610/tools/bin/../lib/gcc/arm-none-eabi/7.3.1/thumb/v7e-m/fpv5/hard/crtn.o
 *(.fini)
 .fini          0x0000000008008618        0x4 d:/st/stm32cubeide_1.1.0/stm32cubeide/plugins/com.st.stm32cube.ide.mcu.externaltools.gnu-tools-for-stm32.7-2018-q2-update.win32_1.0.0.201904181610/tools/bin/../lib/gcc/arm-none-eabi/7.3.1/thumb/v7e-m/fpv5/hard/crti.o
                0x0000000008008618                _fini
 .fini          0x000000000800861c        0x8 d:/st/stm32cubeide_1.1.0/stm32cubeide/plugins/com.st.stm32cube.ide.mcu.externaltools.gnu-tools-for-stm32.7-2018-q2-update.win32_1.0.0.201904181610/tools/bin/../lib/gcc/arm-none-eabi/7.3.1/thumb/v7e-m/fpv5/hard/crtn.o
                0x0000000008008624                . = ALIGN (0x4)
                0x0000000008008624                _etext = .

.vfp11_veneer   0x0000000008008624        0x0
 .vfp11_veneer  0x0000000008008624        0x0 linker stubs

.v4_bx          0x0000000008008624        0x0
 .v4_bx         0x0000000008008624        0x0 linker stubs

.iplt           0x0000000008008624        0x0
 .iplt          0x0000000008008624        0x0 d:/st/stm32cubeide_1.1.0/stm32cubeide/plugins/com.st.stm32cube.ide.mcu.externaltools.gnu-tools-for-stm32.7-2018-q2-update.win32_1.0.0.201904181610/tools/bin/../lib/gcc/arm-none-eabi/7.3.1/thumb/v7e-m/fpv5/hard/crtbegin.o

.rodata         0x0000000008008624      0x4f0
                0x0000000008008624                . = ALIGN (0x4)
 *(.rodata)
 .rodata        0x0000000008008624       0x3b Core/Src/main.o
 *fill*         0x000000000800865f        0x1 
 .rodata        0x0000000008008660       0x48 Middlewares/Third_Party/FatFs/src/ff.o
 *(.rodata*)
 .rodata.AHBPrescTable
                0x00000000080086a8       0x10 Core/Src/system_stm32f7xx.o
                0x00000000080086a8                AHBPrescTable
 .rodata.APBPrescTable
                0x00000000080086b8        0x8 Core/Src/system_stm32f7xx.o
                0x00000000080086b8                APBPrescTable
 .rodata.SD_Driver
                0x00000000080086c0       0x14 FATFS/Target/sd_diskio.o
                0x00000000080086c0                SD_Driver
 .rodata.ExCvt  0x00000000080086d4       0x80 Middlewares/Third_Party/FatFs/src/ff.o
 .rodata.LfnOfs
                0x0000000008008754        0xd Middlewares/Third_Party/FatFs/src/ff.o
 *fill*         0x0000000008008761        0x3 
 .rodata.Tbl    0x0000000008008764      0x100 Middlewares/Third_Party/FatFs/src/option/ccsbcs.o
 .rodata.cvt1.10056
                0x0000000008008864      0x1f2 Middlewares/Third_Party/FatFs/src/option/ccsbcs.o
 *fill*         0x0000000008008a56        0x2 
 .rodata.cvt2.10057
                0x0000000008008a58       0xbc Middlewares/Third_Party/FatFs/src/option/ccsbcs.o
                0x0000000008008b14                . = ALIGN (0x4)

.ARM.extab      0x0000000008008b14        0x0
                0x0000000008008b14                . = ALIGN (0x4)
 *(.ARM.extab* .gnu.linkonce.armextab.*)
                0x0000000008008b14                . = ALIGN (0x4)

.ARM            0x0000000008008b14        0x8
                0x0000000008008b14                . = ALIGN (0x4)
                0x0000000008008b14                __exidx_start = .
 *(.ARM.exidx*)
 .ARM.exidx     0x0000000008008b14        0x8 d:/st/stm32cubeide_1.1.0/stm32cubeide/plugins/com.st.stm32cube.ide.mcu.externaltools.gnu-tools-for-stm32.7-2018-q2-update.win32_1.0.0.201904181610/tools/bin/../lib/gcc/arm-none-eabi/7.3.1/thumb/v7e-m/fpv5/hard\libgcc.a(_udivmoddi4.o)
                0x0000000008008b1c                __exidx_end = .
                0x0000000008008b1c                . = ALIGN (0x4)

.rel.dyn        0x0000000008008b1c        0x0
 .rel.iplt      0x0000000008008b1c        0x0 d:/st/stm32cubeide_1.1.0/stm32cubeide/plugins/com.st.stm32cube.ide.mcu.externaltools.gnu-tools-for-stm32.7-2018-q2-update.win32_1.0.0.201904181610/tools/bin/../lib/gcc/arm-none-eabi/7.3.1/thumb/v7e-m/fpv5/hard/crtbegin.o

.preinit_array  0x0000000008008b1c        0x0
                0x0000000008008b1c                . = ALIGN (0x4)
                0x0000000008008b1c                PROVIDE (__preinit_array_start = .)
 *(.preinit_array*)
                0x0000000008008b1c                PROVIDE (__preinit_array_end = .)
                0x0000000008008b1c                . = ALIGN (0x4)

.init_array     0x0000000008008b1c        0x4
                0x0000000008008b1c                . = ALIGN (0x4)
                0x0000000008008b1c                PROVIDE (__init_array_start = .)
 *(SORT_BY_NAME(.init_array.*))
 *(.init_array*)
 .init_array    0x0000000008008b1c        0x4 d:/st/stm32cubeide_1.1.0/stm32cubeide/plugins/com.st.stm32cube.ide.mcu.externaltools.gnu-tools-for-stm32.7-2018-q2-update.win32_1.0.0.201904181610/tools/bin/../lib/gcc/arm-none-eabi/7.3.1/thumb/v7e-m/fpv5/hard/crtbegin.o
                0x0000000008008b20                PROVIDE (__init_array_end = .)
                0x0000000008008b20                . = ALIGN (0x4)

.fini_array     0x0000000008008b20        0x4
                0x0000000008008b20                . = ALIGN (0x4)
                [!provide]                        PROVIDE (__fini_array_start = .)
 *(SORT_BY_NAME(.fini_array.*))
 *(.fini_array*)
 .fini_array    0x0000000008008b20        0x4 d:/st/stm32cubeide_1.1.0/stm32cubeide/plugins/com.st.stm32cube.ide.mcu.externaltools.gnu-tools-for-stm32.7-2018-q2-update.win32_1.0.0.201904181610/tools/bin/../lib/gcc/arm-none-eabi/7.3.1/thumb/v7e-m/fpv5/hard/crtbegin.o
                [!provide]                        PROVIDE (__fini_array_end = .)
                0x0000000008008b24                . = ALIGN (0x4)
                0x0000000008008b24                _sidata = LOADADDR (.data)

.data           0x0000000020000000        0x8 load address 0x0000000008008b24
                0x0000000020000000                . = ALIGN (0x4)
                0x0000000020000000                _sdata = .
 *(.data)
 *(.data*)
 .data.SystemCoreClock
                0x0000000020000000        0x4 Core/Src/system_stm32f7xx.o
                0x0000000020000000                SystemCoreClock
 .data.uwTickFreq
                0x0000000020000004        0x1 Drivers/STM32F7xx_HAL_Driver/Src/stm32f7xx_hal.o
                0x0000000020000004                uwTickFreq
 .data.Stat     0x0000000020000005        0x1 FATFS/Target/sd_diskio.o
                0x0000000020000008                . = ALIGN (0x4)
 *fill*         0x0000000020000006        0x2 
                0x0000000020000008                _edata = .

.igot.plt       0x0000000020000008        0x0 load address 0x0000000008008b2c
 .igot.plt      0x0000000020000008        0x0 d:/st/stm32cubeide_1.1.0/stm32cubeide/plugins/com.st.stm32cube.ide.mcu.externaltools.gnu-tools-for-stm32.7-2018-q2-update.win32_1.0.0.201904181610/tools/bin/../lib/gcc/arm-none-eabi/7.3.1/thumb/v7e-m/fpv5/hard/crtbegin.o
                0x0000000020000008                . = ALIGN (0x4)

.bss            0x0000000020000008      0x604 load address 0x0000000008008b2c
                0x0000000020000008                _sbss = .
                0x0000000020000008                __bss_start__ = _sbss
 *(.bss)
 .bss           0x0000000020000008       0x1c d:/st/stm32cubeide_1.1.0/stm32cubeide/plugins/com.st.stm32cube.ide.mcu.externaltools.gnu-tools-for-stm32.7-2018-q2-update.win32_1.0.0.201904181610/tools/bin/../lib/gcc/arm-none-eabi/7.3.1/thumb/v7e-m/fpv5/hard/crtbegin.o
 *(.bss*)
 .bss.FatFs     0x0000000020000024        0x4 Middlewares/Third_Party/FatFs/src/ff.o
 .bss.Fsid      0x0000000020000028        0x2 Middlewares/Third_Party/FatFs/src/ff.o
 *fill*         0x000000002000002a        0x2 
 .bss.Files     0x000000002000002c       0x20 Middlewares/Third_Party/FatFs/src/ff.o
 .bss.disk      0x000000002000004c        0xc Middlewares/Third_Party/FatFs/src/ff_gen_drv.o
                0x000000002000004c                disk
 *(COMMON)
 COMMON         0x0000000020000058      0x104 Core/Src/main.o
                0x0000000020000058                hsd2
                0x00000000200000dc                huart1
 COMMON         0x000000002000015c       0x40 Core/Src/stm32f7xx_hal_timebase_tim.o
                0x000000002000015c                htim6
 COMMON         0x000000002000019c        0x4 Drivers/STM32F7xx_HAL_Driver/Src/stm32f7xx_hal.o
                0x000000002000019c                uwTick
 COMMON         0x00000000200001a0      0x46c FATFS/App/fatfs.o
                0x00000000200001a0                retSD
                0x00000000200001a4                SDPath
                0x00000000200001a8                SDFile
                0x00000000200003d8                SDFatFS
                0x000000002000060c                . = ALIGN (0x4)
                0x000000002000060c                _ebss = .
                0x000000002000060c                __bss_end__ = _ebss

._user_heap_stack
                0x000000002000060c      0x604 load address 0x0000000008008b2c
                0x0000000020000610                . = ALIGN (0x8)
 *fill*         0x000000002000060c        0x4 
                0x0000000020000610                PROVIDE (end = .)
                [!provide]                        PROVIDE (_end = .)
                0x0000000020000810                . = (. + _Min_Heap_Size)
 *fill*         0x0000000020000610      0x200 
                0x0000000020000c10                . = (. + _Min_Stack_Size)
 *fill*         0x0000000020000810      0x400 
                0x0000000020000c10                . = ALIGN (0x8)

/DISCARD/
 libc.a(*)
 libm.a(*)
 libgcc.a(*)

.ARM.attributes
                0x0000000000000000       0x2e
 *(.ARM.attributes)
 .ARM.attributes
                0x0000000000000000       0x20 d:/st/stm32cubeide_1.1.0/stm32cubeide/plugins/com.st.stm32cube.ide.mcu.externaltools.gnu-tools-for-stm32.7-2018-q2-update.win32_1.0.0.201904181610/tools/bin/../lib/gcc/arm-none-eabi/7.3.1/thumb/v7e-m/fpv5/hard/crti.o
 .ARM.attributes
                0x0000000000000020       0x32 d:/st/stm32cubeide_1.1.0/stm32cubeide/plugins/com.st.stm32cube.ide.mcu.externaltools.gnu-tools-for-stm32.7-2018-q2-update.win32_1.0.0.201904181610/tools/bin/../lib/gcc/arm-none-eabi/7.3.1/thumb/v7e-m/fpv5/hard/crtbegin.o
 .ARM.attributes
                0x0000000000000052       0x37 Core/Src/main.o
 .ARM.attributes
                0x0000000000000089       0x37 Core/Src/stm32f7xx_hal_msp.o
 .ARM.attributes
                0x00000000000000c0       0x37 Core/Src/stm32f7xx_hal_timebase_tim.o
 .ARM.attributes
                0x00000000000000f7       0x37 Core/Src/stm32f7xx_it.o
 .ARM.attributes
                0x000000000000012e       0x37 Core/Src/system_stm32f7xx.o
 .ARM.attributes
                0x0000000000000165       0x21 Core/Startup/startup_stm32f769nihx.o
 .ARM.attributes
                0x0000000000000186       0x37 Drivers/STM32F7xx_HAL_Driver/Src/stm32f7xx_hal.o
 .ARM.attributes
                0x00000000000001bd       0x37 Drivers/STM32F7xx_HAL_Driver/Src/stm32f7xx_hal_cortex.o
 .ARM.attributes
                0x00000000000001f4       0x37 Drivers/STM32F7xx_HAL_Driver/Src/stm32f7xx_hal_gpio.o
 .ARM.attributes
                0x000000000000022b       0x37 Drivers/STM32F7xx_HAL_Driver/Src/stm32f7xx_hal_pwr.o
 .ARM.attributes
                0x0000000000000262       0x37 Drivers/STM32F7xx_HAL_Driver/Src/stm32f7xx_hal_pwr_ex.o
 .ARM.attributes
                0x0000000000000299       0x37 Drivers/STM32F7xx_HAL_Driver/Src/stm32f7xx_hal_rcc.o
 .ARM.attributes
                0x00000000000002d0       0x37 Drivers/STM32F7xx_HAL_Driver/Src/stm32f7xx_hal_rcc_ex.o
 .ARM.attributes
                0x0000000000000307       0x37 Drivers/STM32F7xx_HAL_Driver/Src/stm32f7xx_hal_sd.o
 .ARM.attributes
                0x000000000000033e       0x37 Drivers/STM32F7xx_HAL_Driver/Src/stm32f7xx_hal_tim.o
 .ARM.attributes
                0x0000000000000375       0x37 Drivers/STM32F7xx_HAL_Driver/Src/stm32f7xx_hal_tim_ex.o
 .ARM.attributes
                0x00000000000003ac       0x37 Drivers/STM32F7xx_HAL_Driver/Src/stm32f7xx_hal_uart.o
 .ARM.attributes
                0x00000000000003e3       0x37 Drivers/STM32F7xx_HAL_Driver/Src/stm32f7xx_ll_sdmmc.o
 .ARM.attributes
                0x000000000000041a       0x37 FATFS/App/fatfs.o
 .ARM.attributes
                0x0000000000000451       0x37 FATFS/Target/bsp_driver_sd.o
 .ARM.attributes
                0x0000000000000488       0x37 FATFS/Target/fatfs_platform.o
 .ARM.attributes
                0x00000000000004bf       0x37 FATFS/Target/sd_diskio.o
 .ARM.attributes
                0x00000000000004f6       0x37 Middlewares/Third_Party/FatFs/src/diskio.o
 .ARM.attributes
                0x000000000000052d       0x37 Middlewares/Third_Party/FatFs/src/ff.o
 .ARM.attributes
                0x0000000000000564       0x37 Middlewares/Third_Party/FatFs/src/ff_gen_drv.o
 .ARM.attributes
                0x000000000000059b       0x37 Middlewares/Third_Party/FatFs/src/option/ccsbcs.o
 .ARM.attributes
                0x00000000000005d2       0x32 d:/st/stm32cubeide_1.1.0/stm32cubeide/plugins/com.st.stm32cube.ide.mcu.externaltools.gnu-tools-for-stm32.7-2018-q2-update.win32_1.0.0.201904181610/tools/bin/../lib/gcc/arm-none-eabi/7.3.1/../../../../arm-none-eabi/lib/thumb/v7e-m/fpv5/hard\libc_nano.a(lib_a-init.o)
 .ARM.attributes
                0x0000000000000604       0x32 d:/st/stm32cubeide_1.1.0/stm32cubeide/plugins/com.st.stm32cube.ide.mcu.externaltools.gnu-tools-for-stm32.7-2018-q2-update.win32_1.0.0.201904181610/tools/bin/../lib/gcc/arm-none-eabi/7.3.1/../../../../arm-none-eabi/lib/thumb/v7e-m/fpv5/hard\libc_nano.a(lib_a-memset.o)
 .ARM.attributes
                0x0000000000000636       0x20 d:/st/stm32cubeide_1.1.0/stm32cubeide/plugins/com.st.stm32cube.ide.mcu.externaltools.gnu-tools-for-stm32.7-2018-q2-update.win32_1.0.0.201904181610/tools/bin/../lib/gcc/arm-none-eabi/7.3.1/thumb/v7e-m/fpv5/hard\libgcc.a(_aeabi_uldivmod.o)
 .ARM.attributes
                0x0000000000000656       0x32 d:/st/stm32cubeide_1.1.0/stm32cubeide/plugins/com.st.stm32cube.ide.mcu.externaltools.gnu-tools-for-stm32.7-2018-q2-update.win32_1.0.0.201904181610/tools/bin/../lib/gcc/arm-none-eabi/7.3.1/thumb/v7e-m/fpv5/hard\libgcc.a(_udivmoddi4.o)
 .ARM.attributes
                0x0000000000000688       0x20 d:/st/stm32cubeide_1.1.0/stm32cubeide/plugins/com.st.stm32cube.ide.mcu.externaltools.gnu-tools-for-stm32.7-2018-q2-update.win32_1.0.0.201904181610/tools/bin/../lib/gcc/arm-none-eabi/7.3.1/thumb/v7e-m/fpv5/hard\libgcc.a(_dvmd_tls.o)
 .ARM.attributes
                0x00000000000006a8       0x20 d:/st/stm32cubeide_1.1.0/stm32cubeide/plugins/com.st.stm32cube.ide.mcu.externaltools.gnu-tools-for-stm32.7-2018-q2-update.win32_1.0.0.201904181610/tools/bin/../lib/gcc/arm-none-eabi/7.3.1/thumb/v7e-m/fpv5/hard/crtn.o
OUTPUT(STM32F769_SDCARD_demo.elf elf32-littlearm)

.debug_info     0x0000000000000000    0x18ddd
 .debug_info    0x0000000000000000     0x28a1 Core/Src/main.o
 .debug_info    0x00000000000028a1     0x1108 Core/Src/stm32f7xx_hal_msp.o
 .debug_info    0x00000000000039a9      0xc49 Core/Src/stm32f7xx_hal_timebase_tim.o
 .debug_info    0x00000000000045f2      0x738 Core/Src/stm32f7xx_it.o
 .debug_info    0x0000000000004d2a      0x73d Core/Src/system_stm32f7xx.o
 .debug_info    0x0000000000005467       0x22 Core/Startup/startup_stm32f769nihx.o
 .debug_info    0x0000000000005489      0xaac Drivers/STM32F7xx_HAL_Driver/Src/stm32f7xx_hal.o
 .debug_info    0x0000000000005f35     0x1092 Drivers/STM32F7xx_HAL_Driver/Src/stm32f7xx_hal_cortex.o
 .debug_info    0x0000000000006fc7      0x7e9 Drivers/STM32F7xx_HAL_Driver/Src/stm32f7xx_hal_gpio.o
 .debug_info    0x00000000000077b0      0x9b4 Drivers/STM32F7xx_HAL_Driver/Src/stm32f7xx_hal_pwr.o
 .debug_info    0x0000000000008164      0x96b Drivers/STM32F7xx_HAL_Driver/Src/stm32f7xx_hal_pwr_ex.o
 .debug_info    0x0000000000008acf      0x987 Drivers/STM32F7xx_HAL_Driver/Src/stm32f7xx_hal_rcc.o
 .debug_info    0x0000000000009456      0x7d1 Drivers/STM32F7xx_HAL_Driver/Src/stm32f7xx_hal_rcc_ex.o
 .debug_info    0x0000000000009c27     0x17c8 Drivers/STM32F7xx_HAL_Driver/Src/stm32f7xx_hal_sd.o
 .debug_info    0x000000000000b3ef     0x25ba Drivers/STM32F7xx_HAL_Driver/Src/stm32f7xx_hal_tim.o
 .debug_info    0x000000000000d9a9     0x1307 Drivers/STM32F7xx_HAL_Driver/Src/stm32f7xx_hal_tim_ex.o
 .debug_info    0x000000000000ecb0     0x1639 Drivers/STM32F7xx_HAL_Driver/Src/stm32f7xx_hal_uart.o
 .debug_info    0x00000000000102e9     0x10bd Drivers/STM32F7xx_HAL_Driver/Src/stm32f7xx_ll_sdmmc.o
 .debug_info    0x00000000000113a6      0xda3 FATFS/App/fatfs.o
 .debug_info    0x0000000000012149      0xa74 FATFS/Target/bsp_driver_sd.o
 .debug_info    0x0000000000012bbd      0x265 FATFS/Target/fatfs_platform.o
 .debug_info    0x0000000000012e22      0xd14 FATFS/Target/sd_diskio.o
 .debug_info    0x0000000000013b36      0xcdc Middlewares/Third_Party/FatFs/src/diskio.o
 .debug_info    0x0000000000014812     0x2e90 Middlewares/Third_Party/FatFs/src/ff.o
 .debug_info    0x00000000000176a2      0xc74 Middlewares/Third_Party/FatFs/src/ff_gen_drv.o
 .debug_info    0x0000000000018316      0xac7 Middlewares/Third_Party/FatFs/src/option/ccsbcs.o

.debug_abbrev   0x0000000000000000     0x31b3
 .debug_abbrev  0x0000000000000000      0x38b Core/Src/main.o
 .debug_abbrev  0x000000000000038b      0x1a4 Core/Src/stm32f7xx_hal_msp.o
 .debug_abbrev  0x000000000000052f      0x19d Core/Src/stm32f7xx_hal_timebase_tim.o
 .debug_abbrev  0x00000000000006cc      0x15a Core/Src/stm32f7xx_it.o
 .debug_abbrev  0x0000000000000826      0x147 Core/Src/system_stm32f7xx.o
 .debug_abbrev  0x000000000000096d       0x12 Core/Startup/startup_stm32f769nihx.o
 .debug_abbrev  0x000000000000097f      0x1c7 Drivers/STM32F7xx_HAL_Driver/Src/stm32f7xx_hal.o
 .debug_abbrev  0x0000000000000b46      0x2fa Drivers/STM32F7xx_HAL_Driver/Src/stm32f7xx_hal_cortex.o
 .debug_abbrev  0x0000000000000e40      0x1c9 Drivers/STM32F7xx_HAL_Driver/Src/stm32f7xx_hal_gpio.o
 .debug_abbrev  0x0000000000001009      0x1b6 Drivers/STM32F7xx_HAL_Driver/Src/stm32f7xx_hal_pwr.o
 .debug_abbrev  0x00000000000011bf      0x1b8 Drivers/STM32F7xx_HAL_Driver/Src/stm32f7xx_hal_pwr_ex.o
 .debug_abbrev  0x0000000000001377      0x268 Drivers/STM32F7xx_HAL_Driver/Src/stm32f7xx_hal_rcc.o
 .debug_abbrev  0x00000000000015df      0x1ad Drivers/STM32F7xx_HAL_Driver/Src/stm32f7xx_hal_rcc_ex.o
 .debug_abbrev  0x000000000000178c      0x23d Drivers/STM32F7xx_HAL_Driver/Src/stm32f7xx_hal_sd.o
 .debug_abbrev  0x00000000000019c9      0x230 Drivers/STM32F7xx_HAL_Driver/Src/stm32f7xx_hal_tim.o
 .debug_abbrev  0x0000000000001bf9      0x21e Drivers/STM32F7xx_HAL_Driver/Src/stm32f7xx_hal_tim_ex.o
 .debug_abbrev  0x0000000000001e17      0x205 Drivers/STM32F7xx_HAL_Driver/Src/stm32f7xx_hal_uart.o
 .debug_abbrev  0x000000000000201c      0x1cd Drivers/STM32F7xx_HAL_Driver/Src/stm32f7xx_ll_sdmmc.o
 .debug_abbrev  0x00000000000021e9      0x1df FATFS/App/fatfs.o
 .debug_abbrev  0x00000000000023c8      0x234 FATFS/Target/bsp_driver_sd.o
 .debug_abbrev  0x00000000000025fc       0xf7 FATFS/Target/fatfs_platform.o
 .debug_abbrev  0x00000000000026f3      0x1fa FATFS/Target/sd_diskio.o
 .debug_abbrev  0x00000000000028ed      0x209 Middlewares/Third_Party/FatFs/src/diskio.o
 .debug_abbrev  0x0000000000002af6      0x298 Middlewares/Third_Party/FatFs/src/ff.o
 .debug_abbrev  0x0000000000002d8e      0x236 Middlewares/Third_Party/FatFs/src/ff_gen_drv.o
 .debug_abbrev  0x0000000000002fc4      0x1ef Middlewares/Third_Party/FatFs/src/option/ccsbcs.o

.debug_aranges  0x0000000000000000     0x1408
 .debug_aranges
                0x0000000000000000       0x68 Core/Src/main.o
 .debug_aranges
                0x0000000000000068       0x40 Core/Src/stm32f7xx_hal_msp.o
 .debug_aranges
                0x00000000000000a8       0x30 Core/Src/stm32f7xx_hal_timebase_tim.o
 .debug_aranges
                0x00000000000000d8       0x68 Core/Src/stm32f7xx_it.o
 .debug_aranges
                0x0000000000000140       0x28 Core/Src/system_stm32f7xx.o
 .debug_aranges
                0x0000000000000168       0x28 Core/Startup/startup_stm32f769nihx.o
 .debug_aranges
                0x0000000000000190      0x110 Drivers/STM32F7xx_HAL_Driver/Src/stm32f7xx_hal.o
 .debug_aranges
                0x00000000000002a0      0x118 Drivers/STM32F7xx_HAL_Driver/Src/stm32f7xx_hal_cortex.o
 .debug_aranges
                0x00000000000003b8       0x58 Drivers/STM32F7xx_HAL_Driver/Src/stm32f7xx_hal_gpio.o
 .debug_aranges
                0x0000000000000410       0xa0 Drivers/STM32F7xx_HAL_Driver/Src/stm32f7xx_hal_pwr.o
 .debug_aranges
                0x00000000000004b0       0x80 Drivers/STM32F7xx_HAL_Driver/Src/stm32f7xx_hal_pwr_ex.o
 .debug_aranges
                0x0000000000000530       0x88 Drivers/STM32F7xx_HAL_Driver/Src/stm32f7xx_hal_rcc.o
 .debug_aranges
                0x00000000000005b8       0x50 Drivers/STM32F7xx_HAL_Driver/Src/stm32f7xx_hal_rcc_ex.o
 .debug_aranges
                0x0000000000000608      0x168 Drivers/STM32F7xx_HAL_Driver/Src/stm32f7xx_hal_sd.o
 .debug_aranges
                0x0000000000000770      0x3b8 Drivers/STM32F7xx_HAL_Driver/Src/stm32f7xx_hal_tim.o
 .debug_aranges
                0x0000000000000b28      0x168 Drivers/STM32F7xx_HAL_Driver/Src/stm32f7xx_hal_tim_ex.o
 .debug_aranges
                0x0000000000000c90      0x1f8 Drivers/STM32F7xx_HAL_Driver/Src/stm32f7xx_hal_uart.o
 .debug_aranges
                0x0000000000000e88      0x178 Drivers/STM32F7xx_HAL_Driver/Src/stm32f7xx_ll_sdmmc.o
 .debug_aranges
                0x0000000000001000       0x28 FATFS/App/fatfs.o
 .debug_aranges
                0x0000000000001028       0x98 FATFS/Target/bsp_driver_sd.o
 .debug_aranges
                0x00000000000010c0       0x20 FATFS/Target/fatfs_platform.o
 .debug_aranges
                0x00000000000010e0       0x48 FATFS/Target/sd_diskio.o
 .debug_aranges
                0x0000000000001128       0x48 Middlewares/Third_Party/FatFs/src/diskio.o
 .debug_aranges
                0x0000000000001170      0x230 Middlewares/Third_Party/FatFs/src/ff.o
 .debug_aranges
                0x00000000000013a0       0x40 Middlewares/Third_Party/FatFs/src/ff_gen_drv.o
 .debug_aranges
                0x00000000000013e0       0x28 Middlewares/Third_Party/FatFs/src/option/ccsbcs.o

.debug_ranges   0x0000000000000000     0x1288
 .debug_ranges  0x0000000000000000       0x70 Core/Src/main.o
 .debug_ranges  0x0000000000000070       0x30 Core/Src/stm32f7xx_hal_msp.o
 .debug_ranges  0x00000000000000a0       0x20 Core/Src/stm32f7xx_hal_timebase_tim.o
 .debug_ranges  0x00000000000000c0       0x58 Core/Src/stm32f7xx_it.o
 .debug_ranges  0x0000000000000118       0x18 Core/Src/system_stm32f7xx.o
 .debug_ranges  0x0000000000000130       0x20 Core/Startup/startup_stm32f769nihx.o
 .debug_ranges  0x0000000000000150      0x100 Drivers/STM32F7xx_HAL_Driver/Src/stm32f7xx_hal.o
 .debug_ranges  0x0000000000000250      0x108 Drivers/STM32F7xx_HAL_Driver/Src/stm32f7xx_hal_cortex.o
 .debug_ranges  0x0000000000000358       0x48 Drivers/STM32F7xx_HAL_Driver/Src/stm32f7xx_hal_gpio.o
 .debug_ranges  0x00000000000003a0       0x90 Drivers/STM32F7xx_HAL_Driver/Src/stm32f7xx_hal_pwr.o
 .debug_ranges  0x0000000000000430       0x70 Drivers/STM32F7xx_HAL_Driver/Src/stm32f7xx_hal_pwr_ex.o
 .debug_ranges  0x00000000000004a0       0x78 Drivers/STM32F7xx_HAL_Driver/Src/stm32f7xx_hal_rcc.o
 .debug_ranges  0x0000000000000518       0x40 Drivers/STM32F7xx_HAL_Driver/Src/stm32f7xx_hal_rcc_ex.o
 .debug_ranges  0x0000000000000558      0x158 Drivers/STM32F7xx_HAL_Driver/Src/stm32f7xx_hal_sd.o
 .debug_ranges  0x00000000000006b0      0x3a8 Drivers/STM32F7xx_HAL_Driver/Src/stm32f7xx_hal_tim.o
 .debug_ranges  0x0000000000000a58      0x158 Drivers/STM32F7xx_HAL_Driver/Src/stm32f7xx_hal_tim_ex.o
 .debug_ranges  0x0000000000000bb0      0x1e8 Drivers/STM32F7xx_HAL_Driver/Src/stm32f7xx_hal_uart.o
 .debug_ranges  0x0000000000000d98      0x168 Drivers/STM32F7xx_HAL_Driver/Src/stm32f7xx_ll_sdmmc.o
 .debug_ranges  0x0000000000000f00       0x18 FATFS/App/fatfs.o
 .debug_ranges  0x0000000000000f18       0x88 FATFS/Target/bsp_driver_sd.o
 .debug_ranges  0x0000000000000fa0       0x10 FATFS/Target/fatfs_platform.o
 .debug_ranges  0x0000000000000fb0       0x38 FATFS/Target/sd_diskio.o
 .debug_ranges  0x0000000000000fe8       0x38 Middlewares/Third_Party/FatFs/src/diskio.o
 .debug_ranges  0x0000000000001020      0x220 Middlewares/Third_Party/FatFs/src/ff.o
 .debug_ranges  0x0000000000001240       0x30 Middlewares/Third_Party/FatFs/src/ff_gen_drv.o
 .debug_ranges  0x0000000000001270       0x18 Middlewares/Third_Party/FatFs/src/option/ccsbcs.o

.debug_macro    0x0000000000000000    0x2fc0d
 .debug_macro   0x0000000000000000      0x33b Core/Src/main.o
 .debug_macro   0x000000000000033b      0xa66 Core/Src/main.o
 .debug_macro   0x0000000000000da1      0x18f Core/Src/main.o
 .debug_macro   0x0000000000000f30       0x2e Core/Src/main.o
 .debug_macro   0x0000000000000f5e       0x3b Core/Src/main.o
 .debug_macro   0x0000000000000f99       0x22 Core/Src/main.o
 .debug_macro   0x0000000000000fbb       0x8e Core/Src/main.o
 .debug_macro   0x0000000000001049       0x51 Core/Src/main.o
 .debug_macro   0x000000000000109a       0xef Core/Src/main.o
 .debug_macro   0x0000000000001189       0x6a Core/Src/main.o
 .debug_macro   0x00000000000011f3      0x1df Core/Src/main.o
 .debug_macro   0x00000000000013d2       0x1c Core/Src/main.o
 .debug_macro   0x00000000000013ee       0x22 Core/Src/main.o
 .debug_macro   0x0000000000001410       0xdf Core/Src/main.o
 .debug_macro   0x00000000000014ef     0x12cd Core/Src/main.o
 .debug_macro   0x00000000000027bc      0x11f Core/Src/main.o
 .debug_macro   0x00000000000028db       0x19 Core/Src/main.o
 .debug_macro   0x00000000000028f4    0x1fad7 Core/Src/main.o
 .debug_macro   0x00000000000223cb       0x43 Core/Src/main.o
 .debug_macro   0x000000000002240e     0x363d Core/Src/main.o
 .debug_macro   0x0000000000025a4b      0x174 Core/Src/main.o
 .debug_macro   0x0000000000025bbf       0x61 Core/Src/main.o
 .debug_macro   0x0000000000025c20     0x1b3f Core/Src/main.o
 .debug_macro   0x000000000002775f      0x6c4 Core/Src/main.o
 .debug_macro   0x0000000000027e23      0x109 Core/Src/main.o
 .debug_macro   0x0000000000027f2c      0x117 Core/Src/main.o
 .debug_macro   0x0000000000028043      0x276 Core/Src/main.o
 .debug_macro   0x00000000000282b9       0x27 Core/Src/main.o
 .debug_macro   0x00000000000282e0      0x24f Core/Src/main.o
 .debug_macro   0x000000000002852f       0x71 Core/Src/main.o
 .debug_macro   0x00000000000285a0       0x58 Core/Src/main.o
 .debug_macro   0x00000000000285f8      0x236 Core/Src/main.o
 .debug_macro   0x000000000002882e      0x14f Core/Src/main.o
 .debug_macro   0x000000000002897d      0x3dc Core/Src/main.o
 .debug_macro   0x0000000000028d59       0x12 Core/Src/main.o
 .debug_macro   0x0000000000028d6b      0x22c Core/Src/main.o
 .debug_macro   0x0000000000028f97       0x61 Core/Src/main.o
 .debug_macro   0x0000000000028ff8       0xa5 Core/Src/main.o
 .debug_macro   0x000000000002909d      0x12f Core/Src/main.o
 .debug_macro   0x00000000000291cc      0x108 Core/Src/main.o
 .debug_macro   0x00000000000292d4       0x35 Core/Src/main.o
 .debug_macro   0x0000000000029309      0x757 Core/Src/main.o
 .debug_macro   0x0000000000029a60      0x19f Core/Src/main.o
 .debug_macro   0x0000000000029bff      0x9f0 Core/Src/main.o
 .debug_macro   0x000000000002a5ef       0xa9 Core/Src/main.o
 .debug_macro   0x000000000002a698      0x519 Core/Src/main.o
 .debug_macro   0x000000000002abb1       0x44 Core/Src/main.o
 .debug_macro   0x000000000002abf5      0x15c Core/Src/main.o
 .debug_macro   0x000000000002ad51      0x82d Core/Src/main.o
 .debug_macro   0x000000000002b57e       0x1c Core/Src/main.o
 .debug_macro   0x000000000002b59a       0x3a Core/Src/main.o
 .debug_macro   0x000000000002b5d4       0xe5 Core/Src/main.o
 .debug_macro   0x000000000002b6b9       0x17 Core/Src/main.o
 .debug_macro   0x000000000002b6d0       0x46 Core/Src/main.o
 .debug_macro   0x000000000002b716       0x3c Core/Src/main.o
 .debug_macro   0x000000000002b752       0x34 Core/Src/main.o
 .debug_macro   0x000000000002b786       0x16 Core/Src/main.o
 .debug_macro   0x000000000002b79c       0x35 Core/Src/main.o
 .debug_macro   0x000000000002b7d1       0x52 Core/Src/main.o
 .debug_macro   0x000000000002b823       0x1f Core/Src/main.o
 .debug_macro   0x000000000002b842       0x43 Core/Src/main.o
 .debug_macro   0x000000000002b885       0x20 Core/Src/main.o
 .debug_macro   0x000000000002b8a5      0x1a3 Core/Src/main.o
 .debug_macro   0x000000000002ba48      0x32a Core/Src/main.o
 .debug_macro   0x000000000002bd72       0x16 Core/Src/main.o
 .debug_macro   0x000000000002bd88       0x29 Core/Src/main.o
 .debug_macro   0x000000000002bdb1       0x12 Core/Src/main.o
 .debug_macro   0x000000000002bdc3       0xe2 Core/Src/main.o
 .debug_macro   0x000000000002bea5       0x8e Core/Src/main.o
 .debug_macro   0x000000000002bf33      0x20b Core/Src/stm32f7xx_hal_msp.o
 .debug_macro   0x000000000002c13e      0x1fc Core/Src/stm32f7xx_hal_timebase_tim.o
 .debug_macro   0x000000000002c33a      0x215 Core/Src/stm32f7xx_it.o
 .debug_macro   0x000000000002c54f      0x202 Core/Src/system_stm32f7xx.o
 .debug_macro   0x000000000002c751      0x220 Drivers/STM32F7xx_HAL_Driver/Src/stm32f7xx_hal.o
 .debug_macro   0x000000000002c971      0x1fc Drivers/STM32F7xx_HAL_Driver/Src/stm32f7xx_hal_cortex.o
 .debug_macro   0x000000000002cb6d      0x232 Drivers/STM32F7xx_HAL_Driver/Src/stm32f7xx_hal_gpio.o
 .debug_macro   0x000000000002cd9f      0x21a Drivers/STM32F7xx_HAL_Driver/Src/stm32f7xx_hal_pwr.o
 .debug_macro   0x000000000002cfb9      0x214 Drivers/STM32F7xx_HAL_Driver/Src/stm32f7xx_hal_pwr_ex.o
 .debug_macro   0x000000000002d1cd      0x220 Drivers/STM32F7xx_HAL_Driver/Src/stm32f7xx_hal_rcc.o
 .debug_macro   0x000000000002d3ed      0x1fc Drivers/STM32F7xx_HAL_Driver/Src/stm32f7xx_hal_rcc_ex.o
 .debug_macro   0x000000000002d5e9      0x1fd Drivers/STM32F7xx_HAL_Driver/Src/stm32f7xx_hal_sd.o
 .debug_macro   0x000000000002d7e6      0x1fd Drivers/STM32F7xx_HAL_Driver/Src/stm32f7xx_hal_tim.o
 .debug_macro   0x000000000002d9e3      0x1fc Drivers/STM32F7xx_HAL_Driver/Src/stm32f7xx_hal_tim_ex.o
 .debug_macro   0x000000000002dbdf      0x219 Drivers/STM32F7xx_HAL_Driver/Src/stm32f7xx_hal_uart.o
 .debug_macro   0x000000000002ddf8      0x1fd Drivers/STM32F7xx_HAL_Driver/Src/stm32f7xx_ll_sdmmc.o
 .debug_macro   0x000000000002dff5      0x33b FATFS/App/fatfs.o
 .debug_macro   0x000000000002e330      0x214 FATFS/Target/bsp_driver_sd.o
 .debug_macro   0x000000000002e544      0x205 FATFS/Target/fatfs_platform.o
 .debug_macro   0x000000000002e749      0x33e FATFS/Target/sd_diskio.o
 .debug_macro   0x000000000002ea87       0x16 FATFS/Target/sd_diskio.o
 .debug_macro   0x000000000002ea9d       0x7c FATFS/Target/sd_diskio.o
 .debug_macro   0x000000000002eb19      0x328 Middlewares/Third_Party/FatFs/src/diskio.o
 .debug_macro   0x000000000002ee41      0x736 Middlewares/Third_Party/FatFs/src/ff.o
 .debug_macro   0x000000000002f577       0x58 Middlewares/Third_Party/FatFs/src/ff.o
 .debug_macro   0x000000000002f5cf      0x328 Middlewares/Third_Party/FatFs/src/ff_gen_drv.o
 .debug_macro   0x000000000002f8f7      0x316 Middlewares/Third_Party/FatFs/src/option/ccsbcs.o

.debug_line     0x0000000000000000    0x11e0e
 .debug_line    0x0000000000000000      0xbe1 Core/Src/main.o
 .debug_line    0x0000000000000be1      0x794 Core/Src/stm32f7xx_hal_msp.o
 .debug_line    0x0000000000001375      0x74e Core/Src/stm32f7xx_hal_timebase_tim.o
 .debug_line    0x0000000000001ac3      0x7cf Core/Src/stm32f7xx_it.o
 .debug_line    0x0000000000002292      0x739 Core/Src/system_stm32f7xx.o
 .debug_line    0x00000000000029cb       0x86 Core/Startup/startup_stm32f769nihx.o
 .debug_line    0x0000000000002a51      0x963 Drivers/STM32F7xx_HAL_Driver/Src/stm32f7xx_hal.o
 .debug_line    0x00000000000033b4      0xa43 Drivers/STM32F7xx_HAL_Driver/Src/stm32f7xx_hal_cortex.o
 .debug_line    0x0000000000003df7      0x927 Drivers/STM32F7xx_HAL_Driver/Src/stm32f7xx_hal_gpio.o
 .debug_line    0x000000000000471e      0x887 Drivers/STM32F7xx_HAL_Driver/Src/stm32f7xx_hal_pwr.o
 .debug_line    0x0000000000004fa5      0x863 Drivers/STM32F7xx_HAL_Driver/Src/stm32f7xx_hal_pwr_ex.o
 .debug_line    0x0000000000005808      0x9b5 Drivers/STM32F7xx_HAL_Driver/Src/stm32f7xx_hal_rcc.o
 .debug_line    0x00000000000061bd      0x943 Drivers/STM32F7xx_HAL_Driver/Src/stm32f7xx_hal_rcc_ex.o
 .debug_line    0x0000000000006b00      0xf0e Drivers/STM32F7xx_HAL_Driver/Src/stm32f7xx_hal_sd.o
 .debug_line    0x0000000000007a0e     0x1a47 Drivers/STM32F7xx_HAL_Driver/Src/stm32f7xx_hal_tim.o
 .debug_line    0x0000000000009455      0xdf6 Drivers/STM32F7xx_HAL_Driver/Src/stm32f7xx_hal_tim_ex.o
 .debug_line    0x000000000000a24b     0x1225 Drivers/STM32F7xx_HAL_Driver/Src/stm32f7xx_hal_uart.o
 .debug_line    0x000000000000b470      0xb93 Drivers/STM32F7xx_HAL_Driver/Src/stm32f7xx_ll_sdmmc.o
 .debug_line    0x000000000000c003      0x917 FATFS/App/fatfs.o
 .debug_line    0x000000000000c91a      0x855 FATFS/Target/bsp_driver_sd.o
 .debug_line    0x000000000000d16f      0x726 FATFS/Target/fatfs_platform.o
 .debug_line    0x000000000000d895      0x986 FATFS/Target/sd_diskio.o
 .debug_line    0x000000000000e21b      0x943 Middlewares/Third_Party/FatFs/src/diskio.o
 .debug_line    0x000000000000eb5e     0x2000 Middlewares/Third_Party/FatFs/src/ff.o
 .debug_line    0x0000000000010b5e      0x941 Middlewares/Third_Party/FatFs/src/ff_gen_drv.o
 .debug_line    0x000000000001149f      0x96f Middlewares/Third_Party/FatFs/src/option/ccsbcs.o

.debug_str      0x0000000000000000   0x119955
 .debug_str     0x0000000000000000   0x1143b5 Core/Src/main.o
                                     0x114cb1 (size before relaxing)
 .debug_str     0x00000000001143b5      0x6a9 Core/Src/stm32f7xx_hal_msp.o
                                     0x111058 (size before relaxing)
 .debug_str     0x0000000000114a5e       0xaa Core/Src/stm32f7xx_hal_timebase_tim.o
                                     0x10f19b (size before relaxing)
 .debug_str     0x0000000000114b08       0xd0 Core/Src/stm32f7xx_it.o
                                     0x1106f6 (size before relaxing)
 .debug_str     0x0000000000114bd8       0x70 Core/Src/system_stm32f7xx.o
                                     0x10e752 (size before relaxing)
 .debug_str     0x0000000000114c48       0x36 Core/Startup/startup_stm32f769nihx.o
                                         0x6b (size before relaxing)
 .debug_str     0x0000000000114c7e      0x392 Drivers/STM32F7xx_HAL_Driver/Src/stm32f7xx_hal.o
                                     0x10f0ff (size before relaxing)
 .debug_str     0x0000000000115010      0x383 Drivers/STM32F7xx_HAL_Driver/Src/stm32f7xx_hal_cortex.o
                                     0x10f150 (size before relaxing)
 .debug_str     0x0000000000115393      0x244 Drivers/STM32F7xx_HAL_Driver/Src/stm32f7xx_hal_gpio.o
                                     0x10e928 (size before relaxing)
 .debug_str     0x00000000001155d7      0x2c5 Drivers/STM32F7xx_HAL_Driver/Src/stm32f7xx_hal_pwr.o
                                     0x10ea0a (size before relaxing)
 .debug_str     0x000000000011589c      0x1bd Drivers/STM32F7xx_HAL_Driver/Src/stm32f7xx_hal_pwr_ex.o
                                     0x10e9cc (size before relaxing)
 .debug_str     0x0000000000115a59      0x247 Drivers/STM32F7xx_HAL_Driver/Src/stm32f7xx_hal_rcc.o
                                     0x10ea7b (size before relaxing)
 .debug_str     0x0000000000115ca0      0x161 Drivers/STM32F7xx_HAL_Driver/Src/stm32f7xx_hal_rcc_ex.o
                                     0x10ea3b (size before relaxing)
 .debug_str     0x0000000000115e01      0x771 Drivers/STM32F7xx_HAL_Driver/Src/stm32f7xx_hal_sd.o
                                     0x10f1eb (size before relaxing)
 .debug_str     0x0000000000116572      0xd8d Drivers/STM32F7xx_HAL_Driver/Src/stm32f7xx_hal_tim.o
                                     0x10f7de (size before relaxing)
 .debug_str     0x00000000001172ff      0x601 Drivers/STM32F7xx_HAL_Driver/Src/stm32f7xx_hal_tim_ex.o
                                     0x10f0f1 (size before relaxing)
 .debug_str     0x0000000000117900      0x77d Drivers/STM32F7xx_HAL_Driver/Src/stm32f7xx_hal_uart.o
                                     0x10f240 (size before relaxing)
 .debug_str     0x000000000011807d      0x445 Drivers/STM32F7xx_HAL_Driver/Src/stm32f7xx_ll_sdmmc.o
                                     0x10eae8 (size before relaxing)
 .debug_str     0x00000000001184c2       0x2f FATFS/App/fatfs.o
                                     0x113b16 (size before relaxing)
 .debug_str     0x00000000001184f1      0x154 FATFS/Target/bsp_driver_sd.o
                                     0x10ed62 (size before relaxing)
 .debug_str     0x0000000000118645       0x38 FATFS/Target/fatfs_platform.o
                                     0x10e5bb (size before relaxing)
 .debug_str     0x000000000011867d       0xa0 FATFS/Target/sd_diskio.o
                                     0x113af6 (size before relaxing)
 .debug_str     0x000000000011871d       0x57 Middlewares/Third_Party/FatFs/src/diskio.o
                                     0x113a35 (size before relaxing)
 .debug_str     0x0000000000118774     0x10df Middlewares/Third_Party/FatFs/src/ff.o
                                     0x114d10 (size before relaxing)
 .debug_str     0x0000000000119853       0xa2 Middlewares/Third_Party/FatFs/src/ff_gen_drv.o
                                     0x113a86 (size before relaxing)
 .debug_str     0x00000000001198f5       0x60 Middlewares/Third_Party/FatFs/src/option/ccsbcs.o
                                     0x11381c (size before relaxing)

.comment        0x0000000000000000       0x7b
 .comment       0x0000000000000000       0x7b Core/Src/main.o
                                         0x7c (size before relaxing)
 .comment       0x000000000000007b       0x7c Core/Src/stm32f7xx_hal_msp.o
 .comment       0x000000000000007b       0x7c Core/Src/stm32f7xx_hal_timebase_tim.o
 .comment       0x000000000000007b       0x7c Core/Src/stm32f7xx_it.o
 .comment       0x000000000000007b       0x7c Core/Src/system_stm32f7xx.o
 .comment       0x000000000000007b       0x7c Drivers/STM32F7xx_HAL_Driver/Src/stm32f7xx_hal.o
 .comment       0x000000000000007b       0x7c Drivers/STM32F7xx_HAL_Driver/Src/stm32f7xx_hal_cortex.o
 .comment       0x000000000000007b       0x7c Drivers/STM32F7xx_HAL_Driver/Src/stm32f7xx_hal_gpio.o
 .comment       0x000000000000007b       0x7c Drivers/STM32F7xx_HAL_Driver/Src/stm32f7xx_hal_pwr.o
 .comment       0x000000000000007b       0x7c Drivers/STM32F7xx_HAL_Driver/Src/stm32f7xx_hal_pwr_ex.o
 .comment       0x000000000000007b       0x7c Drivers/STM32F7xx_HAL_Driver/Src/stm32f7xx_hal_rcc.o
 .comment       0x000000000000007b       0x7c Drivers/STM32F7xx_HAL_Driver/Src/stm32f7xx_hal_rcc_ex.o
 .comment       0x000000000000007b       0x7c Drivers/STM32F7xx_HAL_Driver/Src/stm32f7xx_hal_sd.o
 .comment       0x000000000000007b       0x7c Drivers/STM32F7xx_HAL_Driver/Src/stm32f7xx_hal_tim.o
 .comment       0x000000000000007b       0x7c Drivers/STM32F7xx_HAL_Driver/Src/stm32f7xx_hal_tim_ex.o
 .comment       0x000000000000007b       0x7c Drivers/STM32F7xx_HAL_Driver/Src/stm32f7xx_hal_uart.o
 .comment       0x000000000000007b       0x7c Drivers/STM32F7xx_HAL_Driver/Src/stm32f7xx_ll_sdmmc.o
 .comment       0x000000000000007b       0x7c FATFS/App/fatfs.o
 .comment       0x000000000000007b       0x7c FATFS/Target/bsp_driver_sd.o
 .comment       0x000000000000007b       0x7c FATFS/Target/fatfs_platform.o
 .comment       0x000000000000007b       0x7c FATFS/Target/sd_diskio.o
 .comment       0x000000000000007b       0x7c Middlewares/Third_Party/FatFs/src/diskio.o
 .comment       0x000000000000007b       0x7c Middlewares/Third_Party/FatFs/src/ff.o
 .comment       0x000000000000007b       0x7c Middlewares/Third_Party/FatFs/src/ff_gen_drv.o
 .comment       0x000000000000007b       0x7c Middlewares/Third_Party/FatFs/src/option/ccsbcs.o

.debug_frame    0x0000000000000000     0x52f8
 .debug_frame   0x0000000000000000      0x170 Core/Src/main.o
 .debug_frame   0x0000000000000170       0xc4 Core/Src/stm32f7xx_hal_msp.o
 .debug_frame   0x0000000000000234       0x74 Core/Src/stm32f7xx_hal_timebase_tim.o
 .debug_frame   0x00000000000002a8      0x12c Core/Src/stm32f7xx_it.o
 .debug_frame   0x00000000000003d4       0x58 Core/Src/system_stm32f7xx.o
 .debug_frame   0x000000000000042c      0x3f4 Drivers/STM32F7xx_HAL_Driver/Src/stm32f7xx_hal.o
 .debug_frame   0x0000000000000820      0x498 Drivers/STM32F7xx_HAL_Driver/Src/stm32f7xx_hal_cortex.o
 .debug_frame   0x0000000000000cb8      0x14c Drivers/STM32F7xx_HAL_Driver/Src/stm32f7xx_hal_gpio.o
 .debug_frame   0x0000000000000e04      0x254 Drivers/STM32F7xx_HAL_Driver/Src/stm32f7xx_hal_pwr.o
 .debug_frame   0x0000000000001058      0x1c8 Drivers/STM32F7xx_HAL_Driver/Src/stm32f7xx_hal_pwr_ex.o
 .debug_frame   0x0000000000001220      0x1f4 Drivers/STM32F7xx_HAL_Driver/Src/stm32f7xx_hal_rcc.o
 .debug_frame   0x0000000000001414      0x118 Drivers/STM32F7xx_HAL_Driver/Src/stm32f7xx_hal_rcc_ex.o
 .debug_frame   0x000000000000152c      0x658 Drivers/STM32F7xx_HAL_Driver/Src/stm32f7xx_hal_sd.o
 .debug_frame   0x0000000000001b84     0x1144 Drivers/STM32F7xx_HAL_Driver/Src/stm32f7xx_hal_tim.o
 .debug_frame   0x0000000000002cc8      0x638 Drivers/STM32F7xx_HAL_Driver/Src/stm32f7xx_hal_tim_ex.o
 .debug_frame   0x0000000000003300      0x8f4 Drivers/STM32F7xx_HAL_Driver/Src/stm32f7xx_hal_uart.o
 .debug_frame   0x0000000000003bf4      0x690 Drivers/STM32F7xx_HAL_Driver/Src/stm32f7xx_ll_sdmmc.o
 .debug_frame   0x0000000000004284       0x4c FATFS/App/fatfs.o
 .debug_frame   0x00000000000042d0      0x238 FATFS/Target/bsp_driver_sd.o
 .debug_frame   0x0000000000004508       0x34 FATFS/Target/fatfs_platform.o
 .debug_frame   0x000000000000453c       0xe8 FATFS/Target/sd_diskio.o
 .debug_frame   0x0000000000004624       0xec Middlewares/Third_Party/FatFs/src/diskio.o
 .debug_frame   0x0000000000004710      0xa14 Middlewares/Third_Party/FatFs/src/ff.o
 .debug_frame   0x0000000000005124       0xc8 Middlewares/Third_Party/FatFs/src/ff_gen_drv.o
 .debug_frame   0x00000000000051ec       0x60 Middlewares/Third_Party/FatFs/src/option/ccsbcs.o
 .debug_frame   0x000000000000524c       0x2c d:/st/stm32cubeide_1.1.0/stm32cubeide/plugins/com.st.stm32cube.ide.mcu.externaltools.gnu-tools-for-stm32.7-2018-q2-update.win32_1.0.0.201904181610/tools/bin/../lib/gcc/arm-none-eabi/7.3.1/../../../../arm-none-eabi/lib/thumb/v7e-m/fpv5/hard\libc_nano.a(lib_a-init.o)
 .debug_frame   0x0000000000005278       0x20 d:/st/stm32cubeide_1.1.0/stm32cubeide/plugins/com.st.stm32cube.ide.mcu.externaltools.gnu-tools-for-stm32.7-2018-q2-update.win32_1.0.0.201904181610/tools/bin/../lib/gcc/arm-none-eabi/7.3.1/../../../../arm-none-eabi/lib/thumb/v7e-m/fpv5/hard\libc_nano.a(lib_a-memset.o)
 .debug_frame   0x0000000000005298       0x2c d:/st/stm32cubeide_1.1.0/stm32cubeide/plugins/com.st.stm32cube.ide.mcu.externaltools.gnu-tools-for-stm32.7-2018-q2-update.win32_1.0.0.201904181610/tools/bin/../lib/gcc/arm-none-eabi/7.3.1/thumb/v7e-m/fpv5/hard\libgcc.a(_aeabi_uldivmod.o)
 .debug_frame   0x00000000000052c4       0x34 d:/st/stm32cubeide_1.1.0/stm32cubeide/plugins/com.st.stm32cube.ide.mcu.externaltools.gnu-tools-for-stm32.7-2018-q2-update.win32_1.0.0.201904181610/tools/bin/../lib/gcc/arm-none-eabi/7.3.1/thumb/v7e-m/fpv5/hard\libgcc.a(_udivmoddi4.o)
