Archive member included to satisfy reference by file (symbol)

d:/st/stm32cubeide_1.1.0/stm32cubeide/plugins/com.st.stm32cube.ide.mcu.externaltools.gnu-tools-for-stm32.7-2018-q2-update.win32_1.0.0.201904181610/tools/bin/../lib/gcc/arm-none-eabi/7.3.1/../../../../arm-none-eabi/lib/thumb/v7e-m/fpv5/hard\libc_nano.a(lib_a-errno.o)
                              Core/Src/syscalls.o (__errno)
d:/st/stm32cubeide_1.1.0/stm32cubeide/plugins/com.st.stm32cube.ide.mcu.externaltools.gnu-tools-for-stm32.7-2018-q2-update.win32_1.0.0.201904181610/tools/bin/../lib/gcc/arm-none-eabi/7.3.1/../../../../arm-none-eabi/lib/thumb/v7e-m/fpv5/hard\libc_nano.a(lib_a-exit.o)
                              d:/st/stm32cubeide_1.1.0/stm32cubeide/plugins/com.st.stm32cube.ide.mcu.externaltools.gnu-tools-for-stm32.7-2018-q2-update.win32_1.0.0.201904181610/tools/bin/../lib/gcc/arm-none-eabi/7.3.1/../../../../arm-none-eabi/lib/thumb/v7e-m/fpv5/hard/crt0.o (exit)
d:/st/stm32cubeide_1.1.0/stm32cubeide/plugins/com.st.stm32cube.ide.mcu.externaltools.gnu-tools-for-stm32.7-2018-q2-update.win32_1.0.0.201904181610/tools/bin/../lib/gcc/arm-none-eabi/7.3.1/../../../../arm-none-eabi/lib/thumb/v7e-m/fpv5/hard\libc_nano.a(lib_a-impure.o)
                              d:/st/stm32cubeide_1.1.0/stm32cubeide/plugins/com.st.stm32cube.ide.mcu.externaltools.gnu-tools-for-stm32.7-2018-q2-update.win32_1.0.0.201904181610/tools/bin/../lib/gcc/arm-none-eabi/7.3.1/../../../../arm-none-eabi/lib/thumb/v7e-m/fpv5/hard\libc_nano.a(lib_a-exit.o) (_global_impure_ptr)
d:/st/stm32cubeide_1.1.0/stm32cubeide/plugins/com.st.stm32cube.ide.mcu.externaltools.gnu-tools-for-stm32.7-2018-q2-update.win32_1.0.0.201904181610/tools/bin/../lib/gcc/arm-none-eabi/7.3.1/../../../../arm-none-eabi/lib/thumb/v7e-m/fpv5/hard\libc_nano.a(lib_a-init.o)
                              d:/st/stm32cubeide_1.1.0/stm32cubeide/plugins/com.st.stm32cube.ide.mcu.externaltools.gnu-tools-for-stm32.7-2018-q2-update.win32_1.0.0.201904181610/tools/bin/../lib/gcc/arm-none-eabi/7.3.1/../../../../arm-none-eabi/lib/thumb/v7e-m/fpv5/hard/crt0.o (__libc_init_array)
d:/st/stm32cubeide_1.1.0/stm32cubeide/plugins/com.st.stm32cube.ide.mcu.externaltools.gnu-tools-for-stm32.7-2018-q2-update.win32_1.0.0.201904181610/tools/bin/../lib/gcc/arm-none-eabi/7.3.1/../../../../arm-none-eabi/lib/thumb/v7e-m/fpv5/hard\libc_nano.a(lib_a-malloc.o)
                              Core/Src/main.o (malloc)
d:/st/stm32cubeide_1.1.0/stm32cubeide/plugins/com.st.stm32cube.ide.mcu.externaltools.gnu-tools-for-stm32.7-2018-q2-update.win32_1.0.0.201904181610/tools/bin/../lib/gcc/arm-none-eabi/7.3.1/../../../../arm-none-eabi/lib/thumb/v7e-m/fpv5/hard\libc_nano.a(lib_a-memset.o)
                              d:/st/stm32cubeide_1.1.0/stm32cubeide/plugins/com.st.stm32cube.ide.mcu.externaltools.gnu-tools-for-stm32.7-2018-q2-update.win32_1.0.0.201904181610/tools/bin/../lib/gcc/arm-none-eabi/7.3.1/../../../../arm-none-eabi/lib/thumb/v7e-m/fpv5/hard/crt0.o (memset)
d:/st/stm32cubeide_1.1.0/stm32cubeide/plugins/com.st.stm32cube.ide.mcu.externaltools.gnu-tools-for-stm32.7-2018-q2-update.win32_1.0.0.201904181610/tools/bin/../lib/gcc/arm-none-eabi/7.3.1/../../../../arm-none-eabi/lib/thumb/v7e-m/fpv5/hard\libc_nano.a(lib_a-nano-freer.o)
                              d:/st/stm32cubeide_1.1.0/stm32cubeide/plugins/com.st.stm32cube.ide.mcu.externaltools.gnu-tools-for-stm32.7-2018-q2-update.win32_1.0.0.201904181610/tools/bin/../lib/gcc/arm-none-eabi/7.3.1/../../../../arm-none-eabi/lib/thumb/v7e-m/fpv5/hard\libc_nano.a(lib_a-malloc.o) (_free_r)
d:/st/stm32cubeide_1.1.0/stm32cubeide/plugins/com.st.stm32cube.ide.mcu.externaltools.gnu-tools-for-stm32.7-2018-q2-update.win32_1.0.0.201904181610/tools/bin/../lib/gcc/arm-none-eabi/7.3.1/../../../../arm-none-eabi/lib/thumb/v7e-m/fpv5/hard\libc_nano.a(lib_a-nano-mallocr.o)
                              d:/st/stm32cubeide_1.1.0/stm32cubeide/plugins/com.st.stm32cube.ide.mcu.externaltools.gnu-tools-for-stm32.7-2018-q2-update.win32_1.0.0.201904181610/tools/bin/../lib/gcc/arm-none-eabi/7.3.1/../../../../arm-none-eabi/lib/thumb/v7e-m/fpv5/hard\libc_nano.a(lib_a-malloc.o) (_malloc_r)
d:/st/stm32cubeide_1.1.0/stm32cubeide/plugins/com.st.stm32cube.ide.mcu.externaltools.gnu-tools-for-stm32.7-2018-q2-update.win32_1.0.0.201904181610/tools/bin/../lib/gcc/arm-none-eabi/7.3.1/../../../../arm-none-eabi/lib/thumb/v7e-m/fpv5/hard\libc_nano.a(lib_a-sbrkr.o)
                              d:/st/stm32cubeide_1.1.0/stm32cubeide/plugins/com.st.stm32cube.ide.mcu.externaltools.gnu-tools-for-stm32.7-2018-q2-update.win32_1.0.0.201904181610/tools/bin/../lib/gcc/arm-none-eabi/7.3.1/../../../../arm-none-eabi/lib/thumb/v7e-m/fpv5/hard\libc_nano.a(lib_a-nano-mallocr.o) (_sbrk_r)
d:/st/stm32cubeide_1.1.0/stm32cubeide/plugins/com.st.stm32cube.ide.mcu.externaltools.gnu-tools-for-stm32.7-2018-q2-update.win32_1.0.0.201904181610/tools/bin/../lib/gcc/arm-none-eabi/7.3.1/../../../../arm-none-eabi/lib/thumb/v7e-m/fpv5/hard\libc_nano.a(lib_a-mlock.o)
[...]
Memory Configuration

Name             Origin             Length             Attributes
RAM              0x0000000020000000 0x0000000000080000 xrw
FLASH            0x0000000008000000 0x0000000000200000 xr
*default*        0x0000000000000000 0xffffffffffffffff

Linker script and memory map

LOAD d:/st/stm32cubeide_1.1.0/stm32cubeide/plugins/com.st.stm32cube.ide.mcu.externaltools.gnu-tools-for-stm32.7-2018-q2-update.win32_1.0.0.201904181610/tools/bin/../lib/gcc/arm-none-eabi/7.3.1/thumb/v7e-m/fpv5/hard/crti.o
LOAD d:/st/stm32cubeide_1.1.0/stm32cubeide/plugins/com.st.stm32cube.ide.mcu.externaltools.gnu-tools-for-stm32.7-2018-q2-update.win32_1.0.0.201904181610/tools/bin/../lib/gcc/arm-none-eabi/7.3.1/thumb/v7e-m/fpv5/hard/crtbegin.o
LOAD d:/st/stm32cubeide_1.1.0/stm32cubeide/plugins/com.st.stm32cube.ide.mcu.externaltools.gnu-tools-for-stm32.7-2018-q2-update.win32_1.0.0.201904181610/tools/bin/../lib/gcc/arm-none-eabi/7.3.1/../../../../arm-none-eabi/lib/thumb/v7e-m/fpv5/hard/crt0.o
LOAD Core/Src/main.o
LOAD Core/Src/stm32f7xx_hal_msp.o
LOAD Core/Src/stm32f7xx_hal_timebase_tim.o
LOAD Core/Src/stm32f7xx_it.o
LOAD Core/Src/syscalls.o
LOAD Core/Src/sysmem.o
LOAD Core/Src/system_stm32f7xx.o
LOAD Core/Startup/startup_stm32f769nihx.o
LOAD Drivers/STM32F7xx_HAL_Driver/Src/stm32f7xx_hal.o
LOAD Drivers/STM32F7xx_HAL_Driver/Src/stm32f7xx_hal_cortex.o
LOAD Drivers/STM32F7xx_HAL_Driver/Src/stm32f7xx_hal_dma.o
LOAD Drivers/STM32F7xx_HAL_Driver/Src/stm32f7xx_hal_dma_ex.o
LOAD Drivers/STM32F7xx_HAL_Driver/Src/stm32f7xx_hal_exti.o
LOAD Drivers/STM32F7xx_HAL_Driver/Src/stm32f7xx_hal_flash.o
LOAD Drivers/STM32F7xx_HAL_Driver/Src/stm32f7xx_hal_flash_ex.o
LOAD Drivers/STM32F7xx_HAL_Driver/Src/stm32f7xx_hal_gpio.o
LOAD Drivers/STM32F7xx_HAL_Driver/Src/stm32f7xx_hal_i2c.o
LOAD Drivers/STM32F7xx_HAL_Driver/Src/stm32f7xx_hal_i2c_ex.o
LOAD Drivers/STM32F7xx_HAL_Driver/Src/stm32f7xx_hal_pwr.o
LOAD Drivers/STM32F7xx_HAL_Driver/Src/stm32f7xx_hal_pwr_ex.o
LOAD Drivers/STM32F7xx_HAL_Driver/Src/stm32f7xx_hal_rcc.o
LOAD Drivers/STM32F7xx_HAL_Driver/Src/stm32f7xx_hal_rcc_ex.o
LOAD Drivers/STM32F7xx_HAL_Driver/Src/stm32f7xx_hal_sd.o
LOAD Drivers/STM32F7xx_HAL_Driver/Src/stm32f7xx_hal_sdram.o
LOAD Drivers/STM32F7xx_HAL_Driver/Src/stm32f7xx_hal_tim.o
LOAD Drivers/STM32F7xx_HAL_Driver/Src/stm32f7xx_hal_tim_ex.o
LOAD Drivers/STM32F7xx_HAL_Driver/Src/stm32f7xx_hal_uart.o
LOAD Drivers/STM32F7xx_HAL_Driver/Src/stm32f7xx_hal_uart_ex.o
LOAD Drivers/STM32F7xx_HAL_Driver/Src/stm32f7xx_ll_fmc.o
LOAD Drivers/STM32F7xx_HAL_Driver/Src/stm32f7xx_ll_sdmmc.o
LOAD FATFS/App/fatfs.o
LOAD FATFS/Target/bsp_driver_sd.o
LOAD FATFS/Target/fatfs_platform.o
LOAD FATFS/Target/sd_diskio.o
LOAD Middlewares/Third_Party/FatFs/src/diskio.o
LOAD Middlewares/Third_Party/FatFs/src/ff.o
LOAD Middlewares/Third_Party/FatFs/src/ff_gen_drv.o
LOAD Middlewares/Third_Party/FatFs/src/option/syscall.o
START GROUP
LOAD d:/st/stm32cubeide_1.1.0/stm32cubeide/plugins/com.st.stm32cube.ide.mcu.externaltools.gnu-tools-for-stm32.7-2018-q2-update.win32_1.0.0.201904181610/tools/bin/../lib/gcc/arm-none-eabi/7.3.1/../../../../arm-none-eabi/lib/thumb/v7e-m/fpv5/hard\libc_nano.a
LOAD d:/st/stm32cubeide_1.1.0/stm32cubeide/plugins/com.st.stm32cube.ide.mcu.externaltools.gnu-tools-for-stm32.7-2018-q2-update.win32_1.0.0.201904181610/tools/bin/../lib/gcc/arm-none-eabi/7.3.1/../../../../arm-none-eabi/lib/thumb/v7e-m/fpv5/hard\libm.a
END GROUP
START GROUP
LOAD d:/st/stm32cubeide_1.1.0/stm32cubeide/plugins/com.st.stm32cube.ide.mcu.externaltools.gnu-tools-for-stm32.7-2018-q2-update.win32_1.0.0.201904181610/tools/bin/../lib/gcc/arm-none-eabi/7.3.1/thumb/v7e-m/fpv5/hard\libgcc.a
LOAD d:/st/stm32cubeide_1.1.0/stm32cubeide/plugins/com.st.stm32cube.ide.mcu.externaltools.gnu-tools-for-stm32.7-2018-q2-update.win32_1.0.0.201904181610/tools/bin/../lib/gcc/arm-none-eabi/7.3.1/../../../../arm-none-eabi/lib/thumb/v7e-m/fpv5/hard\libc_nano.a
END GROUP
START GROUP
LOAD d:/st/stm32cubeide_1.1.0/stm32cubeide/plugins/com.st.stm32cube.ide.mcu.externaltools.gnu-tools-for-stm32.7-2018-q2-update.win32_1.0.0.201904181610/tools/bin/../lib/gcc/arm-none-eabi/7.3.1/thumb/v7e-m/fpv5/hard\libgcc.a
LOAD d:/st/stm32cubeide_1.1.0/stm32cubeide/plugins/com.st.stm32cube.ide.mcu.externaltools.gnu-tools-for-stm32.7-2018-q2-update.win32_1.0.0.201904181610/tools/bin/../lib/gcc/arm-none-eabi/7.3.1/../../../../arm-none-eabi/lib/thumb/v7e-m/fpv5/hard\libc_nano.a
LOAD d:/st/stm32cubeide_1.1.0/stm32cubeide/plugins/com.st.stm32cube.ide.mcu.externaltools.gnu-tools-for-stm32.7-2018-q2-update.win32_1.0.0.201904181610/tools/bin/../lib/gcc/arm-none-eabi/7.3.1/../../../../arm-none-eabi/lib/thumb/v7e-m/fpv5/hard\libnosys.a
END GROUP
START GROUP
LOAD d:/st/stm32cubeide_1.1.0/stm32cubeide/plugins/com.st.stm32cube.ide.mcu.externaltools.gnu-tools-for-stm32.7-2018-q2-update.win32_1.0.0.201904181610/tools/bin/../lib/gcc/arm-none-eabi/7.3.1/thumb/v7e-m/fpv5/hard\libgcc.a
LOAD d:/st/stm32cubeide_1.1.0/stm32cubeide/plugins/com.st.stm32cube.ide.mcu.externaltools.gnu-tools-for-stm32.7-2018-q2-update.win32_1.0.0.201904181610/tools/bin/../lib/gcc/arm-none-eabi/7.3.1/../../../../arm-none-eabi/lib/thumb/v7e-m/fpv5/hard\libc_nano.a
LOAD d:/st/stm32cubeide_1.1.0/stm32cubeide/plugins/com.st.stm32cube.ide.mcu.externaltools.gnu-tools-for-stm32.7-2018-q2-update.win32_1.0.0.201904181610/tools/bin/../lib/gcc/arm-none-eabi/7.3.1/../../../../arm-none-eabi/lib/thumb/v7e-m/fpv5/hard\libnosys.a
END GROUP
LOAD d:/st/stm32cubeide_1.1.0/stm32cubeide/plugins/com.st.stm32cube.ide.mcu.externaltools.gnu-tools-for-stm32.7-2018-q2-update.win32_1.0.0.201904181610/tools/bin/../lib/gcc/arm-none-eabi/7.3.1/thumb/v7e-m/fpv5/hard/crtend.o
LOAD d:/st/stm32cubeide_1.1.0/stm32cubeide/plugins/com.st.stm32cube.ide.mcu.externaltools.gnu-tools-for-stm32.7-2018-q2-update.win32_1.0.0.201904181610/tools/bin/../lib/gcc/arm-none-eabi/7.3.1/thumb/v7e-m/fpv5/hard/crtn.o
                0x0000000020080000                _estack = (ORIGIN (RAM) + LENGTH (RAM))
                0x0000000000000200                _Min_Heap_Size = 0x200
                0x0000000000000400                _Min_Stack_Size = 0x400

.isr_vector     0x0000000008000000      0x1f8
                0x0000000008000000                . = ALIGN (0x4)
 *(.isr_vector)
 .isr_vector    0x0000000008000000      0x1f8 Core/Startup/startup_stm32f769nihx.o
                0x0000000008000000                g_pfnVectors
                0x00000000080001f8                . = ALIGN (0x4)

.text           0x00000000080001f8     0x68b4
                0x00000000080001f8                . = ALIGN (0x4)
 *(.text)
 .text          0x00000000080001f8       0x40 d:/st/stm32cubeide_1.1.0/stm32cubeide/plugins/com.st.stm32cube.ide.mcu.externaltools.gnu-tools-for-stm32.7-2018-q2-update.win32_1.0.0.201904181610/tools/bin/../lib/gcc/arm-none-eabi/7.3.1/thumb/v7e-m/fpv5/hard/crtbegin.o
 .text          0x0000000008000238       0x30 d:/st/stm32cubeide_1.1.0/stm32cubeide/plugins/com.st.stm32cube.ide.mcu.externaltools.gnu-tools-for-stm32.7-2018-q2-update.win32_1.0.0.201904181610/tools/bin/../lib/gcc/arm-none-eabi/7.3.1/thumb/v7e-m/fpv5/hard\libgcc.a(_aeabi_uldivmod.o)
                0x0000000008000238                __aeabi_uldivmod
 .text          0x0000000008000268      0x2cc d:/st/stm32cubeide_1.1.0/stm32cubeide/plugins/com.st.stm32cube.ide.mcu.externaltools.gnu-tools-for-stm32.7-2018-q2-update.win32_1.0.0.201904181610/tools/bin/../lib/gcc/arm-none-eabi/7.3.1/thumb/v7e-m/fpv5/hard\libgcc.a(_udivmoddi4.o)
                0x0000000008000268                __udivmoddi4
 .text          0x0000000008000534        0x4 d:/st/stm32cubeide_1.1.0/stm32cubeide/plugins/com.st.stm32cube.ide.mcu.externaltools.gnu-tools-for-stm32.7-2018-q2-update.win32_1.0.0.201904181610/tools/bin/../lib/gcc/arm-none-eabi/7.3.1/thumb/v7e-m/fpv5/hard\libgcc.a(_dvmd_tls.o)
                0x0000000008000534                __aeabi_idiv0
                0x0000000008000534                __aeabi_ldiv0
 *(.text*)
 .text.main     0x0000000008000538       0xac Core/Src/main.o
                0x0000000008000538                main
 .text.SystemClock_Config
                0x00000000080005e4      0x164 Core/Src/main.o
                0x00000000080005e4                SystemClock_Config
 .text.MX_SDMMC2_SD_Init
                0x0000000008000748       0x40 Core/Src/main.o
 .text.MX_USART1_UART_Init
                0x0000000008000788       0x60 Core/Src/main.o
 .text.MX_FMC_Init
                0x00000000080007e8       0x9c Core/Src/main.o
 .text.MX_GPIO_Init
                0x0000000008000884      0x764 Core/Src/main.o
 .text.HAL_TIM_PeriodElapsedCallback
                0x0000000008000fe8       0x24 Core/Src/main.o
                0x0000000008000fe8                HAL_TIM_PeriodElapsedCallback
 .text.Error_Handler
                0x000000000800100c        0xe Core/Src/main.o
                0x000000000800100c                Error_Handler
 *fill*         0x000000000800101a        0x2 
 .text.HAL_MspInit
                0x000000000800101c       0x48 Core/Src/stm32f7xx_hal_msp.o
                0x000000000800101c                HAL_MspInit
 .text.HAL_SD_MspInit
                0x0000000008001064      0x100 Core/Src/stm32f7xx_hal_msp.o
                0x0000000008001064                HAL_SD_MspInit
 .text.HAL_UART_MspInit
                0x0000000008001164       0xac Core/Src/stm32f7xx_hal_msp.o
                0x0000000008001164                HAL_UART_MspInit
 .text.HAL_FMC_MspInit
                0x0000000008001210      0x124 Core/Src/stm32f7xx_hal_msp.o
 .text.HAL_SDRAM_MspInit
                0x0000000008001334       0x14 Core/Src/stm32f7xx_hal_msp.o
                0x0000000008001334                HAL_SDRAM_MspInit
 .text.HAL_InitTick
                0x0000000008001348       0xb0 Core/Src/stm32f7xx_hal_timebase_tim.o
                0x0000000008001348                HAL_InitTick
 .text.NMI_Handler
                0x00000000080013f8        0xe Core/Src/stm32f7xx_it.o
                0x00000000080013f8                NMI_Handler
 .text.HardFault_Handler
                0x0000000008001406        0x6 Core/Src/stm32f7xx_it.o
                0x0000000008001406                HardFault_Handler
 .text.MemManage_Handler
                0x000000000800140c        0x6 Core/Src/stm32f7xx_it.o
                0x000000000800140c                MemManage_Handler
 .text.BusFault_Handler
                0x0000000008001412        0x6 Core/Src/stm32f7xx_it.o
                0x0000000008001412                BusFault_Handler
 .text.UsageFault_Handler
                0x0000000008001418        0x6 Core/Src/stm32f7xx_it.o
                0x0000000008001418                UsageFault_Handler
 .text.SVC_Handler
                0x000000000800141e        0xe Core/Src/stm32f7xx_it.o
                0x000000000800141e                SVC_Handler
 .text.DebugMon_Handler
                0x000000000800142c        0xe Core/Src/stm32f7xx_it.o
                0x000000000800142c                DebugMon_Handler
 .text.PendSV_Handler
                0x000000000800143a        0xe Core/Src/stm32f7xx_it.o
                0x000000000800143a                PendSV_Handler
 .text.TIM6_DAC_IRQHandler
                0x0000000008001448       0x14 Core/Src/stm32f7xx_it.o
                0x0000000008001448                TIM6_DAC_IRQHandler
 .text._sbrk    0x000000000800145c       0x58 Core/Src/sysmem.o
                0x000000000800145c                _sbrk
 .text.SystemInit
                0x00000000080014b4       0x6c Core/Src/system_stm32f7xx.o
                0x00000000080014b4                SystemInit
 .text.Reset_Handler
                0x0000000008001520       0x50 Core/Startup/startup_stm32f769nihx.o
                0x0000000008001520                Reset_Handler
 .text.Default_Handler
                0x0000000008001570        0x2 Core/Startup/startup_stm32f769nihx.o
                0x0000000008001570                RTC_Alarm_IRQHandler
                0x0000000008001570                EXTI2_IRQHandler
                0x0000000008001570                TIM8_CC_IRQHandler
                0x0000000008001570                UART8_IRQHandler
                0x0000000008001570                SPI4_IRQHandler
                0x0000000008001570                TIM1_CC_IRQHandler
                0x0000000008001570                DMA2_Stream5_IRQHandler
                0x0000000008001570                JPEG_IRQHandler
                0x0000000008001570                DMA1_Stream5_IRQHandler
                0x0000000008001570                SysTick_Handler
                0x0000000008001570                CAN3_RX1_IRQHandler
                0x0000000008001570                PVD_IRQHandler
                0x0000000008001570                TAMP_STAMP_IRQHandler
                0x0000000008001570                CAN2_RX1_IRQHandler
                0x0000000008001570                EXTI3_IRQHandler
                0x0000000008001570                TIM8_TRG_COM_TIM14_IRQHandler
                0x0000000008001570                DFSDM1_FLT1_IRQHandler
                0x0000000008001570                TIM1_UP_TIM10_IRQHandler
                0x0000000008001570                TIM8_UP_TIM13_IRQHandler
                0x0000000008001570                I2C3_ER_IRQHandler
                0x0000000008001570                DFSDM1_FLT2_IRQHandler
                0x0000000008001570                EXTI0_IRQHandler
                0x0000000008001570                I2C2_EV_IRQHandler
                0x0000000008001570                DMA1_Stream2_IRQHandler
                0x0000000008001570                CAN1_RX0_IRQHandler
                0x0000000008001570                FPU_IRQHandler
                0x0000000008001570                OTG_HS_WKUP_IRQHandler
                0x0000000008001570                CAN3_SCE_IRQHandler
                0x0000000008001570                LTDC_ER_IRQHandler
                0x0000000008001570                CAN2_SCE_IRQHandler
                0x0000000008001570                DMA2_Stream2_IRQHandler
                0x0000000008001570                SPI1_IRQHandler
                0x0000000008001570                TIM1_BRK_TIM9_IRQHandler
                0x0000000008001570                DCMI_IRQHandler
                0x0000000008001570                CAN2_RX0_IRQHandler
                0x0000000008001570                DMA2_Stream3_IRQHandler
                0x0000000008001570                SAI2_IRQHandler
                0x0000000008001570                DFSDM1_FLT3_IRQHandler
                0x0000000008001570                USART6_IRQHandler
                0x0000000008001570                CAN3_RX0_IRQHandler
                0x0000000008001570                USART3_IRQHandler
                0x0000000008001570                CAN1_RX1_IRQHandler
                0x0000000008001570                UART5_IRQHandler
                0x0000000008001570                DMA2_Stream0_IRQHandler
                0x0000000008001570                TIM4_IRQHandler
                0x0000000008001570                QUADSPI_IRQHandler
                0x0000000008001570                I2C1_EV_IRQHandler
                0x0000000008001570                DMA1_Stream6_IRQHandler
                0x0000000008001570                DMA1_Stream1_IRQHandler
                0x0000000008001570                UART4_IRQHandler
                0x0000000008001570                TIM3_IRQHandler
                0x0000000008001570                RCC_IRQHandler
                0x0000000008001570                TIM8_BRK_TIM12_IRQHandler
                0x0000000008001570                Default_Handler
                0x0000000008001570                CEC_IRQHandler
                0x0000000008001570                EXTI15_10_IRQHandler
                0x0000000008001570                ADC_IRQHandler
                0x0000000008001570                DMA1_Stream7_IRQHandler
                0x0000000008001570                SPI5_IRQHandler
                0x0000000008001570                TIM7_IRQHandler
                0x0000000008001570                SDMMC1_IRQHandler
                0x0000000008001570                CAN2_TX_IRQHandler
                0x0000000008001570                TIM5_IRQHandler
                0x0000000008001570                DMA2_Stream7_IRQHandler
                0x0000000008001570                I2C3_EV_IRQHandler
                0x0000000008001570                EXTI9_5_IRQHandler
                0x0000000008001570                RTC_WKUP_IRQHandler
                0x0000000008001570                LTDC_IRQHandler
                0x0000000008001570                ETH_WKUP_IRQHandler
                0x0000000008001570                SPDIF_RX_IRQHandler
                0x0000000008001570                SPI2_IRQHandler
                0x0000000008001570                OTG_HS_EP1_IN_IRQHandler
                0x0000000008001570                DMA1_Stream0_IRQHandler
                0x0000000008001570                CAN1_TX_IRQHandler
                0x0000000008001570                EXTI4_IRQHandler
                0x0000000008001570                RNG_IRQHandler
                0x0000000008001570                DSI_IRQHandler
                0x0000000008001570                ETH_IRQHandler
                0x0000000008001570                OTG_HS_EP1_OUT_IRQHandler
                0x0000000008001570                WWDG_IRQHandler
                0x0000000008001570                SPI6_IRQHandler
                0x0000000008001570                MDIOS_IRQHandler
                0x0000000008001570                I2C4_EV_IRQHandler
                0x0000000008001570                CAN3_TX_IRQHandler
                0x0000000008001570                TIM2_IRQHandler
                0x0000000008001570                OTG_FS_WKUP_IRQHandler
                0x0000000008001570                TIM1_TRG_COM_TIM11_IRQHandler
                0x0000000008001570                OTG_HS_IRQHandler
                0x0000000008001570                DMA2D_IRQHandler
                0x0000000008001570                EXTI1_IRQHandler
                0x0000000008001570                SDMMC2_IRQHandler
                0x0000000008001570                UART7_IRQHandler
                0x0000000008001570                USART2_IRQHandler
                0x0000000008001570                DFSDM1_FLT0_IRQHandler
                0x0000000008001570                I2C2_ER_IRQHandler
                0x0000000008001570                DMA2_Stream1_IRQHandler
                0x0000000008001570                CAN1_SCE_IRQHandler
                0x0000000008001570                FLASH_IRQHandler
                0x0000000008001570                DMA2_Stream4_IRQHandler
                0x0000000008001570                USART1_IRQHandler
                0x0000000008001570                OTG_FS_IRQHandler
                0x0000000008001570                SPI3_IRQHandler
                0x0000000008001570                DMA1_Stream4_IRQHandler
                0x0000000008001570                I2C1_ER_IRQHandler
                0x0000000008001570                FMC_IRQHandler
                0x0000000008001570                LPTIM1_IRQHandler
                0x0000000008001570                I2C4_ER_IRQHandler
                0x0000000008001570                DMA2_Stream6_IRQHandler
                0x0000000008001570                SAI1_IRQHandler
                0x0000000008001570                DMA1_Stream3_IRQHandler
 .text.HAL_Init
                0x0000000008001572       0x1a Drivers/STM32F7xx_HAL_Driver/Src/stm32f7xx_hal.o
                0x0000000008001572                HAL_Init
 .text.HAL_IncTick
                0x000000000800158c       0x28 Drivers/STM32F7xx_HAL_Driver/Src/stm32f7xx_hal.o
                0x000000000800158c                HAL_IncTick
 .text.HAL_GetTick
                0x00000000080015b4       0x18 Drivers/STM32F7xx_HAL_Driver/Src/stm32f7xx_hal.o
                0x00000000080015b4                HAL_GetTick
 .text.HAL_Delay
                0x00000000080015cc       0x44 Drivers/STM32F7xx_HAL_Driver/Src/stm32f7xx_hal.o
                0x00000000080015cc                HAL_Delay
 .text.__NVIC_SetPriorityGrouping
                0x0000000008001610       0x48 Drivers/STM32F7xx_HAL_Driver/Src/stm32f7xx_hal_cortex.o
 .text.__NVIC_GetPriorityGrouping
                0x0000000008001658       0x1c Drivers/STM32F7xx_HAL_Driver/Src/stm32f7xx_hal_cortex.o
 .text.__NVIC_EnableIRQ
                0x0000000008001674       0x3c Drivers/STM32F7xx_HAL_Driver/Src/stm32f7xx_hal_cortex.o
 .text.__NVIC_SetPriority
                0x00000000080016b0       0x54 Drivers/STM32F7xx_HAL_Driver/Src/stm32f7xx_hal_cortex.o
 .text.NVIC_EncodePriority
                0x0000000008001704       0x66 Drivers/STM32F7xx_HAL_Driver/Src/stm32f7xx_hal_cortex.o
 .text.HAL_NVIC_SetPriorityGrouping
                0x000000000800176a       0x16 Drivers/STM32F7xx_HAL_Driver/Src/stm32f7xx_hal_cortex.o
                0x000000000800176a                HAL_NVIC_SetPriorityGrouping
 .text.HAL_NVIC_SetPriority
                0x0000000008001780       0x38 Drivers/STM32F7xx_HAL_Driver/Src/stm32f7xx_hal_cortex.o
                0x0000000008001780                HAL_NVIC_SetPriority
 .text.HAL_NVIC_EnableIRQ
                0x00000000080017b8       0x1c Drivers/STM32F7xx_HAL_Driver/Src/stm32f7xx_hal_cortex.o
                0x00000000080017b8                HAL_NVIC_EnableIRQ
 .text.HAL_GPIO_Init
                0x00000000080017d4      0x354 Drivers/STM32F7xx_HAL_Driver/Src/stm32f7xx_hal_gpio.o
                0x00000000080017d4                HAL_GPIO_Init
 .text.HAL_GPIO_ReadPin
                0x0000000008001b28       0x30 Drivers/STM32F7xx_HAL_Driver/Src/stm32f7xx_hal_gpio.o
                0x0000000008001b28                HAL_GPIO_ReadPin
 .text.HAL_GPIO_WritePin
                0x0000000008001b58       0x32 Drivers/STM32F7xx_HAL_Driver/Src/stm32f7xx_hal_gpio.o
                0x0000000008001b58                HAL_GPIO_WritePin
 *fill*         0x0000000008001b8a        0x2 
 .text.HAL_PWR_EnableBkUpAccess
                0x0000000008001b8c       0x20 Drivers/STM32F7xx_HAL_Driver/Src/stm32f7xx_hal_pwr.o
                0x0000000008001b8c                HAL_PWR_EnableBkUpAccess
 .text.HAL_PWREx_EnableOverDrive
                0x0000000008001bac       0xa0 Drivers/STM32F7xx_HAL_Driver/Src/stm32f7xx_hal_pwr_ex.o
                0x0000000008001bac                HAL_PWREx_EnableOverDrive
 .text.HAL_RCC_OscConfig
                0x0000000008001c4c      0x4e4 Drivers/STM32F7xx_HAL_Driver/Src/stm32f7xx_hal_rcc.o
                0x0000000008001c4c                HAL_RCC_OscConfig
 .text.HAL_RCC_ClockConfig
                0x0000000008002130      0x1d0 Drivers/STM32F7xx_HAL_Driver/Src/stm32f7xx_hal_rcc.o
                0x0000000008002130                HAL_RCC_ClockConfig
 .text.HAL_RCC_MCOConfig
                0x0000000008002300       0xc8 Drivers/STM32F7xx_HAL_Driver/Src/stm32f7xx_hal_rcc.o
                0x0000000008002300                HAL_RCC_MCOConfig
 .text.HAL_RCC_GetSysClockFreq
                0x00000000080023c8      0x164 Drivers/STM32F7xx_HAL_Driver/Src/stm32f7xx_hal_rcc.o
                0x00000000080023c8                HAL_RCC_GetSysClockFreq
 .text.HAL_RCC_GetHCLKFreq
                0x000000000800252c       0x18 Drivers/STM32F7xx_HAL_Driver/Src/stm32f7xx_hal_rcc.o
                0x000000000800252c                HAL_RCC_GetHCLKFreq
 .text.HAL_RCC_GetPCLK1Freq
                0x0000000008002544       0x28 Drivers/STM32F7xx_HAL_Driver/Src/stm32f7xx_hal_rcc.o
                0x0000000008002544                HAL_RCC_GetPCLK1Freq
 .text.HAL_RCC_GetPCLK2Freq
                0x000000000800256c       0x28 Drivers/STM32F7xx_HAL_Driver/Src/stm32f7xx_hal_rcc.o
                0x000000000800256c                HAL_RCC_GetPCLK2Freq
 .text.HAL_RCC_GetClockConfig
                0x0000000008002594       0x64 Drivers/STM32F7xx_HAL_Driver/Src/stm32f7xx_hal_rcc.o
                0x0000000008002594                HAL_RCC_GetClockConfig
 .text.HAL_RCCEx_PeriphCLKConfig
                0x00000000080025f8      0x84c Drivers/STM32F7xx_HAL_Driver/Src/stm32f7xx_hal_rcc_ex.o
                0x00000000080025f8                HAL_RCCEx_PeriphCLKConfig
 .text.HAL_SD_Init
                0x0000000008002e44       0x56 Drivers/STM32F7xx_HAL_Driver/Src/stm32f7xx_hal_sd.o
                0x0000000008002e44                HAL_SD_Init
 .text.HAL_SD_InitCard
                0x0000000008002e9a       0xc8 Drivers/STM32F7xx_HAL_Driver/Src/stm32f7xx_hal_sd.o
                0x0000000008002e9a                HAL_SD_InitCard
 .text.HAL_SD_ReadBlocks
                0x0000000008002f62      0x32c Drivers/STM32F7xx_HAL_Driver/Src/stm32f7xx_hal_sd.o
                0x0000000008002f62                HAL_SD_ReadBlocks
 .text.HAL_SD_WriteBlocks
                0x000000000800328e      0x2ce Drivers/STM32F7xx_HAL_Driver/Src/stm32f7xx_hal_sd.o
                0x000000000800328e                HAL_SD_WriteBlocks
 .text.HAL_SD_GetCardCSD
                0x000000000800355c      0x450 Drivers/STM32F7xx_HAL_Driver/Src/stm32f7xx_hal_sd.o
                0x000000000800355c                HAL_SD_GetCardCSD
 .text.HAL_SD_GetCardInfo
                0x00000000080039ac       0x58 Drivers/STM32F7xx_HAL_Driver/Src/stm32f7xx_hal_sd.o
                0x00000000080039ac                HAL_SD_GetCardInfo
 .text.HAL_SD_ConfigWideBusOperation
                0x0000000008003a04       0xf8 Drivers/STM32F7xx_HAL_Driver/Src/stm32f7xx_hal_sd.o
                0x0000000008003a04                HAL_SD_ConfigWideBusOperation
 .text.HAL_SD_GetCardState
                0x0000000008003afc       0x4a Drivers/STM32F7xx_HAL_Driver/Src/stm32f7xx_hal_sd.o
                0x0000000008003afc                HAL_SD_GetCardState
 .text.SD_InitCard
                0x0000000008003b46      0x192 Drivers/STM32F7xx_HAL_Driver/Src/stm32f7xx_hal_sd.o
 .text.SD_PowerON
                0x0000000008003cd8      0x150 Drivers/STM32F7xx_HAL_Driver/Src/stm32f7xx_hal_sd.o
 .text.SD_SendStatus
                0x0000000008003e28       0x54 Drivers/STM32F7xx_HAL_Driver/Src/stm32f7xx_hal_sd.o
 .text.SD_WideBus_Enable
                0x0000000008003e7c       0x9a Drivers/STM32F7xx_HAL_Driver/Src/stm32f7xx_hal_sd.o
 .text.SD_WideBus_Disable
                0x0000000008003f16       0x9a Drivers/STM32F7xx_HAL_Driver/Src/stm32f7xx_hal_sd.o
 .text.SD_FindSCR
                0x0000000008003fb0      0x192 Drivers/STM32F7xx_HAL_Driver/Src/stm32f7xx_hal_sd.o
 .text.HAL_SDRAM_Init
                0x0000000008004142       0x68 Drivers/STM32F7xx_HAL_Driver/Src/stm32f7xx_hal_sdram.o
                0x0000000008004142                HAL_SDRAM_Init
 .text.HAL_TIM_Base_Init
                0x00000000080041aa       0x56 Drivers/STM32F7xx_HAL_Driver/Src/stm32f7xx_hal_tim.o
                0x00000000080041aa                HAL_TIM_Base_Init
 .text.HAL_TIM_Base_MspInit
                0x0000000008004200       0x14 Drivers/STM32F7xx_HAL_Driver/Src/stm32f7xx_hal_tim.o
                0x0000000008004200                HAL_TIM_Base_MspInit
 .text.HAL_TIM_Base_Start_IT
                0x0000000008004214       0x54 Drivers/STM32F7xx_HAL_Driver/Src/stm32f7xx_hal_tim.o
                0x0000000008004214                HAL_TIM_Base_Start_IT
 .text.HAL_TIM_IRQHandler
                0x0000000008004268      0x23e Drivers/STM32F7xx_HAL_Driver/Src/stm32f7xx_hal_tim.o
                0x0000000008004268                HAL_TIM_IRQHandler
 .text.HAL_TIM_OC_DelayElapsedCallback
                0x00000000080044a6       0x14 Drivers/STM32F7xx_HAL_Driver/Src/stm32f7xx_hal_tim.o
                0x00000000080044a6                HAL_TIM_OC_DelayElapsedCallback
 .text.HAL_TIM_IC_CaptureCallback
                0x00000000080044ba       0x14 Drivers/STM32F7xx_HAL_Driver/Src/stm32f7xx_hal_tim.o
                0x00000000080044ba                HAL_TIM_IC_CaptureCallback
 .text.HAL_TIM_PWM_PulseFinishedCallback
                0x00000000080044ce       0x14 Drivers/STM32F7xx_HAL_Driver/Src/stm32f7xx_hal_tim.o
                0x00000000080044ce                HAL_TIM_PWM_PulseFinishedCallback
 .text.HAL_TIM_TriggerCallback
                0x00000000080044e2       0x14 Drivers/STM32F7xx_HAL_Driver/Src/stm32f7xx_hal_tim.o
                0x00000000080044e2                HAL_TIM_TriggerCallback
 *fill*         0x00000000080044f6        0x2 
 .text.TIM_Base_SetConfig
                0x00000000080044f8      0x140 Drivers/STM32F7xx_HAL_Driver/Src/stm32f7xx_hal_tim.o
                0x00000000080044f8                TIM_Base_SetConfig
 .text.HAL_TIMEx_CommutCallback
                0x0000000008004638       0x14 Drivers/STM32F7xx_HAL_Driver/Src/stm32f7xx_hal_tim_ex.o
                0x0000000008004638                HAL_TIMEx_CommutCallback
 .text.HAL_TIMEx_BreakCallback
                0x000000000800464c       0x14 Drivers/STM32F7xx_HAL_Driver/Src/stm32f7xx_hal_tim_ex.o
                0x000000000800464c                HAL_TIMEx_BreakCallback
 .text.HAL_TIMEx_Break2Callback
                0x0000000008004660       0x14 Drivers/STM32F7xx_HAL_Driver/Src/stm32f7xx_hal_tim_ex.o
                0x0000000008004660                HAL_TIMEx_Break2Callback
 .text.HAL_UART_Init
                0x0000000008004674       0x9c Drivers/STM32F7xx_HAL_Driver/Src/stm32f7xx_hal_uart.o
                0x0000000008004674                HAL_UART_Init
 .text.HAL_UART_Transmit
                0x0000000008004710      0x122 Drivers/STM32F7xx_HAL_Driver/Src/stm32f7xx_hal_uart.o
                0x0000000008004710                HAL_UART_Transmit
 *fill*         0x0000000008004832        0x2 
 .text.UART_SetConfig
                0x0000000008004834      0x548 Drivers/STM32F7xx_HAL_Driver/Src/stm32f7xx_hal_uart.o
                0x0000000008004834                UART_SetConfig
 .text.UART_AdvFeatureConfig
                0x0000000008004d7c      0x144 Drivers/STM32F7xx_HAL_Driver/Src/stm32f7xx_hal_uart.o
                0x0000000008004d7c                UART_AdvFeatureConfig
 .text.UART_CheckIdleState
                0x0000000008004ec0       0x5e Drivers/STM32F7xx_HAL_Driver/Src/stm32f7xx_hal_uart.o
                0x0000000008004ec0                UART_CheckIdleState
 .text.UART_WaitOnFlagUntilTimeout
                0x0000000008004f1e       0x90 Drivers/STM32F7xx_HAL_Driver/Src/stm32f7xx_hal_uart.o
                0x0000000008004f1e                UART_WaitOnFlagUntilTimeout
 *fill*         0x0000000008004fae        0x2 
 .text.FMC_SDRAM_Init
                0x0000000008004fb0       0xe4 Drivers/STM32F7xx_HAL_Driver/Src/stm32f7xx_ll_fmc.o
                0x0000000008004fb0                FMC_SDRAM_Init
 .text.FMC_SDRAM_Timing_Init
                0x0000000008005094      0x100 Drivers/STM32F7xx_HAL_Driver/Src/stm32f7xx_ll_fmc.o
                0x0000000008005094                FMC_SDRAM_Timing_Init
 .text.SDMMC_Init
                0x0000000008005194       0x58 Drivers/STM32F7xx_HAL_Driver/Src/stm32f7xx_ll_sdmmc.o
                0x0000000008005194                SDMMC_Init
 .text.SDMMC_ReadFIFO
                0x00000000080051ec       0x1a Drivers/STM32F7xx_HAL_Driver/Src/stm32f7xx_ll_sdmmc.o
                0x00000000080051ec                SDMMC_ReadFIFO
 .text.SDMMC_WriteFIFO
                0x0000000008005206       0x22 Drivers/STM32F7xx_HAL_Driver/Src/stm32f7xx_ll_sdmmc.o
                0x0000000008005206                SDMMC_WriteFIFO
 .text.SDMMC_PowerState_ON
                0x0000000008005228       0x1c Drivers/STM32F7xx_HAL_Driver/Src/stm32f7xx_ll_sdmmc.o
                0x0000000008005228                SDMMC_PowerState_ON
 .text.SDMMC_GetPowerState
                0x0000000008005244       0x1c Drivers/STM32F7xx_HAL_Driver/Src/stm32f7xx_ll_sdmmc.o
                0x0000000008005244                SDMMC_GetPowerState
 .text.SDMMC_SendCommand
                0x0000000008005260       0x54 Drivers/STM32F7xx_HAL_Driver/Src/stm32f7xx_ll_sdmmc.o
                0x0000000008005260                SDMMC_SendCommand
 .text.SDMMC_GetCommandResponse
                0x00000000080052b4       0x1a Drivers/STM32F7xx_HAL_Driver/Src/stm32f7xx_ll_sdmmc.o
                0x00000000080052b4                SDMMC_GetCommandResponse
 .text.SDMMC_GetResponse
                0x00000000080052ce       0x2a Drivers/STM32F7xx_HAL_Driver/Src/stm32f7xx_ll_sdmmc.o
                0x00000000080052ce                SDMMC_GetResponse
 .text.SDMMC_ConfigData
                0x00000000080052f8       0x58 Drivers/STM32F7xx_HAL_Driver/Src/stm32f7xx_ll_sdmmc.o
                0x00000000080052f8                SDMMC_ConfigData
 .text.SDMMC_CmdBlockLength
                0x0000000008005350       0x48 Drivers/STM32F7xx_HAL_Driver/Src/stm32f7xx_ll_sdmmc.o
                0x0000000008005350                SDMMC_CmdBlockLength
 .text.SDMMC_CmdReadSingleBlock
                0x0000000008005398       0x48 Drivers/STM32F7xx_HAL_Driver/Src/stm32f7xx_ll_sdmmc.o
                0x0000000008005398                SDMMC_CmdReadSingleBlock
 .text.SDMMC_CmdReadMultiBlock
                0x00000000080053e0       0x48 Drivers/STM32F7xx_HAL_Driver/Src/stm32f7xx_ll_sdmmc.o
                0x00000000080053e0                SDMMC_CmdReadMultiBlock
 .text.SDMMC_CmdWriteSingleBlock
                0x0000000008005428       0x48 Drivers/STM32F7xx_HAL_Driver/Src/stm32f7xx_ll_sdmmc.o
                0x0000000008005428                SDMMC_CmdWriteSingleBlock
 .text.SDMMC_CmdWriteMultiBlock
                0x0000000008005470       0x48 Drivers/STM32F7xx_HAL_Driver/Src/stm32f7xx_ll_sdmmc.o
                0x0000000008005470                SDMMC_CmdWriteMultiBlock
 .text.SDMMC_CmdStopTransfer
                0x00000000080054b8       0x48 Drivers/STM32F7xx_HAL_Driver/Src/stm32f7xx_ll_sdmmc.o
                0x00000000080054b8                SDMMC_CmdStopTransfer
 .text.SDMMC_CmdSelDesel
                0x0000000008005500       0x4a Drivers/STM32F7xx_HAL_Driver/Src/stm32f7xx_ll_sdmmc.o
                0x0000000008005500                SDMMC_CmdSelDesel
 .text.SDMMC_CmdGoIdleState
                0x000000000800554a       0x40 Drivers/STM32F7xx_HAL_Driver/Src/stm32f7xx_ll_sdmmc.o
                0x000000000800554a                SDMMC_CmdGoIdleState
 .text.SDMMC_CmdOperCond
                0x000000000800558a       0x42 Drivers/STM32F7xx_HAL_Driver/Src/stm32f7xx_ll_sdmmc.o
                0x000000000800558a                SDMMC_CmdOperCond
 .text.SDMMC_CmdAppCommand
                0x00000000080055cc       0x48 Drivers/STM32F7xx_HAL_Driver/Src/stm32f7xx_ll_sdmmc.o
                0x00000000080055cc                SDMMC_CmdAppCommand
 .text.SDMMC_CmdAppOperCommand
                0x0000000008005614       0x4c Drivers/STM32F7xx_HAL_Driver/Src/stm32f7xx_ll_sdmmc.o
                0x0000000008005614                SDMMC_CmdAppOperCommand
 .text.SDMMC_CmdBusWidth
                0x0000000008005660       0x48 Drivers/STM32F7xx_HAL_Driver/Src/stm32f7xx_ll_sdmmc.o
                0x0000000008005660                SDMMC_CmdBusWidth
 .text.SDMMC_CmdSendSCR
                0x00000000080056a8       0x46 Drivers/STM32F7xx_HAL_Driver/Src/stm32f7xx_ll_sdmmc.o
                0x00000000080056a8                SDMMC_CmdSendSCR
 .text.SDMMC_CmdSendCID
                0x00000000080056ee       0x40 Drivers/STM32F7xx_HAL_Driver/Src/stm32f7xx_ll_sdmmc.o
                0x00000000080056ee                SDMMC_CmdSendCID
 .text.SDMMC_CmdSendCSD
                0x000000000800572e       0x42 Drivers/STM32F7xx_HAL_Driver/Src/stm32f7xx_ll_sdmmc.o
                0x000000000800572e                SDMMC_CmdSendCSD
 .text.SDMMC_CmdSetRelAdd
                0x0000000008005770       0x46 Drivers/STM32F7xx_HAL_Driver/Src/stm32f7xx_ll_sdmmc.o
                0x0000000008005770                SDMMC_CmdSetRelAdd
 .text.SDMMC_CmdSendStatus
                0x00000000080057b6       0x48 Drivers/STM32F7xx_HAL_Driver/Src/stm32f7xx_ll_sdmmc.o
                0x00000000080057b6                SDMMC_CmdSendStatus
 *fill*         0x00000000080057fe        0x2 
 .text.SDMMC_GetCmdError
                0x0000000008005800       0x54 Drivers/STM32F7xx_HAL_Driver/Src/stm32f7xx_ll_sdmmc.o
 .text.SDMMC_GetCmdResp1
                0x0000000008005854      0x1cc Drivers/STM32F7xx_HAL_Driver/Src/stm32f7xx_ll_sdmmc.o
 .text.SDMMC_GetCmdResp2
                0x0000000008005a20       0x80 Drivers/STM32F7xx_HAL_Driver/Src/stm32f7xx_ll_sdmmc.o
 .text.SDMMC_GetCmdResp3
                0x0000000008005aa0       0x68 Drivers/STM32F7xx_HAL_Driver/Src/stm32f7xx_ll_sdmmc.o
 .text.SDMMC_GetCmdResp6
                0x0000000008005b08       0xdc Drivers/STM32F7xx_HAL_Driver/Src/stm32f7xx_ll_sdmmc.o
 .text.SDMMC_GetCmdResp7
                0x0000000008005be4       0x74 Drivers/STM32F7xx_HAL_Driver/Src/stm32f7xx_ll_sdmmc.o
 .text.MX_FATFS_Init
                0x0000000008005c58       0x24 FATFS/App/fatfs.o
                0x0000000008005c58                MX_FATFS_Init
 .text.BSP_SD_Init
                0x0000000008005c7c       0x4c FATFS/Target/bsp_driver_sd.o
                0x0000000008005c7c                BSP_SD_Init
 .text.BSP_SD_ReadBlocks
                0x0000000008005cc8       0x3c FATFS/Target/bsp_driver_sd.o
                0x0000000008005cc8                BSP_SD_ReadBlocks
 .text.BSP_SD_WriteBlocks
                0x0000000008005d04       0x3c FATFS/Target/bsp_driver_sd.o
                0x0000000008005d04                BSP_SD_WriteBlocks
 .text.BSP_SD_GetCardState
                0x0000000008005d40       0x20 FATFS/Target/bsp_driver_sd.o
                0x0000000008005d40                BSP_SD_GetCardState
 .text.BSP_SD_GetCardInfo
                0x0000000008005d60       0x1c FATFS/Target/bsp_driver_sd.o
                0x0000000008005d60                BSP_SD_GetCardInfo
 .text.BSP_SD_IsDetected
                0x0000000008005d7c       0x24 FATFS/Target/bsp_driver_sd.o
                0x0000000008005d7c                BSP_SD_IsDetected
 .text.BSP_PlatformIsDetected
                0x0000000008005da0       0x2c FATFS/Target/fatfs_platform.o
                0x0000000008005da0                BSP_PlatformIsDetected
 .text.SD_CheckStatus
                0x0000000008005dcc       0x3c FATFS/Target/sd_diskio.o
 .text.SD_initialize
                0x0000000008005e08       0x3c FATFS/Target/sd_diskio.o
                0x0000000008005e08                SD_initialize
 .text.SD_status
                0x0000000008005e44       0x1c FATFS/Target/sd_diskio.o
                0x0000000008005e44                SD_status
 .text.SD_read  0x0000000008005e60       0x42 FATFS/Target/sd_diskio.o
                0x0000000008005e60                SD_read
 .text.SD_write
                0x0000000008005ea2       0x42 FATFS/Target/sd_diskio.o
                0x0000000008005ea2                SD_write
 .text.SD_ioctl
                0x0000000008005ee4       0xb0 FATFS/Target/sd_diskio.o
                0x0000000008005ee4                SD_ioctl
 .text.disk_status
                0x0000000008005f94       0x34 Middlewares/Third_Party/FatFs/src/diskio.o
                0x0000000008005f94                disk_status
 .text.disk_initialize
                0x0000000008005fc8       0x4c Middlewares/Third_Party/FatFs/src/diskio.o
                0x0000000008005fc8                disk_initialize
 .text.disk_read
                0x0000000008006014       0x40 Middlewares/Third_Party/FatFs/src/diskio.o
                0x0000000008006014                disk_read
 .text.disk_write
                0x0000000008006054       0x40 Middlewares/Third_Party/FatFs/src/diskio.o
                0x0000000008006054                disk_write
 .text.ld_word  0x0000000008006094       0x30 Middlewares/Third_Party/FatFs/src/ff.o
 .text.ld_dword
                0x00000000080060c4       0x46 Middlewares/Third_Party/FatFs/src/ff.o
 *fill*         0x000000000800610a        0x2 
 .text.clear_lock
                0x000000000800610c       0x48 Middlewares/Third_Party/FatFs/src/ff.o
 .text.sync_window
                0x0000000008006154       0x88 Middlewares/Third_Party/FatFs/src/ff.o
 .text.move_window
                0x00000000080061dc       0x5a Middlewares/Third_Party/FatFs/src/ff.o
 .text.get_ldnumber
                0x0000000008006236       0x88 Middlewares/Third_Party/FatFs/src/ff.o
 *fill*         0x00000000080062be        0x2 
 .text.check_fs
                0x00000000080062c0       0xac Middlewares/Third_Party/FatFs/src/ff.o
 .text.find_volume
                0x000000000800636c      0x498 Middlewares/Third_Party/FatFs/src/ff.o
 .text.f_mount  0x0000000008006804       0x8c Middlewares/Third_Party/FatFs/src/ff.o
                0x0000000008006804                f_mount
 .text.FATFS_LinkDriverEx
                0x0000000008006890       0x98 Middlewares/Third_Party/FatFs/src/ff_gen_drv.o
                0x0000000008006890                FATFS_LinkDriverEx
 .text.FATFS_LinkDriver
                0x0000000008006928       0x1e Middlewares/Third_Party/FatFs/src/ff_gen_drv.o
                0x0000000008006928                FATFS_LinkDriver
 *fill*         0x0000000008006946        0x2 
 .text.__errno  0x0000000008006948        0xc d:/st/stm32cubeide_1.1.0/stm32cubeide/plugins/com.st.stm32cube.ide.mcu.externaltools.gnu-tools-for-stm32.7-2018-q2-update.win32_1.0.0.201904181610/tools/bin/../lib/gcc/arm-none-eabi/7.3.1/../../../../arm-none-eabi/lib/thumb/v7e-m/fpv5/hard\libc_nano.a(lib_a-errno.o)
                0x0000000008006948                __errno
 .text.__libc_init_array
                0x0000000008006954       0x48 d:/st/stm32cubeide_1.1.0/stm32cubeide/plugins/com.st.stm32cube.ide.mcu.externaltools.gnu-tools-for-stm32.7-2018-q2-update.win32_1.0.0.201904181610/tools/bin/../lib/gcc/arm-none-eabi/7.3.1/../../../../arm-none-eabi/lib/thumb/v7e-m/fpv5/hard\libc_nano.a(lib_a-init.o)
                0x0000000008006954                __libc_init_array
 .text.malloc   0x000000000800699c       0x10 d:/st/stm32cubeide_1.1.0/stm32cubeide/plugins/com.st.stm32cube.ide.mcu.externaltools.gnu-tools-for-stm32.7-2018-q2-update.win32_1.0.0.201904181610/tools/bin/../lib/gcc/arm-none-eabi/7.3.1/../../../../arm-none-eabi/lib/thumb/v7e-m/fpv5/hard\libc_nano.a(lib_a-malloc.o)
                0x000000000800699c                malloc
 .text.memset   0x00000000080069ac       0x10 d:/st/stm32cubeide_1.1.0/stm32cubeide/plugins/com.st.stm32cube.ide.mcu.externaltools.gnu-tools-for-stm32.7-2018-q2-update.win32_1.0.0.201904181610/tools/bin/../lib/gcc/arm-none-eabi/7.3.1/../../../../arm-none-eabi/lib/thumb/v7e-m/fpv5/hard\libc_nano.a(lib_a-memset.o)
                0x00000000080069ac                memset
 .text._malloc_r
                0x00000000080069bc       0xb4 d:/st/stm32cubeide_1.1.0/stm32cubeide/plugins/com.st.stm32cube.ide.mcu.externaltools.gnu-tools-for-stm32.7-2018-q2-update.win32_1.0.0.201904181610/tools/bin/../lib/gcc/arm-none-eabi/7.3.1/../../../../arm-none-eabi/lib/thumb/v7e-m/fpv5/hard\libc_nano.a(lib_a-nano-mallocr.o)
                0x00000000080069bc                _malloc_r
 .text._sbrk_r  0x0000000008006a70       0x20 d:/st/stm32cubeide_1.1.0/stm32cubeide/plugins/com.st.stm32cube.ide.mcu.externaltools.gnu-tools-for-stm32.7-2018-q2-update.win32_1.0.0.201904181610/tools/bin/../lib/gcc/arm-none-eabi/7.3.1/../../../../arm-none-eabi/lib/thumb/v7e-m/fpv5/hard\libc_nano.a(lib_a-sbrkr.o)
                0x0000000008006a70                _sbrk_r
 .text.__malloc_lock
                0x0000000008006a90        0x2 d:/st/stm32cubeide_1.1.0/stm32cubeide/plugins/com.st.stm32cube.ide.mcu.externaltools.gnu-tools-for-stm32.7-2018-q2-update.win32_1.0.0.201904181610/tools/bin/../lib/gcc/arm-none-eabi/7.3.1/../../../../arm-none-eabi/lib/thumb/v7e-m/fpv5/hard\libc_nano.a(lib_a-mlock.o)
                0x0000000008006a90                __malloc_lock
 .text.__malloc_unlock
                0x0000000008006a92        0x2 d:/st/stm32cubeide_1.1.0/stm32cubeide/plugins/com.st.stm32cube.ide.mcu.externaltools.gnu-tools-for-stm32.7-2018-q2-update.win32_1.0.0.201904181610/tools/bin/../lib/gcc/arm-none-eabi/7.3.1/../../../../arm-none-eabi/lib/thumb/v7e-m/fpv5/hard\libc_nano.a(lib_a-mlock.o)
                0x0000000008006a92                __malloc_unlock
 *(.glue_7)
 .glue_7        0x0000000008006a94        0x0 linker stubs
 *(.glue_7t)
 .glue_7t       0x0000000008006a94        0x0 linker stubs
 *(.eh_frame)
 .eh_frame      0x0000000008006a94        0x0 d:/st/stm32cubeide_1.1.0/stm32cubeide/plugins/com.st.stm32cube.ide.mcu.externaltools.gnu-tools-for-stm32.7-2018-q2-update.win32_1.0.0.201904181610/tools/bin/../lib/gcc/arm-none-eabi/7.3.1/thumb/v7e-m/fpv5/hard/crtbegin.o
 *(.init)
 .init          0x0000000008006a94        0x4 d:/st/stm32cubeide_1.1.0/stm32cubeide/plugins/com.st.stm32cube.ide.mcu.externaltools.gnu-tools-for-stm32.7-2018-q2-update.win32_1.0.0.201904181610/tools/bin/../lib/gcc/arm-none-eabi/7.3.1/thumb/v7e-m/fpv5/hard/crti.o
                0x0000000008006a94                _init
 .init          0x0000000008006a98        0x8 d:/st/stm32cubeide_1.1.0/stm32cubeide/plugins/com.st.stm32cube.ide.mcu.externaltools.gnu-tools-for-stm32.7-2018-q2-update.win32_1.0.0.201904181610/tools/bin/../lib/gcc/arm-none-eabi/7.3.1/thumb/v7e-m/fpv5/hard/crtn.o
 *(.fini)
 .fini          0x0000000008006aa0        0x4 d:/st/stm32cubeide_1.1.0/stm32cubeide/plugins/com.st.stm32cube.ide.mcu.externaltools.gnu-tools-for-stm32.7-2018-q2-update.win32_1.0.0.201904181610/tools/bin/../lib/gcc/arm-none-eabi/7.3.1/thumb/v7e-m/fpv5/hard/crti.o
                0x0000000008006aa0                _fini
 .fini          0x0000000008006aa4        0x8 d:/st/stm32cubeide_1.1.0/stm32cubeide/plugins/com.st.stm32cube.ide.mcu.externaltools.gnu-tools-for-stm32.7-2018-q2-update.win32_1.0.0.201904181610/tools/bin/../lib/gcc/arm-none-eabi/7.3.1/thumb/v7e-m/fpv5/hard/crtn.o
                0x0000000008006aac                . = ALIGN (0x4)
                0x0000000008006aac                _etext = .

.vfp11_veneer   0x0000000008006aac        0x0
 .vfp11_veneer  0x0000000008006aac        0x0 linker stubs

.v4_bx          0x0000000008006aac        0x0
 .v4_bx         0x0000000008006aac        0x0 linker stubs

.iplt           0x0000000008006aac        0x0
 .iplt          0x0000000008006aac        0x0 d:/st/stm32cubeide_1.1.0/stm32cubeide/plugins/com.st.stm32cube.ide.mcu.externaltools.gnu-tools-for-stm32.7-2018-q2-update.win32_1.0.0.201904181610/tools/bin/../lib/gcc/arm-none-eabi/7.3.1/thumb/v7e-m/fpv5/hard/crtbegin.o

.rodata         0x0000000008006aac       0x60
                0x0000000008006aac                . = ALIGN (0x4)
 *(.rodata)
 .rodata        0x0000000008006aac       0x32 Core/Src/main.o
 *(.rodata*)
 *fill*         0x0000000008006ade        0x2 
 .rodata.AHBPrescTable
                0x0000000008006ae0       0x10 Core/Src/system_stm32f7xx.o
                0x0000000008006ae0                AHBPrescTable
 .rodata.APBPrescTable
                0x0000000008006af0        0x8 Core/Src/system_stm32f7xx.o
                0x0000000008006af0                APBPrescTable
 .rodata.SD_Driver
                0x0000000008006af8       0x14 FATFS/Target/sd_diskio.o
                0x0000000008006af8                SD_Driver
                0x0000000008006b0c                . = ALIGN (0x4)

.ARM.extab      0x0000000008006b0c        0x0
                0x0000000008006b0c                . = ALIGN (0x4)
 *(.ARM.extab* .gnu.linkonce.armextab.*)
                0x0000000008006b0c                . = ALIGN (0x4)

.ARM            0x0000000008006b0c        0x8
                0x0000000008006b0c                . = ALIGN (0x4)
                0x0000000008006b0c                __exidx_start = .
 *(.ARM.exidx*)
 .ARM.exidx     0x0000000008006b0c        0x8 d:/st/stm32cubeide_1.1.0/stm32cubeide/plugins/com.st.stm32cube.ide.mcu.externaltools.gnu-tools-for-stm32.7-2018-q2-update.win32_1.0.0.201904181610/tools/bin/../lib/gcc/arm-none-eabi/7.3.1/thumb/v7e-m/fpv5/hard\libgcc.a(_udivmoddi4.o)
                0x0000000008006b14                __exidx_end = .
                0x0000000008006b14                . = ALIGN (0x4)

.rel.dyn        0x0000000008006b14        0x0
 .rel.iplt      0x0000000008006b14        0x0 d:/st/stm32cubeide_1.1.0/stm32cubeide/plugins/com.st.stm32cube.ide.mcu.externaltools.gnu-tools-for-stm32.7-2018-q2-update.win32_1.0.0.201904181610/tools/bin/../lib/gcc/arm-none-eabi/7.3.1/thumb/v7e-m/fpv5/hard/crtbegin.o

.preinit_array  0x0000000008006b14        0x0
                0x0000000008006b14                . = ALIGN (0x4)
                0x0000000008006b14                PROVIDE (__preinit_array_start = .)
 *(.preinit_array*)
                0x0000000008006b14                PROVIDE (__preinit_array_end = .)
                0x0000000008006b14                . = ALIGN (0x4)

.init_array     0x0000000008006b14        0x4
                0x0000000008006b14                . = ALIGN (0x4)
                0x0000000008006b14                PROVIDE (__init_array_start = .)
 *(SORT_BY_NAME(.init_array.*))
 *(.init_array*)
 .init_array    0x0000000008006b14        0x4 d:/st/stm32cubeide_1.1.0/stm32cubeide/plugins/com.st.stm32cube.ide.mcu.externaltools.gnu-tools-for-stm32.7-2018-q2-update.win32_1.0.0.201904181610/tools/bin/../lib/gcc/arm-none-eabi/7.3.1/thumb/v7e-m/fpv5/hard/crtbegin.o
                0x0000000008006b18                PROVIDE (__init_array_end = .)
                0x0000000008006b18                . = ALIGN (0x4)

.fini_array     0x0000000008006b18        0x4
                0x0000000008006b18                . = ALIGN (0x4)
                [!provide]                        PROVIDE (__fini_array_start = .)
 *(SORT_BY_NAME(.fini_array.*))
 *(.fini_array*)
 .fini_array    0x0000000008006b18        0x4 d:/st/stm32cubeide_1.1.0/stm32cubeide/plugins/com.st.stm32cube.ide.mcu.externaltools.gnu-tools-for-stm32.7-2018-q2-update.win32_1.0.0.201904181610/tools/bin/../lib/gcc/arm-none-eabi/7.3.1/thumb/v7e-m/fpv5/hard/crtbegin.o
                [!provide]                        PROVIDE (__fini_array_end = .)
                0x0000000008006b1c                . = ALIGN (0x4)
                0x0000000008006b1c                _sidata = LOADADDR (.data)

.data           0x0000000020000000       0x6c load address 0x0000000008006b1c
                0x0000000020000000                . = ALIGN (0x4)
                0x0000000020000000                _sdata = .
 *(.data)
 *(.data*)
 .data.SystemCoreClock
                0x0000000020000000        0x4 Core/Src/system_stm32f7xx.o
                0x0000000020000000                SystemCoreClock
 .data.uwTickFreq
                0x0000000020000004        0x1 Drivers/STM32F7xx_HAL_Driver/Src/stm32f7xx_hal.o
                0x0000000020000004                uwTickFreq
 .data.Stat     0x0000000020000005        0x1 FATFS/Target/sd_diskio.o
 *fill*         0x0000000020000006        0x2 
 .data._impure_ptr
                0x0000000020000008        0x4 d:/st/stm32cubeide_1.1.0/stm32cubeide/plugins/com.st.stm32cube.ide.mcu.externaltools.gnu-tools-for-stm32.7-2018-q2-update.win32_1.0.0.201904181610/tools/bin/../lib/gcc/arm-none-eabi/7.3.1/../../../../arm-none-eabi/lib/thumb/v7e-m/fpv5/hard\libc_nano.a(lib_a-impure.o)
                0x0000000020000008                _impure_ptr
 .data.impure_data
                0x000000002000000c       0x60 d:/st/stm32cubeide_1.1.0/stm32cubeide/plugins/com.st.stm32cube.ide.mcu.externaltools.gnu-tools-for-stm32.7-2018-q2-update.win32_1.0.0.201904181610/tools/bin/../lib/gcc/arm-none-eabi/7.3.1/../../../../arm-none-eabi/lib/thumb/v7e-m/fpv5/hard\libc_nano.a(lib_a-impure.o)
                0x000000002000006c                . = ALIGN (0x4)
                0x000000002000006c                _edata = .

.igot.plt       0x000000002000006c        0x0 load address 0x0000000008006b88
 .igot.plt      0x000000002000006c        0x0 d:/st/stm32cubeide_1.1.0/stm32cubeide/plugins/com.st.stm32cube.ide.mcu.externaltools.gnu-tools-for-stm32.7-2018-q2-update.win32_1.0.0.201904181610/tools/bin/../lib/gcc/arm-none-eabi/7.3.1/thumb/v7e-m/fpv5/hard/crtbegin.o
                0x000000002000006c                . = ALIGN (0x4)

.bss            0x000000002000006c      0x648 load address 0x0000000008006b88
                0x000000002000006c                _sbss = .
                0x000000002000006c                __bss_start__ = _sbss
 *(.bss)
 .bss           0x000000002000006c       0x1c d:/st/stm32cubeide_1.1.0/stm32cubeide/plugins/com.st.stm32cube.ide.mcu.externaltools.gnu-tools-for-stm32.7-2018-q2-update.win32_1.0.0.201904181610/tools/bin/../lib/gcc/arm-none-eabi/7.3.1/thumb/v7e-m/fpv5/hard/crtbegin.o
 *(.bss*)
 .bss.FMC_Initialized
                0x0000000020000088        0x4 Core/Src/stm32f7xx_hal_msp.o
 .bss.heap_end.6424
                0x000000002000008c        0x4 Core/Src/sysmem.o
 .bss.FatFs     0x0000000020000090        0x4 Middlewares/Third_Party/FatFs/src/ff.o
 .bss.Fsid      0x0000000020000094        0x2 Middlewares/Third_Party/FatFs/src/ff.o
 *fill*         0x0000000020000096        0x2 
 .bss.Files     0x0000000020000098       0x20 Middlewares/Third_Party/FatFs/src/ff.o
 .bss.disk      0x00000000200000b8        0xc Middlewares/Third_Party/FatFs/src/ff_gen_drv.o
                0x00000000200000b8                disk
 .bss.__malloc_free_list
                0x00000000200000c4        0x4 d:/st/stm32cubeide_1.1.0/stm32cubeide/plugins/com.st.stm32cube.ide.mcu.externaltools.gnu-tools-for-stm32.7-2018-q2-update.win32_1.0.0.201904181610/tools/bin/../lib/gcc/arm-none-eabi/7.3.1/../../../../arm-none-eabi/lib/thumb/v7e-m/fpv5/hard\libc_nano.a(lib_a-nano-mallocr.o)
                0x00000000200000c4                __malloc_free_list
 .bss.__malloc_sbrk_start
                0x00000000200000c8        0x4 d:/st/stm32cubeide_1.1.0/stm32cubeide/plugins/com.st.stm32cube.ide.mcu.externaltools.gnu-tools-for-stm32.7-2018-q2-update.win32_1.0.0.201904181610/tools/bin/../lib/gcc/arm-none-eabi/7.3.1/../../../../arm-none-eabi/lib/thumb/v7e-m/fpv5/hard\libc_nano.a(lib_a-nano-mallocr.o)
                0x00000000200000c8                __malloc_sbrk_start
 *(COMMON)
 COMMON         0x00000000200000cc      0x138 Core/Src/main.o
                0x00000000200000cc                hsd2
                0x0000000020000150                hsdram2
                0x0000000020000184                huart1
 COMMON         0x0000000020000204       0x40 Core/Src/stm32f7xx_hal_timebase_tim.o
                0x0000000020000204                htim6
 COMMON         0x0000000020000244        0x4 Drivers/STM32F7xx_HAL_Driver/Src/stm32f7xx_hal.o
                0x0000000020000244                uwTick
 COMMON         0x0000000020000248      0x468 FATFS/App/fatfs.o
                0x0000000020000248                retSD
                0x000000002000024c                SDPath
                0x0000000020000250                SDFile
                0x0000000020000480                SDFatFS
 COMMON         0x00000000200006b0        0x4 d:/st/stm32cubeide_1.1.0/stm32cubeide/plugins/com.st.stm32cube.ide.mcu.externaltools.gnu-tools-for-stm32.7-2018-q2-update.win32_1.0.0.201904181610/tools/bin/../lib/gcc/arm-none-eabi/7.3.1/../../../../arm-none-eabi/lib/thumb/v7e-m/fpv5/hard\libc_nano.a(lib_a-reent.o)
                0x00000000200006b0                errno
                0x00000000200006b4                . = ALIGN (0x4)
                0x00000000200006b4                _ebss = .
                0x00000000200006b4                __bss_end__ = _ebss

._user_heap_stack
                0x00000000200006b4      0x604 load address 0x0000000008006b88
                0x00000000200006b8                . = ALIGN (0x8)
 *fill*         0x00000000200006b4        0x4 
                0x00000000200006b8                PROVIDE (end = .)
                [!provide]                        PROVIDE (_end = .)
                0x00000000200008b8                . = (. + _Min_Heap_Size)
 *fill*         0x00000000200006b8      0x200 
                0x0000000020000cb8                . = (. + _Min_Stack_Size)
 *fill*         0x00000000200008b8      0x400 
                0x0000000020000cb8                . = ALIGN (0x8)

/DISCARD/
 libc.a(*)
 libm.a(*)
 libgcc.a(*)

.ARM.attributes
                0x0000000000000000       0x2e
 *(.ARM.attributes)
 .ARM.attributes
                0x0000000000000000       0x20 d:/st/stm32cubeide_1.1.0/stm32cubeide/plugins/com.st.stm32cube.ide.mcu.externaltools.gnu-tools-for-stm32.7-2018-q2-update.win32_1.0.0.201904181610/tools/bin/../lib/gcc/arm-none-eabi/7.3.1/thumb/v7e-m/fpv5/hard/crti.o
 .ARM.attributes
                0x0000000000000020       0x32 d:/st/stm32cubeide_1.1.0/stm32cubeide/plugins/com.st.stm32cube.ide.mcu.externaltools.gnu-tools-for-stm32.7-2018-q2-update.win32_1.0.0.201904181610/tools/bin/../lib/gcc/arm-none-eabi/7.3.1/thumb/v7e-m/fpv5/hard/crtbegin.o
 .ARM.attributes
                0x0000000000000052       0x37 Core/Src/main.o
 .ARM.attributes
                0x0000000000000089       0x37 Core/Src/stm32f7xx_hal_msp.o
 .ARM.attributes
                0x00000000000000c0       0x37 Core/Src/stm32f7xx_hal_timebase_tim.o
 .ARM.attributes
                0x00000000000000f7       0x37 Core/Src/stm32f7xx_it.o
 .ARM.attributes
                0x000000000000012e       0x37 Core/Src/sysmem.o
 .ARM.attributes
                0x0000000000000165       0x37 Core/Src/system_stm32f7xx.o
 .ARM.attributes
                0x000000000000019c       0x21 Core/Startup/startup_stm32f769nihx.o
 .ARM.attributes
                0x00000000000001bd       0x37 Drivers/STM32F7xx_HAL_Driver/Src/stm32f7xx_hal.o
 .ARM.attributes
                0x00000000000001f4       0x37 Drivers/STM32F7xx_HAL_Driver/Src/stm32f7xx_hal_cortex.o
 .ARM.attributes
                0x000000000000022b       0x37 Drivers/STM32F7xx_HAL_Driver/Src/stm32f7xx_hal_gpio.o
 .ARM.attributes
                0x0000000000000262       0x37 Drivers/STM32F7xx_HAL_Driver/Src/stm32f7xx_hal_pwr.o
 .ARM.attributes
                0x0000000000000299       0x37 Drivers/STM32F7xx_HAL_Driver/Src/stm32f7xx_hal_pwr_ex.o
 .ARM.attributes
                0x00000000000002d0       0x37 Drivers/STM32F7xx_HAL_Driver/Src/stm32f7xx_hal_rcc.o
 .ARM.attributes
                0x0000000000000307       0x37 Drivers/STM32F7xx_HAL_Driver/Src/stm32f7xx_hal_rcc_ex.o
 .ARM.attributes
                0x000000000000033e       0x37 Drivers/STM32F7xx_HAL_Driver/Src/stm32f7xx_hal_sd.o
 .ARM.attributes
                0x0000000000000375       0x37 Drivers/STM32F7xx_HAL_Driver/Src/stm32f7xx_hal_sdram.o
 .ARM.attributes
                0x00000000000003ac       0x37 Drivers/STM32F7xx_HAL_Driver/Src/stm32f7xx_hal_tim.o
 .ARM.attributes
                0x00000000000003e3       0x37 Drivers/STM32F7xx_HAL_Driver/Src/stm32f7xx_hal_tim_ex.o
 .ARM.attributes
                0x000000000000041a       0x37 Drivers/STM32F7xx_HAL_Driver/Src/stm32f7xx_hal_uart.o
 .ARM.attributes
                0x0000000000000451       0x37 Drivers/STM32F7xx_HAL_Driver/Src/stm32f7xx_ll_fmc.o
 .ARM.attributes
                0x0000000000000488       0x37 Drivers/STM32F7xx_HAL_Driver/Src/stm32f7xx_ll_sdmmc.o
 .ARM.attributes
                0x00000000000004bf       0x37 FATFS/App/fatfs.o
 .ARM.attributes
                0x00000000000004f6       0x37 FATFS/Target/bsp_driver_sd.o
 .ARM.attributes
                0x000000000000052d       0x37 FATFS/Target/fatfs_platform.o
 .ARM.attributes
                0x0000000000000564       0x37 FATFS/Target/sd_diskio.o
 .ARM.attributes
                0x000000000000059b       0x37 Middlewares/Third_Party/FatFs/src/diskio.o
 .ARM.attributes
                0x00000000000005d2       0x37 Middlewares/Third_Party/FatFs/src/ff.o
 .ARM.attributes
                0x0000000000000609       0x37 Middlewares/Third_Party/FatFs/src/ff_gen_drv.o
 .ARM.attributes
                0x0000000000000640       0x32 d:/st/stm32cubeide_1.1.0/stm32cubeide/plugins/com.st.stm32cube.ide.mcu.externaltools.gnu-tools-for-stm32.7-2018-q2-update.win32_1.0.0.201904181610/tools/bin/../lib/gcc/arm-none-eabi/7.3.1/../../../../arm-none-eabi/lib/thumb/v7e-m/fpv5/hard\libc_nano.a(lib_a-errno.o)
 .ARM.attributes
                0x0000000000000672       0x32 d:/st/stm32cubeide_1.1.0/stm32cubeide/plugins/com.st.stm32cube.ide.mcu.externaltools.gnu-tools-for-stm32.7-2018-q2-update.win32_1.0.0.201904181610/tools/bin/../lib/gcc/arm-none-eabi/7.3.1/../../../../arm-none-eabi/lib/thumb/v7e-m/fpv5/hard\libc_nano.a(lib_a-impure.o)
 .ARM.attributes
                0x00000000000006a4       0x32 d:/st/stm32cubeide_1.1.0/stm32cubeide/plugins/com.st.stm32cube.ide.mcu.externaltools.gnu-tools-for-stm32.7-2018-q2-update.win32_1.0.0.201904181610/tools/bin/../lib/gcc/arm-none-eabi/7.3.1/../../../../arm-none-eabi/lib/thumb/v7e-m/fpv5/hard\libc_nano.a(lib_a-init.o)
 .ARM.attributes
                0x00000000000006d6       0x32 d:/st/stm32cubeide_1.1.0/stm32cubeide/plugins/com.st.stm32cube.ide.mcu.externaltools.gnu-tools-for-stm32.7-2018-q2-update.win32_1.0.0.201904181610/tools/bin/../lib/gcc/arm-none-eabi/7.3.1/../../../../arm-none-eabi/lib/thumb/v7e-m/fpv5/hard\libc_nano.a(lib_a-malloc.o)
 .ARM.attributes
                0x0000000000000708       0x32 d:/st/stm32cubeide_1.1.0/stm32cubeide/plugins/com.st.stm32cube.ide.mcu.externaltools.gnu-tools-for-stm32.7-2018-q2-update.win32_1.0.0.201904181610/tools/bin/../lib/gcc/arm-none-eabi/7.3.1/../../../../arm-none-eabi/lib/thumb/v7e-m/fpv5/hard\libc_nano.a(lib_a-memset.o)
 .ARM.attributes
                0x000000000000073a       0x32 d:/st/stm32cubeide_1.1.0/stm32cubeide/plugins/com.st.stm32cube.ide.mcu.externaltools.gnu-tools-for-stm32.7-2018-q2-update.win32_1.0.0.201904181610/tools/bin/../lib/gcc/arm-none-eabi/7.3.1/../../../../arm-none-eabi/lib/thumb/v7e-m/fpv5/hard\libc_nano.a(lib_a-nano-mallocr.o)
 .ARM.attributes
                0x000000000000076c       0x32 d:/st/stm32cubeide_1.1.0/stm32cubeide/plugins/com.st.stm32cube.ide.mcu.externaltools.gnu-tools-for-stm32.7-2018-q2-update.win32_1.0.0.201904181610/tools/bin/../lib/gcc/arm-none-eabi/7.3.1/../../../../arm-none-eabi/lib/thumb/v7e-m/fpv5/hard\libc_nano.a(lib_a-sbrkr.o)
 .ARM.attributes
                0x000000000000079e       0x32 d:/st/stm32cubeide_1.1.0/stm32cubeide/plugins/com.st.stm32cube.ide.mcu.externaltools.gnu-tools-for-stm32.7-2018-q2-update.win32_1.0.0.201904181610/tools/bin/../lib/gcc/arm-none-eabi/7.3.1/../../../../arm-none-eabi/lib/thumb/v7e-m/fpv5/hard\libc_nano.a(lib_a-mlock.o)
 .ARM.attributes
                0x00000000000007d0       0x32 d:/st/stm32cubeide_1.1.0/stm32cubeide/plugins/com.st.stm32cube.ide.mcu.externaltools.gnu-tools-for-stm32.7-2018-q2-update.win32_1.0.0.201904181610/tools/bin/../lib/gcc/arm-none-eabi/7.3.1/../../../../arm-none-eabi/lib/thumb/v7e-m/fpv5/hard\libc_nano.a(lib_a-reent.o)
 .ARM.attributes
                0x0000000000000802       0x20 d:/st/stm32cubeide_1.1.0/stm32cubeide/plugins/com.st.stm32cube.ide.mcu.externaltools.gnu-tools-for-stm32.7-2018-q2-update.win32_1.0.0.201904181610/tools/bin/../lib/gcc/arm-none-eabi/7.3.1/thumb/v7e-m/fpv5/hard\libgcc.a(_aeabi_uldivmod.o)
 .ARM.attributes
                0x0000000000000822       0x32 d:/st/stm32cubeide_1.1.0/stm32cubeide/plugins/com.st.stm32cube.ide.mcu.externaltools.gnu-tools-for-stm32.7-2018-q2-update.win32_1.0.0.201904181610/tools/bin/../lib/gcc/arm-none-eabi/7.3.1/thumb/v7e-m/fpv5/hard\libgcc.a(_udivmoddi4.o)
 .ARM.attributes
                0x0000000000000854       0x20 d:/st/stm32cubeide_1.1.0/stm32cubeide/plugins/com.st.stm32cube.ide.mcu.externaltools.gnu-tools-for-stm32.7-2018-q2-update.win32_1.0.0.201904181610/tools/bin/../lib/gcc/arm-none-eabi/7.3.1/thumb/v7e-m/fpv5/hard\libgcc.a(_dvmd_tls.o)
 .ARM.attributes
                0x0000000000000874       0x20 d:/st/stm32cubeide_1.1.0/stm32cubeide/plugins/com.st.stm32cube.ide.mcu.externaltools.gnu-tools-for-stm32.7-2018-q2-update.win32_1.0.0.201904181610/tools/bin/../lib/gcc/arm-none-eabi/7.3.1/thumb/v7e-m/fpv5/hard/crtn.o
OUTPUT(STM32F769_SDCARD_demo.elf elf32-littlearm)

.debug_info     0x0000000000000000    0x19bb0
 .debug_info    0x0000000000000000     0x2407 Core/Src/main.o
 .debug_info    0x0000000000002407     0x1087 Core/Src/stm32f7xx_hal_msp.o
 .debug_info    0x000000000000348e      0xc49 Core/Src/stm32f7xx_hal_timebase_tim.o
 .debug_info    0x00000000000040d7      0x727 Core/Src/stm32f7xx_it.o
 .debug_info    0x00000000000047fe      0x91c Core/Src/sysmem.o
 .debug_info    0x000000000000511a      0x73d Core/Src/system_stm32f7xx.o
 .debug_info    0x0000000000005857       0x22 Core/Startup/startup_stm32f769nihx.o
 .debug_info    0x0000000000005879      0xa3d Drivers/STM32F7xx_HAL_Driver/Src/stm32f7xx_hal.o
 .debug_info    0x00000000000062b6     0x1092 Drivers/STM32F7xx_HAL_Driver/Src/stm32f7xx_hal_cortex.o
 .debug_info    0x0000000000007348      0x7e9 Drivers/STM32F7xx_HAL_Driver/Src/stm32f7xx_hal_gpio.o
 .debug_info    0x0000000000007b31      0x9b4 Drivers/STM32F7xx_HAL_Driver/Src/stm32f7xx_hal_pwr.o
 .debug_info    0x00000000000084e5      0x96b Drivers/STM32F7xx_HAL_Driver/Src/stm32f7xx_hal_pwr_ex.o
 .debug_info    0x0000000000008e50      0x987 Drivers/STM32F7xx_HAL_Driver/Src/stm32f7xx_hal_rcc.o
 .debug_info    0x00000000000097d7      0x7d1 Drivers/STM32F7xx_HAL_Driver/Src/stm32f7xx_hal_rcc_ex.o
 .debug_info    0x0000000000009fa8     0x17c8 Drivers/STM32F7xx_HAL_Driver/Src/stm32f7xx_hal_sd.o
 .debug_info    0x000000000000b770      0xca1 Drivers/STM32F7xx_HAL_Driver/Src/stm32f7xx_hal_sdram.o
 .debug_info    0x000000000000c411     0x25ba Drivers/STM32F7xx_HAL_Driver/Src/stm32f7xx_hal_tim.o
 .debug_info    0x000000000000e9cb     0x1307 Drivers/STM32F7xx_HAL_Driver/Src/stm32f7xx_hal_tim_ex.o
 .debug_info    0x000000000000fcd2     0x1639 Drivers/STM32F7xx_HAL_Driver/Src/stm32f7xx_hal_uart.o
 .debug_info    0x000000000001130b      0xccd Drivers/STM32F7xx_HAL_Driver/Src/stm32f7xx_ll_fmc.o
 .debug_info    0x0000000000011fd8     0x10bd Drivers/STM32F7xx_HAL_Driver/Src/stm32f7xx_ll_sdmmc.o
 .debug_info    0x0000000000013095      0xd86 FATFS/App/fatfs.o
 .debug_info    0x0000000000013e1b      0xa75 FATFS/Target/bsp_driver_sd.o
 .debug_info    0x0000000000014890      0x265 FATFS/Target/fatfs_platform.o
 .debug_info    0x0000000000014af5      0xd14 FATFS/Target/sd_diskio.o
 .debug_info    0x0000000000015809      0xcdc Middlewares/Third_Party/FatFs/src/diskio.o
 .debug_info    0x00000000000164e5     0x2a57 Middlewares/Third_Party/FatFs/src/ff.o
 .debug_info    0x0000000000018f3c      0xc74 Middlewares/Third_Party/FatFs/src/ff_gen_drv.o

.debug_abbrev   0x0000000000000000     0x3476
 .debug_abbrev  0x0000000000000000      0x2c9 Core/Src/main.o
 .debug_abbrev  0x00000000000002c9      0x201 Core/Src/stm32f7xx_hal_msp.o
 .debug_abbrev  0x00000000000004ca      0x19d Core/Src/stm32f7xx_hal_timebase_tim.o
 .debug_abbrev  0x0000000000000667      0x15a Core/Src/stm32f7xx_it.o
 .debug_abbrev  0x00000000000007c1      0x1bb Core/Src/sysmem.o
 .debug_abbrev  0x000000000000097c      0x147 Core/Src/system_stm32f7xx.o
 .debug_abbrev  0x0000000000000ac3       0x12 Core/Startup/startup_stm32f769nihx.o
 .debug_abbrev  0x0000000000000ad5      0x1c7 Drivers/STM32F7xx_HAL_Driver/Src/stm32f7xx_hal.o
 .debug_abbrev  0x0000000000000c9c      0x2fa Drivers/STM32F7xx_HAL_Driver/Src/stm32f7xx_hal_cortex.o
 .debug_abbrev  0x0000000000000f96      0x1c9 Drivers/STM32F7xx_HAL_Driver/Src/stm32f7xx_hal_gpio.o
 .debug_abbrev  0x000000000000115f      0x1b6 Drivers/STM32F7xx_HAL_Driver/Src/stm32f7xx_hal_pwr.o
 .debug_abbrev  0x0000000000001315      0x1b8 Drivers/STM32F7xx_HAL_Driver/Src/stm32f7xx_hal_pwr_ex.o
 .debug_abbrev  0x00000000000014cd      0x268 Drivers/STM32F7xx_HAL_Driver/Src/stm32f7xx_hal_rcc.o
 .debug_abbrev  0x0000000000001735      0x1ad Drivers/STM32F7xx_HAL_Driver/Src/stm32f7xx_hal_rcc_ex.o
 .debug_abbrev  0x00000000000018e2      0x23d Drivers/STM32F7xx_HAL_Driver/Src/stm32f7xx_hal_sd.o
 .debug_abbrev  0x0000000000001b1f      0x1f7 Drivers/STM32F7xx_HAL_Driver/Src/stm32f7xx_hal_sdram.o
 .debug_abbrev  0x0000000000001d16      0x230 Drivers/STM32F7xx_HAL_Driver/Src/stm32f7xx_hal_tim.o
 .debug_abbrev  0x0000000000001f46      0x21e Drivers/STM32F7xx_HAL_Driver/Src/stm32f7xx_hal_tim_ex.o
 .debug_abbrev  0x0000000000002164      0x205 Drivers/STM32F7xx_HAL_Driver/Src/stm32f7xx_hal_uart.o
 .debug_abbrev  0x0000000000002369      0x170 Drivers/STM32F7xx_HAL_Driver/Src/stm32f7xx_ll_fmc.o
 .debug_abbrev  0x00000000000024d9      0x1cd Drivers/STM32F7xx_HAL_Driver/Src/stm32f7xx_ll_sdmmc.o
 .debug_abbrev  0x00000000000026a6      0x1df FATFS/App/fatfs.o
 .debug_abbrev  0x0000000000002885      0x21c FATFS/Target/bsp_driver_sd.o
 .debug_abbrev  0x0000000000002aa1       0xf7 FATFS/Target/fatfs_platform.o
 .debug_abbrev  0x0000000000002b98      0x1fa FATFS/Target/sd_diskio.o
 .debug_abbrev  0x0000000000002d92      0x209 Middlewares/Third_Party/FatFs/src/diskio.o
 .debug_abbrev  0x0000000000002f9b      0x2a5 Middlewares/Third_Party/FatFs/src/ff.o
 .debug_abbrev  0x0000000000003240      0x236 Middlewares/Third_Party/FatFs/src/ff_gen_drv.o

.debug_aranges  0x0000000000000000     0x1578
 .debug_aranges
                0x0000000000000000       0x58 Core/Src/main.o
 .debug_aranges
                0x0000000000000058       0x60 Core/Src/stm32f7xx_hal_msp.o
 .debug_aranges
                0x00000000000000b8       0x30 Core/Src/stm32f7xx_hal_timebase_tim.o
 .debug_aranges
                0x00000000000000e8       0x60 Core/Src/stm32f7xx_it.o
 .debug_aranges
                0x0000000000000148       0x20 Core/Src/sysmem.o
 .debug_aranges
                0x0000000000000168       0x28 Core/Src/system_stm32f7xx.o
 .debug_aranges
                0x0000000000000190       0x28 Core/Startup/startup_stm32f769nihx.o
 .debug_aranges
                0x00000000000001b8      0x110 Drivers/STM32F7xx_HAL_Driver/Src/stm32f7xx_hal.o
 .debug_aranges
                0x00000000000002c8      0x118 Drivers/STM32F7xx_HAL_Driver/Src/stm32f7xx_hal_cortex.o
 .debug_aranges
                0x00000000000003e0       0x58 Drivers/STM32F7xx_HAL_Driver/Src/stm32f7xx_hal_gpio.o
 .debug_aranges
                0x0000000000000438       0xa0 Drivers/STM32F7xx_HAL_Driver/Src/stm32f7xx_hal_pwr.o
 .debug_aranges
                0x00000000000004d8       0x80 Drivers/STM32F7xx_HAL_Driver/Src/stm32f7xx_hal_pwr_ex.o
 .debug_aranges
                0x0000000000000558       0x88 Drivers/STM32F7xx_HAL_Driver/Src/stm32f7xx_hal_rcc.o
 .debug_aranges
                0x00000000000005e0       0x50 Drivers/STM32F7xx_HAL_Driver/Src/stm32f7xx_hal_rcc_ex.o
 .debug_aranges
                0x0000000000000630      0x168 Drivers/STM32F7xx_HAL_Driver/Src/stm32f7xx_hal_sd.o
 .debug_aranges
                0x0000000000000798       0xd0 Drivers/STM32F7xx_HAL_Driver/Src/stm32f7xx_hal_sdram.o
 .debug_aranges
                0x0000000000000868      0x3b8 Drivers/STM32F7xx_HAL_Driver/Src/stm32f7xx_hal_tim.o
 .debug_aranges
                0x0000000000000c20      0x168 Drivers/STM32F7xx_HAL_Driver/Src/stm32f7xx_hal_tim_ex.o
 .debug_aranges
                0x0000000000000d88      0x1f8 Drivers/STM32F7xx_HAL_Driver/Src/stm32f7xx_hal_uart.o
 .debug_aranges
                0x0000000000000f80       0xc8 Drivers/STM32F7xx_HAL_Driver/Src/stm32f7xx_ll_fmc.o
 .debug_aranges
                0x0000000000001048      0x178 Drivers/STM32F7xx_HAL_Driver/Src/stm32f7xx_ll_sdmmc.o
 .debug_aranges
                0x00000000000011c0       0x28 FATFS/App/fatfs.o
 .debug_aranges
                0x00000000000011e8       0x98 FATFS/Target/bsp_driver_sd.o
 .debug_aranges
                0x0000000000001280       0x20 FATFS/Target/fatfs_platform.o
 .debug_aranges
                0x00000000000012a0       0x48 FATFS/Target/sd_diskio.o
 .debug_aranges
                0x00000000000012e8       0x48 Middlewares/Third_Party/FatFs/src/diskio.o
 .debug_aranges
                0x0000000000001330      0x208 Middlewares/Third_Party/FatFs/src/ff.o
 .debug_aranges
                0x0000000000001538       0x40 Middlewares/Third_Party/FatFs/src/ff_gen_drv.o

.debug_ranges   0x0000000000000000     0x13c0
 .debug_ranges  0x0000000000000000       0x48 Core/Src/main.o
 .debug_ranges  0x0000000000000048       0x50 Core/Src/stm32f7xx_hal_msp.o
 .debug_ranges  0x0000000000000098       0x20 Core/Src/stm32f7xx_hal_timebase_tim.o
 .debug_ranges  0x00000000000000b8       0x50 Core/Src/stm32f7xx_it.o
 .debug_ranges  0x0000000000000108       0x10 Core/Src/sysmem.o
 .debug_ranges  0x0000000000000118       0x18 Core/Src/system_stm32f7xx.o
 .debug_ranges  0x0000000000000130       0x20 Core/Startup/startup_stm32f769nihx.o
 .debug_ranges  0x0000000000000150      0x100 Drivers/STM32F7xx_HAL_Driver/Src/stm32f7xx_hal.o
 .debug_ranges  0x0000000000000250      0x108 Drivers/STM32F7xx_HAL_Driver/Src/stm32f7xx_hal_cortex.o
 .debug_ranges  0x0000000000000358       0x48 Drivers/STM32F7xx_HAL_Driver/Src/stm32f7xx_hal_gpio.o
 .debug_ranges  0x00000000000003a0       0x90 Drivers/STM32F7xx_HAL_Driver/Src/stm32f7xx_hal_pwr.o
 .debug_ranges  0x0000000000000430       0x70 Drivers/STM32F7xx_HAL_Driver/Src/stm32f7xx_hal_pwr_ex.o
 .debug_ranges  0x00000000000004a0       0x78 Drivers/STM32F7xx_HAL_Driver/Src/stm32f7xx_hal_rcc.o
 .debug_ranges  0x0000000000000518       0x40 Drivers/STM32F7xx_HAL_Driver/Src/stm32f7xx_hal_rcc_ex.o
 .debug_ranges  0x0000000000000558      0x158 Drivers/STM32F7xx_HAL_Driver/Src/stm32f7xx_hal_sd.o
 .debug_ranges  0x00000000000006b0       0xc0 Drivers/STM32F7xx_HAL_Driver/Src/stm32f7xx_hal_sdram.o
 .debug_ranges  0x0000000000000770      0x3a8 Drivers/STM32F7xx_HAL_Driver/Src/stm32f7xx_hal_tim.o
 .debug_ranges  0x0000000000000b18      0x158 Drivers/STM32F7xx_HAL_Driver/Src/stm32f7xx_hal_tim_ex.o
 .debug_ranges  0x0000000000000c70      0x1e8 Drivers/STM32F7xx_HAL_Driver/Src/stm32f7xx_hal_uart.o
 .debug_ranges  0x0000000000000e58       0xb8 Drivers/STM32F7xx_HAL_Driver/Src/stm32f7xx_ll_fmc.o
 .debug_ranges  0x0000000000000f10      0x168 Drivers/STM32F7xx_HAL_Driver/Src/stm32f7xx_ll_sdmmc.o
 .debug_ranges  0x0000000000001078       0x18 FATFS/App/fatfs.o
 .debug_ranges  0x0000000000001090       0x88 FATFS/Target/bsp_driver_sd.o
 .debug_ranges  0x0000000000001118       0x10 FATFS/Target/fatfs_platform.o
 .debug_ranges  0x0000000000001128       0x38 FATFS/Target/sd_diskio.o
 .debug_ranges  0x0000000000001160       0x38 Middlewares/Third_Party/FatFs/src/diskio.o
 .debug_ranges  0x0000000000001198      0x1f8 Middlewares/Third_Party/FatFs/src/ff.o
 .debug_ranges  0x0000000000001390       0x30 Middlewares/Third_Party/FatFs/src/ff_gen_drv.o

.debug_macro    0x0000000000000000    0x308bf
 .debug_macro   0x0000000000000000      0x356 Core/Src/main.o
 .debug_macro   0x0000000000000356      0xa66 Core/Src/main.o
 .debug_macro   0x0000000000000dbc      0x195 Core/Src/main.o
 .debug_macro   0x0000000000000f51       0x2e Core/Src/main.o
 .debug_macro   0x0000000000000f7f       0x3b Core/Src/main.o
 .debug_macro   0x0000000000000fba       0x22 Core/Src/main.o
 .debug_macro   0x0000000000000fdc       0x8e Core/Src/main.o
 .debug_macro   0x000000000000106a       0x51 Core/Src/main.o
 .debug_macro   0x00000000000010bb       0xef Core/Src/main.o
 .debug_macro   0x00000000000011aa       0x6a Core/Src/main.o
 .debug_macro   0x0000000000001214      0x1df Core/Src/main.o
 .debug_macro   0x00000000000013f3       0x1c Core/Src/main.o
 .debug_macro   0x000000000000140f       0x22 Core/Src/main.o
 .debug_macro   0x0000000000001431       0xdf Core/Src/main.o
 .debug_macro   0x0000000000001510     0x12cd Core/Src/main.o
 .debug_macro   0x00000000000027dd      0x11f Core/Src/main.o
 .debug_macro   0x00000000000028fc       0x19 Core/Src/main.o
 .debug_macro   0x0000000000002915    0x1fad7 Core/Src/main.o
 .debug_macro   0x00000000000223ec       0x43 Core/Src/main.o
 .debug_macro   0x000000000002242f     0x363d Core/Src/main.o
 .debug_macro   0x0000000000025a6c      0x174 Core/Src/main.o
 .debug_macro   0x0000000000025be0       0x61 Core/Src/main.o
 .debug_macro   0x0000000000025c41     0x1b3f Core/Src/main.o
 .debug_macro   0x0000000000027780      0x6c4 Core/Src/main.o
 .debug_macro   0x0000000000027e44      0x109 Core/Src/main.o
 .debug_macro   0x0000000000027f4d      0x117 Core/Src/main.o
 .debug_macro   0x0000000000028064      0x276 Core/Src/main.o
 .debug_macro   0x00000000000282da       0x27 Core/Src/main.o
 .debug_macro   0x0000000000028301      0x24f Core/Src/main.o
 .debug_macro   0x0000000000028550       0x71 Core/Src/main.o
 .debug_macro   0x00000000000285c1       0x58 Core/Src/main.o
 .debug_macro   0x0000000000028619      0x236 Core/Src/main.o
 .debug_macro   0x000000000002884f      0x14f Core/Src/main.o
 .debug_macro   0x000000000002899e      0x3dc Core/Src/main.o
 .debug_macro   0x0000000000028d7a       0x12 Core/Src/main.o
 .debug_macro   0x0000000000028d8c      0x514 Core/Src/main.o
 .debug_macro   0x00000000000292a0      0x22c Core/Src/main.o
 .debug_macro   0x00000000000294cc       0x61 Core/Src/main.o
 .debug_macro   0x000000000002952d       0xa5 Core/Src/main.o
 .debug_macro   0x00000000000295d2      0x12f Core/Src/main.o
 .debug_macro   0x0000000000029701      0x108 Core/Src/main.o
 .debug_macro   0x0000000000029809       0x35 Core/Src/main.o
 .debug_macro   0x000000000002983e      0x757 Core/Src/main.o
 .debug_macro   0x0000000000029f95      0x19f Core/Src/main.o
 .debug_macro   0x000000000002a134      0x9f0 Core/Src/main.o
 .debug_macro   0x000000000002ab24       0xa9 Core/Src/main.o
 .debug_macro   0x000000000002abcd      0x519 Core/Src/main.o
 .debug_macro   0x000000000002b0e6       0x44 Core/Src/main.o
 .debug_macro   0x000000000002b12a      0x15c Core/Src/main.o
 .debug_macro   0x000000000002b286      0x82d Core/Src/main.o
 .debug_macro   0x000000000002bab3       0x1c Core/Src/main.o
 .debug_macro   0x000000000002bacf       0x3a Core/Src/main.o
 .debug_macro   0x000000000002bb09       0xe5 Core/Src/main.o
 .debug_macro   0x000000000002bbee       0x17 Core/Src/main.o
 .debug_macro   0x000000000002bc05       0x46 Core/Src/main.o
 .debug_macro   0x000000000002bc4b       0x3c Core/Src/main.o
 .debug_macro   0x000000000002bc87       0x34 Core/Src/main.o
 .debug_macro   0x000000000002bcbb       0x16 Core/Src/main.o
 .debug_macro   0x000000000002bcd1       0x35 Core/Src/main.o
 .debug_macro   0x000000000002bd06       0x52 Core/Src/main.o
 .debug_macro   0x000000000002bd58       0x1f Core/Src/main.o
 .debug_macro   0x000000000002bd77       0x43 Core/Src/main.o
 .debug_macro   0x000000000002bdba       0x20 Core/Src/main.o
 .debug_macro   0x000000000002bdda      0x1a3 Core/Src/main.o
 .debug_macro   0x000000000002bf7d      0x32a Core/Src/main.o
 .debug_macro   0x000000000002c2a7       0x16 Core/Src/main.o
 .debug_macro   0x000000000002c2bd       0x29 Core/Src/main.o
 .debug_macro   0x000000000002c2e6       0x12 Core/Src/main.o
 .debug_macro   0x000000000002c2f8       0xe2 Core/Src/main.o
 .debug_macro   0x000000000002c3da       0x8e Core/Src/main.o
 .debug_macro   0x000000000002c468      0x226 Core/Src/stm32f7xx_hal_msp.o
 .debug_macro   0x000000000002c68e      0x217 Core/Src/stm32f7xx_hal_timebase_tim.o
 .debug_macro   0x000000000002c8a5      0x230 Core/Src/stm32f7xx_it.o
 .debug_macro   0x000000000002cad5      0x1ae Core/Src/sysmem.o
 .debug_macro   0x000000000002cc83      0x23b Core/Src/sysmem.o
 .debug_macro   0x000000000002cebe       0x16 Core/Src/sysmem.o
 .debug_macro   0x000000000002ced4      0x21d Core/Src/system_stm32f7xx.o
 .debug_macro   0x000000000002d0f1      0x23b Drivers/STM32F7xx_HAL_Driver/Src/stm32f7xx_hal.o
 .debug_macro   0x000000000002d32c      0x217 Drivers/STM32F7xx_HAL_Driver/Src/stm32f7xx_hal_cortex.o
 .debug_macro   0x000000000002d543      0x24d Drivers/STM32F7xx_HAL_Driver/Src/stm32f7xx_hal_gpio.o
 .debug_macro   0x000000000002d790      0x235 Drivers/STM32F7xx_HAL_Driver/Src/stm32f7xx_hal_pwr.o
 .debug_macro   0x000000000002d9c5      0x22f Drivers/STM32F7xx_HAL_Driver/Src/stm32f7xx_hal_pwr_ex.o
 .debug_macro   0x000000000002dbf4      0x23b Drivers/STM32F7xx_HAL_Driver/Src/stm32f7xx_hal_rcc.o
 .debug_macro   0x000000000002de2f      0x217 Drivers/STM32F7xx_HAL_Driver/Src/stm32f7xx_hal_rcc_ex.o
 .debug_macro   0x000000000002e046      0x218 Drivers/STM32F7xx_HAL_Driver/Src/stm32f7xx_hal_sd.o
 .debug_macro   0x000000000002e25e      0x217 Drivers/STM32F7xx_HAL_Driver/Src/stm32f7xx_hal_sdram.o
 .debug_macro   0x000000000002e475      0x218 Drivers/STM32F7xx_HAL_Driver/Src/stm32f7xx_hal_tim.o
 .debug_macro   0x000000000002e68d      0x217 Drivers/STM32F7xx_HAL_Driver/Src/stm32f7xx_hal_tim_ex.o
 .debug_macro   0x000000000002e8a4      0x234 Drivers/STM32F7xx_HAL_Driver/Src/stm32f7xx_hal_uart.o
 .debug_macro   0x000000000002ead8      0x217 Drivers/STM32F7xx_HAL_Driver/Src/stm32f7xx_ll_fmc.o
 .debug_macro   0x000000000002ecef      0x218 Drivers/STM32F7xx_HAL_Driver/Src/stm32f7xx_ll_sdmmc.o
 .debug_macro   0x000000000002ef07      0x356 FATFS/App/fatfs.o
 .debug_macro   0x000000000002f25d      0x22f FATFS/Target/bsp_driver_sd.o
 .debug_macro   0x000000000002f48c      0x220 FATFS/Target/fatfs_platform.o
 .debug_macro   0x000000000002f6ac      0x359 FATFS/Target/sd_diskio.o
 .debug_macro   0x000000000002fa05       0x16 FATFS/Target/sd_diskio.o
 .debug_macro   0x000000000002fa1b       0x7c FATFS/Target/sd_diskio.o
 .debug_macro   0x000000000002fa97      0x343 Middlewares/Third_Party/FatFs/src/diskio.o
 .debug_macro   0x000000000002fdda      0x74a Middlewares/Third_Party/FatFs/src/ff.o
 .debug_macro   0x0000000000030524       0x58 Middlewares/Third_Party/FatFs/src/ff.o
 .debug_macro   0x000000000003057c      0x343 Middlewares/Third_Party/FatFs/src/ff_gen_drv.o

.debug_line     0x0000000000000000    0x12f4c
 .debug_line    0x0000000000000000      0xb38 Core/Src/main.o
 .debug_line    0x0000000000000b38      0x849 Core/Src/stm32f7xx_hal_msp.o
 .debug_line    0x0000000000001381      0x77d Core/Src/stm32f7xx_hal_timebase_tim.o
 .debug_line    0x0000000000001afe      0x7ed Core/Src/stm32f7xx_it.o
 .debug_line    0x00000000000022eb      0x55e Core/Src/sysmem.o
 .debug_line    0x0000000000002849      0x768 Core/Src/system_stm32f7xx.o
 .debug_line    0x0000000000002fb1       0x86 Core/Startup/startup_stm32f769nihx.o
 .debug_line    0x0000000000003037      0x992 Drivers/STM32F7xx_HAL_Driver/Src/stm32f7xx_hal.o
 .debug_line    0x00000000000039c9      0xa72 Drivers/STM32F7xx_HAL_Driver/Src/stm32f7xx_hal_cortex.o
 .debug_line    0x000000000000443b      0x956 Drivers/STM32F7xx_HAL_Driver/Src/stm32f7xx_hal_gpio.o
 .debug_line    0x0000000000004d91      0x8b6 Drivers/STM32F7xx_HAL_Driver/Src/stm32f7xx_hal_pwr.o
 .debug_line    0x0000000000005647      0x892 Drivers/STM32F7xx_HAL_Driver/Src/stm32f7xx_hal_pwr_ex.o
 .debug_line    0x0000000000005ed9      0x9e4 Drivers/STM32F7xx_HAL_Driver/Src/stm32f7xx_hal_rcc.o
 .debug_line    0x00000000000068bd      0x972 Drivers/STM32F7xx_HAL_Driver/Src/stm32f7xx_hal_rcc_ex.o
 .debug_line    0x000000000000722f      0xf3d Drivers/STM32F7xx_HAL_Driver/Src/stm32f7xx_hal_sd.o
 .debug_line    0x000000000000816c      0xaa5 Drivers/STM32F7xx_HAL_Driver/Src/stm32f7xx_hal_sdram.o
 .debug_line    0x0000000000008c11     0x1a76 Drivers/STM32F7xx_HAL_Driver/Src/stm32f7xx_hal_tim.o
 .debug_line    0x000000000000a687      0xe25 Drivers/STM32F7xx_HAL_Driver/Src/stm32f7xx_hal_tim_ex.o
 .debug_line    0x000000000000b4ac     0x1254 Drivers/STM32F7xx_HAL_Driver/Src/stm32f7xx_hal_uart.o
 .debug_line    0x000000000000c700      0x9f9 Drivers/STM32F7xx_HAL_Driver/Src/stm32f7xx_ll_fmc.o
 .debug_line    0x000000000000d0f9      0xbc2 Drivers/STM32F7xx_HAL_Driver/Src/stm32f7xx_ll_sdmmc.o
 .debug_line    0x000000000000dcbb      0x946 FATFS/App/fatfs.o
 .debug_line    0x000000000000e601      0x888 FATFS/Target/bsp_driver_sd.o
 .debug_line    0x000000000000ee89      0x755 FATFS/Target/fatfs_platform.o
 .debug_line    0x000000000000f5de      0x9b5 FATFS/Target/sd_diskio.o
 .debug_line    0x000000000000ff93      0x972 Middlewares/Third_Party/FatFs/src/diskio.o
 .debug_line    0x0000000000010905     0x1cd7 Middlewares/Third_Party/FatFs/src/ff.o
 .debug_line    0x00000000000125dc      0x970 Middlewares/Third_Party/FatFs/src/ff_gen_drv.o

.debug_str      0x0000000000000000   0x11ebd2
 .debug_str     0x0000000000000000   0x1177fd Core/Src/main.o
                                     0x118130 (size before relaxing)
 .debug_str     0x00000000001177fd       0xe7 Core/Src/stm32f7xx_hal_msp.o
                                     0x114068 (size before relaxing)
 .debug_str     0x00000000001178e4      0x6dd Core/Src/stm32f7xx_hal_timebase_tim.o
                                     0x1125f1 (size before relaxing)
 .debug_str     0x0000000000117fc1       0xc1 Core/Src/stm32f7xx_it.o
                                     0x113b3d (size before relaxing)
 .debug_str     0x0000000000118082     0x168c Core/Src/sysmem.o
                                       0x7b08 (size before relaxing)
 .debug_str     0x000000000011970e      0x18d Core/Src/system_stm32f7xx.o
                                     0x111ba8 (size before relaxing)
 .debug_str     0x000000000011989b       0x36 Core/Startup/startup_stm32f769nihx.o
                                         0x6b (size before relaxing)
 .debug_str     0x00000000001198d1      0x36f Drivers/STM32F7xx_HAL_Driver/Src/stm32f7xx_hal.o
                                     0x11252d (size before relaxing)
 .debug_str     0x0000000000119c40      0x388 Drivers/STM32F7xx_HAL_Driver/Src/stm32f7xx_hal_cortex.o
                                     0x1125a6 (size before relaxing)
 .debug_str     0x0000000000119fc8      0x244 Drivers/STM32F7xx_HAL_Driver/Src/stm32f7xx_hal_gpio.o
                                     0x111d7e (size before relaxing)
 .debug_str     0x000000000011a20c      0x2c5 Drivers/STM32F7xx_HAL_Driver/Src/stm32f7xx_hal_pwr.o
                                     0x111e60 (size before relaxing)
 .debug_str     0x000000000011a4d1      0x1bd Drivers/STM32F7xx_HAL_Driver/Src/stm32f7xx_hal_pwr_ex.o
                                     0x111e22 (size before relaxing)
 .debug_str     0x000000000011a68e      0x26a Drivers/STM32F7xx_HAL_Driver/Src/stm32f7xx_hal_rcc.o
                                     0x111ed1 (size before relaxing)
 .debug_str     0x000000000011a8f8      0x161 Drivers/STM32F7xx_HAL_Driver/Src/stm32f7xx_hal_rcc_ex.o
                                     0x111e91 (size before relaxing)
 .debug_str     0x000000000011aa59      0x771 Drivers/STM32F7xx_HAL_Driver/Src/stm32f7xx_hal_sd.o
                                     0x112641 (size before relaxing)
 .debug_str     0x000000000011b1ca      0x2a9 Drivers/STM32F7xx_HAL_Driver/Src/stm32f7xx_hal_sdram.o
                                     0x1120b6 (size before relaxing)
 .debug_str     0x000000000011b473      0xd8d Drivers/STM32F7xx_HAL_Driver/Src/stm32f7xx_hal_tim.o
                                     0x112c34 (size before relaxing)
 .debug_str     0x000000000011c200      0x601 Drivers/STM32F7xx_HAL_Driver/Src/stm32f7xx_hal_tim_ex.o
                                     0x112547 (size before relaxing)
 .debug_str     0x000000000011c801      0x77d Drivers/STM32F7xx_HAL_Driver/Src/stm32f7xx_hal_uart.o
                                     0x112696 (size before relaxing)
 .debug_str     0x000000000011cf7e      0x477 Drivers/STM32F7xx_HAL_Driver/Src/stm32f7xx_ll_fmc.o
                                     0x112006 (size before relaxing)
 .debug_str     0x000000000011d3f5      0x445 Drivers/STM32F7xx_HAL_Driver/Src/stm32f7xx_ll_sdmmc.o
                                     0x111f3e (size before relaxing)
 .debug_str     0x000000000011d83a       0x2f FATFS/App/fatfs.o
                                     0x116f5f (size before relaxing)
 .debug_str     0x000000000011d869      0x154 FATFS/Target/bsp_driver_sd.o
                                     0x1121b8 (size before relaxing)
 .debug_str     0x000000000011d9bd       0x38 FATFS/Target/fatfs_platform.o
                                     0x111a11 (size before relaxing)
 .debug_str     0x000000000011d9f5       0xa0 FATFS/Target/sd_diskio.o
                                     0x116f4c (size before relaxing)
 .debug_str     0x000000000011da95       0x57 Middlewares/Third_Party/FatFs/src/diskio.o
                                     0x116e8b (size before relaxing)
 .debug_str     0x000000000011daec     0x1044 Middlewares/Third_Party/FatFs/src/ff.o
                                     0x1180b0 (size before relaxing)
 .debug_str     0x000000000011eb30       0xa2 Middlewares/Third_Party/FatFs/src/ff_gen_drv.o
                                     0x116edc (size before relaxing)

.comment        0x0000000000000000       0x7b
 .comment       0x0000000000000000       0x7b Core/Src/main.o
                                         0x7c (size before relaxing)
 .comment       0x000000000000007b       0x7c Core/Src/stm32f7xx_hal_msp.o
 .comment       0x000000000000007b       0x7c Core/Src/stm32f7xx_hal_timebase_tim.o
 .comment       0x000000000000007b       0x7c Core/Src/stm32f7xx_it.o
 .comment       0x000000000000007b       0x7c Core/Src/sysmem.o
 .comment       0x000000000000007b       0x7c Core/Src/system_stm32f7xx.o
 .comment       0x000000000000007b       0x7c Drivers/STM32F7xx_HAL_Driver/Src/stm32f7xx_hal.o
 .comment       0x000000000000007b       0x7c Drivers/STM32F7xx_HAL_Driver/Src/stm32f7xx_hal_cortex.o
 .comment       0x000000000000007b       0x7c Drivers/STM32F7xx_HAL_Driver/Src/stm32f7xx_hal_gpio.o
 .comment       0x000000000000007b       0x7c Drivers/STM32F7xx_HAL_Driver/Src/stm32f7xx_hal_pwr.o
 .comment       0x000000000000007b       0x7c Drivers/STM32F7xx_HAL_Driver/Src/stm32f7xx_hal_pwr_ex.o
 .comment       0x000000000000007b       0x7c Drivers/STM32F7xx_HAL_Driver/Src/stm32f7xx_hal_rcc.o
 .comment       0x000000000000007b       0x7c Drivers/STM32F7xx_HAL_Driver/Src/stm32f7xx_hal_rcc_ex.o
 .comment       0x000000000000007b       0x7c Drivers/STM32F7xx_HAL_Driver/Src/stm32f7xx_hal_sd.o
 .comment       0x000000000000007b       0x7c Drivers/STM32F7xx_HAL_Driver/Src/stm32f7xx_hal_sdram.o
 .comment       0x000000000000007b       0x7c Drivers/STM32F7xx_HAL_Driver/Src/stm32f7xx_hal_tim.o
 .comment       0x000000000000007b       0x7c Drivers/STM32F7xx_HAL_Driver/Src/stm32f7xx_hal_tim_ex.o
 .comment       0x000000000000007b       0x7c Drivers/STM32F7xx_HAL_Driver/Src/stm32f7xx_hal_uart.o
 .comment       0x000000000000007b       0x7c Drivers/STM32F7xx_HAL_Driver/Src/stm32f7xx_ll_fmc.o
 .comment       0x000000000000007b       0x7c Drivers/STM32F7xx_HAL_Driver/Src/stm32f7xx_ll_sdmmc.o
 .comment       0x000000000000007b       0x7c FATFS/App/fatfs.o
 .comment       0x000000000000007b       0x7c FATFS/Target/bsp_driver_sd.o
 .comment       0x000000000000007b       0x7c FATFS/Target/fatfs_platform.o
 .comment       0x000000000000007b       0x7c FATFS/Target/sd_diskio.o
 .comment       0x000000000000007b       0x7c Middlewares/Third_Party/FatFs/src/diskio.o
 .comment       0x000000000000007b       0x7c Middlewares/Third_Party/FatFs/src/ff.o
 .comment       0x000000000000007b       0x7c Middlewares/Third_Party/FatFs/src/ff_gen_drv.o

.debug_frame    0x0000000000000000     0x5a50
 .debug_frame   0x0000000000000000      0x124 Core/Src/main.o
 .debug_frame   0x0000000000000124      0x150 Core/Src/stm32f7xx_hal_msp.o
 .debug_frame   0x0000000000000274       0x74 Core/Src/stm32f7xx_hal_timebase_tim.o
 .debug_frame   0x00000000000002e8      0x10c Core/Src/stm32f7xx_it.o
 .debug_frame   0x00000000000003f4       0x34 Core/Src/sysmem.o
 .debug_frame   0x0000000000000428       0x58 Core/Src/system_stm32f7xx.o
 .debug_frame   0x0000000000000480      0x3f4 Drivers/STM32F7xx_HAL_Driver/Src/stm32f7xx_hal.o
 .debug_frame   0x0000000000000874      0x498 Drivers/STM32F7xx_HAL_Driver/Src/stm32f7xx_hal_cortex.o
 .debug_frame   0x0000000000000d0c      0x14c Drivers/STM32F7xx_HAL_Driver/Src/stm32f7xx_hal_gpio.o
 .debug_frame   0x0000000000000e58      0x254 Drivers/STM32F7xx_HAL_Driver/Src/stm32f7xx_hal_pwr.o
 .debug_frame   0x00000000000010ac      0x1c8 Drivers/STM32F7xx_HAL_Driver/Src/stm32f7xx_hal_pwr_ex.o
 .debug_frame   0x0000000000001274      0x1f4 Drivers/STM32F7xx_HAL_Driver/Src/stm32f7xx_hal_rcc.o
 .debug_frame   0x0000000000001468      0x118 Drivers/STM32F7xx_HAL_Driver/Src/stm32f7xx_hal_rcc_ex.o
 .debug_frame   0x0000000000001580      0x658 Drivers/STM32F7xx_HAL_Driver/Src/stm32f7xx_hal_sd.o
 .debug_frame   0x0000000000001bd8      0x37c Drivers/STM32F7xx_HAL_Driver/Src/stm32f7xx_hal_sdram.o
 .debug_frame   0x0000000000001f54     0x1144 Drivers/STM32F7xx_HAL_Driver/Src/stm32f7xx_hal_tim.o
 .debug_frame   0x0000000000003098      0x638 Drivers/STM32F7xx_HAL_Driver/Src/stm32f7xx_hal_tim_ex.o
 .debug_frame   0x00000000000036d0      0x8f4 Drivers/STM32F7xx_HAL_Driver/Src/stm32f7xx_hal_uart.o
 .debug_frame   0x0000000000003fc4      0x37c Drivers/STM32F7xx_HAL_Driver/Src/stm32f7xx_ll_fmc.o
 .debug_frame   0x0000000000004340      0x690 Drivers/STM32F7xx_HAL_Driver/Src/stm32f7xx_ll_sdmmc.o
 .debug_frame   0x00000000000049d0       0x4c FATFS/App/fatfs.o
 .debug_frame   0x0000000000004a1c      0x238 FATFS/Target/bsp_driver_sd.o
 .debug_frame   0x0000000000004c54       0x34 FATFS/Target/fatfs_platform.o
 .debug_frame   0x0000000000004c88       0xe8 FATFS/Target/sd_diskio.o
 .debug_frame   0x0000000000004d70       0xec Middlewares/Third_Party/FatFs/src/diskio.o
 .debug_frame   0x0000000000004e5c      0x94c Middlewares/Third_Party/FatFs/src/ff.o
 .debug_frame   0x00000000000057a8       0xc8 Middlewares/Third_Party/FatFs/src/ff_gen_drv.o
 .debug_frame   0x0000000000005870       0x20 d:/st/stm32cubeide_1.1.0/stm32cubeide/plugins/com.st.stm32cube.ide.mcu.externaltools.gnu-tools-for-stm32.7-2018-q2-update.win32_1.0.0.201904181610/tools/bin/../lib/gcc/arm-none-eabi/7.3.1/../../../../arm-none-eabi/lib/thumb/v7e-m/fpv5/hard\libc_nano.a(lib_a-errno.o)
 .debug_frame   0x0000000000005890       0x2c d:/st/stm32cubeide_1.1.0/stm32cubeide/plugins/com.st.stm32cube.ide.mcu.externaltools.gnu-tools-for-stm32.7-2018-q2-update.win32_1.0.0.201904181610/tools/bin/../lib/gcc/arm-none-eabi/7.3.1/../../../../arm-none-eabi/lib/thumb/v7e-m/fpv5/hard\libc_nano.a(lib_a-init.o)
 .debug_frame   0x00000000000058bc       0x30 d:/st/stm32cubeide_1.1.0/stm32cubeide/plugins/com.st.stm32cube.ide.mcu.externaltools.gnu-tools-for-stm32.7-2018-q2-update.win32_1.0.0.201904181610/tools/bin/../lib/gcc/arm-none-eabi/7.3.1/../../../../arm-none-eabi/lib/thumb/v7e-m/fpv5/hard\libc_nano.a(lib_a-malloc.o)
 .debug_frame   0x00000000000058ec       0x20 d:/st/stm32cubeide_1.1.0/stm32cubeide/plugins/com.st.stm32cube.ide.mcu.externaltools.gnu-tools-for-stm32.7-2018-q2-update.win32_1.0.0.201904181610/tools/bin/../lib/gcc/arm-none-eabi/7.3.1/../../../../arm-none-eabi/lib/thumb/v7e-m/fpv5/hard\libc_nano.a(lib_a-memset.o)
 .debug_frame   0x000000000000590c       0x2c d:/st/stm32cubeide_1.1.0/stm32cubeide/plugins/com.st.stm32cube.ide.mcu.externaltools.gnu-tools-for-stm32.7-2018-q2-update.win32_1.0.0.201904181610/tools/bin/../lib/gcc/arm-none-eabi/7.3.1/../../../../arm-none-eabi/lib/thumb/v7e-m/fpv5/hard\libc_nano.a(lib_a-nano-mallocr.o)