Archive member included to satisfy reference by file (symbol)

d:/st/stm32cubeide_1.1.0/stm32cubeide/plugins/com.st.stm32cube.ide.mcu.externaltools.gnu-tools-for-stm32.7-2018-q2-update.win32_1.0.0.201904181610/tools/bin/../lib/gcc/arm-none-eabi/7.3.1/../../../../arm-none-eabi/lib/thumb/v7e-m/fpv5/hard\libc_nano.a(lib_a-errno.o)
                              Core/Src/syscalls.o (__errno)
d:/st/stm32cubeide_1.1.0/stm32cubeide/plugins/com.st.stm32cube.ide.mcu.externaltools.gnu-tools-for-stm32.7-2018-q2-update.win32_1.0.0.201904181610/tools/bin/../lib/gcc/arm-none-eabi/7.3.1/../../../../arm-none-eabi/lib/thumb/v7e-m/fpv5/hard\libc_nano.a(lib_a-exit.o)
                              d:/st/stm32cubeide_1.1.0/stm32cubeide/plugins/com.st.stm32cube.ide.mcu.externaltools.gnu-tools-for-stm32.7-2018-q2-update.win32_1.0.0.201904181610/tools/bin/../lib/gcc/arm-none-eabi/7.3.1/../../../../arm-none-eabi/lib/thumb/v7e-m/fpv5/hard/crt0.o (exit)
d:/st/stm32cubeide_1.1.0/stm32cubeide/plugins/com.st.stm32cube.ide.mcu.externaltools.gnu-tools-for-stm32.7-2018-q2-update.win32_1.0.0.201904181610/tools/bin/../lib/gcc/arm-none-eabi/7.3.1/../../../../arm-none-eabi/lib/thumb/v7e-m/fpv5/hard\libc_nano.a(lib_a-impure.o)
                              d:/st/stm32cubeide_1.1.0/stm32cubeide/plugins/com.st.stm32cube.ide.mcu.externaltools.gnu-tools-for-stm32.7-2018-q2-update.win32_1.0.0.201904181610/tools/bin/../lib/gcc/arm-none-eabi/7.3.1/../../../../arm-none-eabi/lib/thumb/v7e-m/fpv5/hard\libc_nano.a(lib_a-exit.o) (_global_impure_ptr)
d:/st/stm32cubeide_1.1.0/stm32cubeide/plugins/com.st.stm32cube.ide.mcu.externaltools.gnu-tools-for-stm32.7-2018-q2-update.win32_1.0.0.201904181610/tools/bin/../lib/gcc/arm-none-eabi/7.3.1/../../../../arm-none-eabi/lib/thumb/v7e-m/fpv5/hard\libc_nano.a(lib_a-init.o)
                              d:/st/stm32cubeide_1.1.0/stm32cubeide/plugins/com.st.stm32cube.ide.mcu.externaltools.gnu-tools-for-stm32.7-2018-q2-update.win32_1.0.0.201904181610/tools/bin/../lib/gcc/arm-none-eabi/7.3.1/../../../../arm-none-eabi/lib/thumb/v7e-m/fpv5/hard/crt0.o (__libc_init_array)
d:/st/stm32cubeide_1.1.0/stm32cubeide/plugins/com.st.stm32cube.ide.mcu.externaltools.gnu-tools-for-stm32.7-2018-q2-update.win32_1.0.0.201904181610/tools/bin/../lib/gcc/arm-none-eabi/7.3.1/../../../../arm-none-eabi/lib/thumb/v7e-m/fpv5/hard\libc_nano.a(lib_a-memset.o)
                              d:/st/stm32cubeide_1.1.0/stm32cubeide/plugins/com.st.stm32cube.ide.mcu.externaltools.gnu-tools-for-stm32.7-2018-q2-update.win32_1.0.0.201904181610/tools/bin/../lib/gcc/arm-none-eabi/7.3.1/../../../../arm-none-eabi/lib/thumb/v7e-m/fpv5/hard/crt0.o (memset)
d:/st/stm32cubeide_1.1.0/stm32cubeide/plugins/com.st.stm32cube.ide.mcu.externaltools.gnu-tools-for-stm32.7-2018-q2-update.win32_1.0.0.201904181610/tools/bin/../lib/gcc/arm-none-eabi/7.3.1/../../../../arm-none-eabi/lib/thumb/v7e-m/fpv5/hard\libc_nano.a(lib_a-printf.o)
                              Core/Src/main.o (printf)
d:/st/stm32cubeide_1.1.0/stm32cubeide/plugins/com.st.stm32cube.ide.mcu.externaltools.gnu-tools-for-stm32.7-2018-q2-update.win32_1.0.0.201904181610/tools/bin/../lib/gcc/arm-none-eabi/7.3.1/../../../../arm-none-eabi/lib/thumb/v7e-m/fpv5/hard\libc_nano.a(lib_a-sprintf.o)
                              Core/Src/main.o (sprintf)
d:/st/stm32cubeide_1.1.0/stm32cubeide/plugins/com.st.stm32cube.ide.mcu.externaltools.gnu-tools-for-stm32.7-2018-q2-update.win32_1.0.0.201904181610/tools/bin/../lib/gcc/arm-none-eabi/7.3.1/../../../../arm-none-eabi/lib/thumb/v7e-m/fpv5/hard\libc_nano.a(lib_a-strlen.o)
                              Core/Src/main.o (strlen)
d:/st/stm32cubeide_1.1.0/stm32cubeide/plugins/com.st.stm32cube.ide.mcu.externaltools.gnu-tools-for-stm32.7-2018-q2-update.win32_1.0.0.201904181610/tools/bin/../lib/gcc/arm-none-eabi/7.3.1/../../../../arm-none-eabi/lib/thumb/v7e-m/fpv5/hard\libc_nano.a(lib_a-findfp.o)
                              d:/st/stm32cubeide_1.1.0/stm32cubeide/plugins/com.st.stm32cube.ide.mcu.externaltools.gnu-tools-for-stm32.7-2018-q2-update.win32_1.0.0.201904181610/tools/bin/../lib/gcc/arm-none-eabi/7.3.1/../../../../arm-none-eabi/lib/thumb/v7e-m/fpv5/hard\libc_nano.a(lib_a-printf.o) (__sinit)
d:/st/stm32cubeide_1.1.0/stm32cubeide/plugins/com.st.stm32cube.ide.mcu.externaltools.gnu-tools-for-stm32.7-2018-q2-update.win32_1.0.0.201904181610/tools/bin/../lib/gcc/arm-none-eabi/7.3.1/../../../../arm-none-eabi/lib/thumb/v7e-m/fpv5/hard\libc_nano.a(lib_a-fwalk.o)
                              d:/st/stm32cubeide_1.1.0/stm32cubeide/plugins/com.st.stm32cube.ide.mcu.externaltools.gnu-tools-for-stm32.7-2018-q2-update.win32_1.0.0.201904181610/tools/bin/../lib/gcc/arm-none-eabi/7.3.1/../../../../arm-none-eabi/lib/thumb/v7e-m/fpv5/hard\libc_nano.a(lib_a-findfp.o) (_fwalk)
[...]
Memory Configuration

Name             Origin             Length             Attributes
RAM              0x0000000020000000 0x0000000000080000 xrw
FLASH            0x0000000008000000 0x0000000000200000 xr
*default*        0x0000000000000000 0xffffffffffffffff

Linker script and memory map

LOAD d:/st/stm32cubeide_1.1.0/stm32cubeide/plugins/com.st.stm32cube.ide.mcu.externaltools.gnu-tools-for-stm32.7-2018-q2-update.win32_1.0.0.201904181610/tools/bin/../lib/gcc/arm-none-eabi/7.3.1/thumb/v7e-m/fpv5/hard/crti.o
LOAD d:/st/stm32cubeide_1.1.0/stm32cubeide/plugins/com.st.stm32cube.ide.mcu.externaltools.gnu-tools-for-stm32.7-2018-q2-update.win32_1.0.0.201904181610/tools/bin/../lib/gcc/arm-none-eabi/7.3.1/thumb/v7e-m/fpv5/hard/crtbegin.o
LOAD d:/st/stm32cubeide_1.1.0/stm32cubeide/plugins/com.st.stm32cube.ide.mcu.externaltools.gnu-tools-for-stm32.7-2018-q2-update.win32_1.0.0.201904181610/tools/bin/../lib/gcc/arm-none-eabi/7.3.1/../../../../arm-none-eabi/lib/thumb/v7e-m/fpv5/hard/crt0.o
LOAD Core/Src/main.o
LOAD Core/Src/stm32f7xx_hal_msp.o
LOAD Core/Src/stm32f7xx_hal_timebase_tim.o
LOAD Core/Src/stm32f7xx_it.o
LOAD Core/Src/syscalls.o
LOAD Core/Src/sysmem.o
LOAD Core/Src/system_stm32f7xx.o
LOAD Core/Startup/startup_stm32f769nihx.o
LOAD Drivers/BSP/Components/adv7533/adv7533.o
LOAD Drivers/BSP/Components/ft6x06/ft6x06.o
LOAD Drivers/BSP/Components/otm8009a/otm8009a.o
LOAD Drivers/BSP/Components/wm8994/wm8994.o
LOAD Drivers/BSP/Fonts/font12.o
LOAD Drivers/BSP/Fonts/font16.o
LOAD Drivers/BSP/Fonts/font20.o
LOAD Drivers/BSP/Fonts/font24.o
LOAD Drivers/BSP/Fonts/font8.o
LOAD Drivers/BSP/STM32F769I-Discovery/stm32f769i_discovery.o
LOAD Drivers/BSP/STM32F769I-Discovery/stm32f769i_discovery_eeprom.o
LOAD Drivers/BSP/STM32F769I-Discovery/stm32f769i_discovery_lcd.o
LOAD Drivers/BSP/STM32F769I-Discovery/stm32f769i_discovery_sdram.o
LOAD Drivers/BSP/STM32F769I-Discovery/stm32f769i_discovery_ts.o
LOAD Drivers/STM32F7xx_HAL_Driver/Src/stm32f7xx_hal.o
LOAD Drivers/STM32F7xx_HAL_Driver/Src/stm32f7xx_hal_cortex.o
LOAD Drivers/STM32F7xx_HAL_Driver/Src/stm32f7xx_hal_dma.o
LOAD Drivers/STM32F7xx_HAL_Driver/Src/stm32f7xx_hal_dma2d.o
LOAD Drivers/STM32F7xx_HAL_Driver/Src/stm32f7xx_hal_dma_ex.o
LOAD Drivers/STM32F7xx_HAL_Driver/Src/stm32f7xx_hal_dsi.o
LOAD Drivers/STM32F7xx_HAL_Driver/Src/stm32f7xx_hal_exti.o
LOAD Drivers/STM32F7xx_HAL_Driver/Src/stm32f7xx_hal_flash.o
LOAD Drivers/STM32F7xx_HAL_Driver/Src/stm32f7xx_hal_flash_ex.o
LOAD Drivers/STM32F7xx_HAL_Driver/Src/stm32f7xx_hal_gpio.o
LOAD Drivers/STM32F7xx_HAL_Driver/Src/stm32f7xx_hal_i2c.o
LOAD Drivers/STM32F7xx_HAL_Driver/Src/stm32f7xx_hal_i2c_ex.o
LOAD Drivers/STM32F7xx_HAL_Driver/Src/stm32f7xx_hal_ltdc.o
LOAD Drivers/STM32F7xx_HAL_Driver/Src/stm32f7xx_hal_ltdc_ex.o
LOAD Drivers/STM32F7xx_HAL_Driver/Src/stm32f7xx_hal_pwr.o
LOAD Drivers/STM32F7xx_HAL_Driver/Src/stm32f7xx_hal_pwr_ex.o
LOAD Drivers/STM32F7xx_HAL_Driver/Src/stm32f7xx_hal_rcc.o
LOAD Drivers/STM32F7xx_HAL_Driver/Src/stm32f7xx_hal_rcc_ex.o
LOAD Drivers/STM32F7xx_HAL_Driver/Src/stm32f7xx_hal_sd.o
LOAD Drivers/STM32F7xx_HAL_Driver/Src/stm32f7xx_hal_sdram.o
LOAD Drivers/STM32F7xx_HAL_Driver/Src/stm32f7xx_hal_tim.o
LOAD Drivers/STM32F7xx_HAL_Driver/Src/stm32f7xx_hal_tim_ex.o
LOAD Drivers/STM32F7xx_HAL_Driver/Src/stm32f7xx_hal_uart.o
LOAD Drivers/STM32F7xx_HAL_Driver/Src/stm32f7xx_hal_uart_ex.o
LOAD Drivers/STM32F7xx_HAL_Driver/Src/stm32f7xx_ll_fmc.o
LOAD Drivers/STM32F7xx_HAL_Driver/Src/stm32f7xx_ll_sdmmc.o
LOAD FATFS/App/fatfs.o
LOAD FATFS/Target/bsp_driver_sd.o
LOAD FATFS/Target/fatfs_platform.o
LOAD FATFS/Target/sd_diskio.o
LOAD Middlewares/Third_Party/FatFs/src/diskio.o
LOAD Middlewares/Third_Party/FatFs/src/ff.o
LOAD Middlewares/Third_Party/FatFs/src/ff_gen_drv.o
LOAD Middlewares/Third_Party/FatFs/src/option/syscall.o
START GROUP
LOAD d:/st/stm32cubeide_1.1.0/stm32cubeide/plugins/com.st.stm32cube.ide.mcu.externaltools.gnu-tools-for-stm32.7-2018-q2-update.win32_1.0.0.201904181610/tools/bin/../lib/gcc/arm-none-eabi/7.3.1/../../../../arm-none-eabi/lib/thumb/v7e-m/fpv5/hard\libc_nano.a
LOAD d:/st/stm32cubeide_1.1.0/stm32cubeide/plugins/com.st.stm32cube.ide.mcu.externaltools.gnu-tools-for-stm32.7-2018-q2-update.win32_1.0.0.201904181610/tools/bin/../lib/gcc/arm-none-eabi/7.3.1/../../../../arm-none-eabi/lib/thumb/v7e-m/fpv5/hard\libm.a
END GROUP
START GROUP
LOAD d:/st/stm32cubeide_1.1.0/stm32cubeide/plugins/com.st.stm32cube.ide.mcu.externaltools.gnu-tools-for-stm32.7-2018-q2-update.win32_1.0.0.201904181610/tools/bin/../lib/gcc/arm-none-eabi/7.3.1/thumb/v7e-m/fpv5/hard\libgcc.a
LOAD d:/st/stm32cubeide_1.1.0/stm32cubeide/plugins/com.st.stm32cube.ide.mcu.externaltools.gnu-tools-for-stm32.7-2018-q2-update.win32_1.0.0.201904181610/tools/bin/../lib/gcc/arm-none-eabi/7.3.1/../../../../arm-none-eabi/lib/thumb/v7e-m/fpv5/hard\libc_nano.a
END GROUP
START GROUP
LOAD d:/st/stm32cubeide_1.1.0/stm32cubeide/plugins/com.st.stm32cube.ide.mcu.externaltools.gnu-tools-for-stm32.7-2018-q2-update.win32_1.0.0.201904181610/tools/bin/../lib/gcc/arm-none-eabi/7.3.1/thumb/v7e-m/fpv5/hard\libgcc.a
LOAD d:/st/stm32cubeide_1.1.0/stm32cubeide/plugins/com.st.stm32cube.ide.mcu.externaltools.gnu-tools-for-stm32.7-2018-q2-update.win32_1.0.0.201904181610/tools/bin/../lib/gcc/arm-none-eabi/7.3.1/../../../../arm-none-eabi/lib/thumb/v7e-m/fpv5/hard\libc_nano.a
LOAD d:/st/stm32cubeide_1.1.0/stm32cubeide/plugins/com.st.stm32cube.ide.mcu.externaltools.gnu-tools-for-stm32.7-2018-q2-update.win32_1.0.0.201904181610/tools/bin/../lib/gcc/arm-none-eabi/7.3.1/../../../../arm-none-eabi/lib/thumb/v7e-m/fpv5/hard\libnosys.a
END GROUP
START GROUP
LOAD d:/st/stm32cubeide_1.1.0/stm32cubeide/plugins/com.st.stm32cube.ide.mcu.externaltools.gnu-tools-for-stm32.7-2018-q2-update.win32_1.0.0.201904181610/tools/bin/../lib/gcc/arm-none-eabi/7.3.1/thumb/v7e-m/fpv5/hard\libgcc.a
LOAD d:/st/stm32cubeide_1.1.0/stm32cubeide/plugins/com.st.stm32cube.ide.mcu.externaltools.gnu-tools-for-stm32.7-2018-q2-update.win32_1.0.0.201904181610/tools/bin/../lib/gcc/arm-none-eabi/7.3.1/../../../../arm-none-eabi/lib/thumb/v7e-m/fpv5/hard\libc_nano.a
LOAD d:/st/stm32cubeide_1.1.0/stm32cubeide/plugins/com.st.stm32cube.ide.mcu.externaltools.gnu-tools-for-stm32.7-2018-q2-update.win32_1.0.0.201904181610/tools/bin/../lib/gcc/arm-none-eabi/7.3.1/../../../../arm-none-eabi/lib/thumb/v7e-m/fpv5/hard\libnosys.a
END GROUP
LOAD d:/st/stm32cubeide_1.1.0/stm32cubeide/plugins/com.st.stm32cube.ide.mcu.externaltools.gnu-tools-for-stm32.7-2018-q2-update.win32_1.0.0.201904181610/tools/bin/../lib/gcc/arm-none-eabi/7.3.1/thumb/v7e-m/fpv5/hard/crtend.o
LOAD d:/st/stm32cubeide_1.1.0/stm32cubeide/plugins/com.st.stm32cube.ide.mcu.externaltools.gnu-tools-for-stm32.7-2018-q2-update.win32_1.0.0.201904181610/tools/bin/../lib/gcc/arm-none-eabi/7.3.1/thumb/v7e-m/fpv5/hard/crtn.o
                0x0000000020080000                _estack = (ORIGIN (RAM) + LENGTH (RAM))
                0x0000000000000200                _Min_Heap_Size = 0x200
                0x0000000000000400                _Min_Stack_Size = 0x400

.isr_vector     0x0000000008000000      0x1f8
                0x0000000008000000                . = ALIGN (0x4)
 *(.isr_vector)
 .isr_vector    0x0000000008000000      0x1f8 Core/Startup/startup_stm32f769nihx.o
                0x0000000008000000                g_pfnVectors
                0x00000000080001f8                . = ALIGN (0x4)

.text           0x0000000008000200     0xd948
                0x0000000008000200                . = ALIGN (0x4)
 *(.text)
 .text          0x0000000008000200       0x40 d:/st/stm32cubeide_1.1.0/stm32cubeide/plugins/com.st.stm32cube.ide.mcu.externaltools.gnu-tools-for-stm32.7-2018-q2-update.win32_1.0.0.201904181610/tools/bin/../lib/gcc/arm-none-eabi/7.3.1/thumb/v7e-m/fpv5/hard/crtbegin.o
 .text          0x0000000008000240       0x10 d:/st/stm32cubeide_1.1.0/stm32cubeide/plugins/com.st.stm32cube.ide.mcu.externaltools.gnu-tools-for-stm32.7-2018-q2-update.win32_1.0.0.201904181610/tools/bin/../lib/gcc/arm-none-eabi/7.3.1/../../../../arm-none-eabi/lib/thumb/v7e-m/fpv5/hard\libc_nano.a(lib_a-strlen.o)
                0x0000000008000240                strlen
 .text          0x0000000008000250       0xa0 d:/st/stm32cubeide_1.1.0/stm32cubeide/plugins/com.st.stm32cube.ide.mcu.externaltools.gnu-tools-for-stm32.7-2018-q2-update.win32_1.0.0.201904181610/tools/bin/../lib/gcc/arm-none-eabi/7.3.1/../../../../arm-none-eabi/lib/thumb/v7e-m/fpv5/hard\libc_nano.a(lib_a-memchr.o)
                0x0000000008000250                memchr
 .text          0x00000000080002f0       0x30 d:/st/stm32cubeide_1.1.0/stm32cubeide/plugins/com.st.stm32cube.ide.mcu.externaltools.gnu-tools-for-stm32.7-2018-q2-update.win32_1.0.0.201904181610/tools/bin/../lib/gcc/arm-none-eabi/7.3.1/thumb/v7e-m/fpv5/hard\libgcc.a(_aeabi_uldivmod.o)
                0x00000000080002f0                __aeabi_uldivmod
 .text          0x0000000008000320      0x2cc d:/st/stm32cubeide_1.1.0/stm32cubeide/plugins/com.st.stm32cube.ide.mcu.externaltools.gnu-tools-for-stm32.7-2018-q2-update.win32_1.0.0.201904181610/tools/bin/../lib/gcc/arm-none-eabi/7.3.1/thumb/v7e-m/fpv5/hard\libgcc.a(_udivmoddi4.o)
                0x0000000008000320                __udivmoddi4
 .text          0x00000000080005ec        0x4 d:/st/stm32cubeide_1.1.0/stm32cubeide/plugins/com.st.stm32cube.ide.mcu.externaltools.gnu-tools-for-stm32.7-2018-q2-update.win32_1.0.0.201904181610/tools/bin/../lib/gcc/arm-none-eabi/7.3.1/thumb/v7e-m/fpv5/hard\libgcc.a(_dvmd_tls.o)
                0x00000000080005ec                __aeabi_idiv0
                0x00000000080005ec                __aeabi_ldiv0
 *(.text*)
 .text.main     0x00000000080005f0      0x158 Core/Src/main.o
                0x00000000080005f0                main
 .text.SystemClock_Config
                0x0000000008000748      0x14c Core/Src/main.o
                0x0000000008000748                SystemClock_Config
 .text.MX_DMA2D_Init
                0x0000000008000894       0x70 Core/Src/main.o
 .text.MX_DSIHOST_DSI_Init
                0x0000000008000904      0x200 Core/Src/main.o
 .text.MX_LTDC_Init
                0x0000000008000b04       0xfc Core/Src/main.o
 .text.MX_SDMMC2_SD_Init
                0x0000000008000c00       0x40 Core/Src/main.o
 .text.MX_USART1_UART_Init
                0x0000000008000c40       0x60 Core/Src/main.o
 .text.MX_FMC_Init
                0x0000000008000ca0       0x9c Core/Src/main.o
 .text.MX_GPIO_Init
                0x0000000008000d3c      0x724 Core/Src/main.o
 .text.scan_files
                0x0000000008001460      0x118 Core/Src/main.o
                0x0000000008001460                scan_files
 .text.HAL_TIM_PeriodElapsedCallback
                0x0000000008001578       0x24 Core/Src/main.o
                0x0000000008001578                HAL_TIM_PeriodElapsedCallback
 .text.Error_Handler
                0x000000000800159c        0xe Core/Src/main.o
                0x000000000800159c                Error_Handler
 *fill*         0x00000000080015aa        0x2 
 .text.HAL_MspInit
                0x00000000080015ac       0x48 Core/Src/stm32f7xx_hal_msp.o
                0x00000000080015ac                HAL_MspInit
 .text.HAL_DMA2D_MspInit
                0x00000000080015f4       0x4c Core/Src/stm32f7xx_hal_msp.o
                0x00000000080015f4                HAL_DMA2D_MspInit
 .text.HAL_DSI_MspInit
                0x0000000008001640       0x98 Core/Src/stm32f7xx_hal_msp.o
                0x0000000008001640                HAL_DSI_MspInit
 .text.HAL_DSI_MspDeInit
                0x00000000080016d8       0x40 Core/Src/stm32f7xx_hal_msp.o
                0x00000000080016d8                HAL_DSI_MspDeInit
 .text.HAL_LTDC_MspInit
                0x0000000008001718       0x4c Core/Src/stm32f7xx_hal_msp.o
                0x0000000008001718                HAL_LTDC_MspInit
 .text.HAL_SD_MspInit
                0x0000000008001764      0x100 Core/Src/stm32f7xx_hal_msp.o
                0x0000000008001764                HAL_SD_MspInit
 .text.HAL_UART_MspInit
                0x0000000008001864       0xac Core/Src/stm32f7xx_hal_msp.o
                0x0000000008001864                HAL_UART_MspInit
 .text.HAL_FMC_MspInit
                0x0000000008001910      0x124 Core/Src/stm32f7xx_hal_msp.o
 .text.HAL_SDRAM_MspInit
                0x0000000008001a34       0x14 Core/Src/stm32f7xx_hal_msp.o
                0x0000000008001a34                HAL_SDRAM_MspInit
 .text.HAL_InitTick
                0x0000000008001a48       0xb0 Core/Src/stm32f7xx_hal_timebase_tim.o
                0x0000000008001a48                HAL_InitTick
 .text.NMI_Handler
                0x0000000008001af8        0xe Core/Src/stm32f7xx_it.o
                0x0000000008001af8                NMI_Handler
 .text.HardFault_Handler
                0x0000000008001b06        0x6 Core/Src/stm32f7xx_it.o
                0x0000000008001b06                HardFault_Handler
 .text.MemManage_Handler
                0x0000000008001b0c        0x6 Core/Src/stm32f7xx_it.o
                0x0000000008001b0c                MemManage_Handler
 .text.BusFault_Handler
                0x0000000008001b12        0x6 Core/Src/stm32f7xx_it.o
                0x0000000008001b12                BusFault_Handler
 .text.UsageFault_Handler
                0x0000000008001b18        0x6 Core/Src/stm32f7xx_it.o
                0x0000000008001b18                UsageFault_Handler
 .text.SVC_Handler
                0x0000000008001b1e        0xe Core/Src/stm32f7xx_it.o
                0x0000000008001b1e                SVC_Handler
 .text.DebugMon_Handler
                0x0000000008001b2c        0xe Core/Src/stm32f7xx_it.o
                0x0000000008001b2c                DebugMon_Handler
 .text.PendSV_Handler
                0x0000000008001b3a        0xe Core/Src/stm32f7xx_it.o
                0x0000000008001b3a                PendSV_Handler
 .text.TIM6_DAC_IRQHandler
                0x0000000008001b48       0x14 Core/Src/stm32f7xx_it.o
                0x0000000008001b48                TIM6_DAC_IRQHandler
 .text.LTDC_IRQHandler
                0x0000000008001b5c       0x14 Core/Src/stm32f7xx_it.o
                0x0000000008001b5c                LTDC_IRQHandler
 .text.DMA2D_IRQHandler
                0x0000000008001b70       0x14 Core/Src/stm32f7xx_it.o
                0x0000000008001b70                DMA2D_IRQHandler
 .text.DSI_IRQHandler
                0x0000000008001b84       0x14 Core/Src/stm32f7xx_it.o
                0x0000000008001b84                DSI_IRQHandler
 .text._read    0x0000000008001b98       0x3a Core/Src/syscalls.o
                0x0000000008001b98                _read
 .text._write   0x0000000008001bd2       0x38 Core/Src/syscalls.o
                0x0000000008001bd2                _write
 .text._close   0x0000000008001c0a       0x18 Core/Src/syscalls.o
                0x0000000008001c0a                _close
 .text._fstat   0x0000000008001c22       0x20 Core/Src/syscalls.o
                0x0000000008001c22                _fstat
 .text._isatty  0x0000000008001c42       0x16 Core/Src/syscalls.o
                0x0000000008001c42                _isatty
 .text._lseek   0x0000000008001c58       0x1a Core/Src/syscalls.o
                0x0000000008001c58                _lseek
 *fill*         0x0000000008001c72        0x2 
 .text._sbrk    0x0000000008001c74       0x58 Core/Src/sysmem.o
                0x0000000008001c74                _sbrk
 .text.SystemInit
                0x0000000008001ccc       0x6c Core/Src/system_stm32f7xx.o
                0x0000000008001ccc                SystemInit
 .text.Reset_Handler
                0x0000000008001d38       0x50 Core/Startup/startup_stm32f769nihx.o
                0x0000000008001d38                Reset_Handler
 .text.Default_Handler
                0x0000000008001d88        0x2 Core/Startup/startup_stm32f769nihx.o
                0x0000000008001d88                RTC_Alarm_IRQHandler
                0x0000000008001d88                EXTI2_IRQHandler
                0x0000000008001d88                TIM8_CC_IRQHandler
                0x0000000008001d88                UART8_IRQHandler
                0x0000000008001d88                SPI4_IRQHandler
                0x0000000008001d88                TIM1_CC_IRQHandler
                0x0000000008001d88                DMA2_Stream5_IRQHandler
                0x0000000008001d88                JPEG_IRQHandler
                0x0000000008001d88                DMA1_Stream5_IRQHandler
                0x0000000008001d88                SysTick_Handler
                0x0000000008001d88                CAN3_RX1_IRQHandler
                0x0000000008001d88                PVD_IRQHandler
                0x0000000008001d88                TAMP_STAMP_IRQHandler
                0x0000000008001d88                CAN2_RX1_IRQHandler
                0x0000000008001d88                EXTI3_IRQHandler
                0x0000000008001d88                TIM8_TRG_COM_TIM14_IRQHandler
                0x0000000008001d88                DFSDM1_FLT1_IRQHandler
                0x0000000008001d88                TIM1_UP_TIM10_IRQHandler
                0x0000000008001d88                TIM8_UP_TIM13_IRQHandler
                0x0000000008001d88                I2C3_ER_IRQHandler
                0x0000000008001d88                DFSDM1_FLT2_IRQHandler
                0x0000000008001d88                EXTI0_IRQHandler
                0x0000000008001d88                I2C2_EV_IRQHandler
                0x0000000008001d88                DMA1_Stream2_IRQHandler
                0x0000000008001d88                CAN1_RX0_IRQHandler
                0x0000000008001d88                FPU_IRQHandler
                0x0000000008001d88                OTG_HS_WKUP_IRQHandler
                0x0000000008001d88                CAN3_SCE_IRQHandler
                0x0000000008001d88                LTDC_ER_IRQHandler
                0x0000000008001d88                CAN2_SCE_IRQHandler
                0x0000000008001d88                DMA2_Stream2_IRQHandler
                0x0000000008001d88                SPI1_IRQHandler
                0x0000000008001d88                TIM1_BRK_TIM9_IRQHandler
                0x0000000008001d88                DCMI_IRQHandler
                0x0000000008001d88                CAN2_RX0_IRQHandler
                0x0000000008001d88                DMA2_Stream3_IRQHandler
                0x0000000008001d88                SAI2_IRQHandler
                0x0000000008001d88                DFSDM1_FLT3_IRQHandler
                0x0000000008001d88                USART6_IRQHandler
                0x0000000008001d88                CAN3_RX0_IRQHandler
                0x0000000008001d88                USART3_IRQHandler
                0x0000000008001d88                CAN1_RX1_IRQHandler
                0x0000000008001d88                UART5_IRQHandler
                0x0000000008001d88                DMA2_Stream0_IRQHandler
                0x0000000008001d88                TIM4_IRQHandler
                0x0000000008001d88                QUADSPI_IRQHandler
                0x0000000008001d88                I2C1_EV_IRQHandler
                0x0000000008001d88                DMA1_Stream6_IRQHandler
                0x0000000008001d88                DMA1_Stream1_IRQHandler
                0x0000000008001d88                UART4_IRQHandler
                0x0000000008001d88                TIM3_IRQHandler
                0x0000000008001d88                RCC_IRQHandler
                0x0000000008001d88                TIM8_BRK_TIM12_IRQHandler
                0x0000000008001d88                Default_Handler
                0x0000000008001d88                CEC_IRQHandler
                0x0000000008001d88                EXTI15_10_IRQHandler
                0x0000000008001d88                ADC_IRQHandler
                0x0000000008001d88                DMA1_Stream7_IRQHandler
                0x0000000008001d88                SPI5_IRQHandler
                0x0000000008001d88                TIM7_IRQHandler
                0x0000000008001d88                SDMMC1_IRQHandler
                0x0000000008001d88                CAN2_TX_IRQHandler
                0x0000000008001d88                TIM5_IRQHandler
                0x0000000008001d88                DMA2_Stream7_IRQHandler
                0x0000000008001d88                I2C3_EV_IRQHandler
                0x0000000008001d88                EXTI9_5_IRQHandler
                0x0000000008001d88                RTC_WKUP_IRQHandler
                0x0000000008001d88                ETH_WKUP_IRQHandler
                0x0000000008001d88                SPDIF_RX_IRQHandler
                0x0000000008001d88                SPI2_IRQHandler
                0x0000000008001d88                OTG_HS_EP1_IN_IRQHandler
                0x0000000008001d88                DMA1_Stream0_IRQHandler
                0x0000000008001d88                CAN1_TX_IRQHandler
                0x0000000008001d88                EXTI4_IRQHandler
                0x0000000008001d88                RNG_IRQHandler
                0x0000000008001d88                ETH_IRQHandler
                0x0000000008001d88                OTG_HS_EP1_OUT_IRQHandler
                0x0000000008001d88                WWDG_IRQHandler
                0x0000000008001d88                SPI6_IRQHandler
                0x0000000008001d88                MDIOS_IRQHandler
                0x0000000008001d88                I2C4_EV_IRQHandler
                0x0000000008001d88                CAN3_TX_IRQHandler
                0x0000000008001d88                TIM2_IRQHandler
                0x0000000008001d88                OTG_FS_WKUP_IRQHandler
                0x0000000008001d88                TIM1_TRG_COM_TIM11_IRQHandler
                0x0000000008001d88                OTG_HS_IRQHandler
                0x0000000008001d88                EXTI1_IRQHandler
                0x0000000008001d88                SDMMC2_IRQHandler
                0x0000000008001d88                UART7_IRQHandler
                0x0000000008001d88                USART2_IRQHandler
                0x0000000008001d88                DFSDM1_FLT0_IRQHandler
                0x0000000008001d88                I2C2_ER_IRQHandler
                0x0000000008001d88                DMA2_Stream1_IRQHandler
                0x0000000008001d88                CAN1_SCE_IRQHandler
                0x0000000008001d88                FLASH_IRQHandler
                0x0000000008001d88                DMA2_Stream4_IRQHandler
                0x0000000008001d88                USART1_IRQHandler
                0x0000000008001d88                OTG_FS_IRQHandler
                0x0000000008001d88                SPI3_IRQHandler
                0x0000000008001d88                DMA1_Stream4_IRQHandler
                0x0000000008001d88                I2C1_ER_IRQHandler
                0x0000000008001d88                FMC_IRQHandler
                0x0000000008001d88                LPTIM1_IRQHandler
                0x0000000008001d88                I2C4_ER_IRQHandler
                0x0000000008001d88                DMA2_Stream6_IRQHandler
                0x0000000008001d88                SAI1_IRQHandler
                0x0000000008001d88                DMA1_Stream3_IRQHandler
 *fill*         0x0000000008001d8a        0x2 
 .text.ft6x06_Init
                0x0000000008001d8c       0x48 Drivers/BSP/Components/ft6x06/ft6x06.o
                0x0000000008001d8c                ft6x06_Init
 .text.ft6x06_Reset
                0x0000000008001dd4       0x16 Drivers/BSP/Components/ft6x06/ft6x06.o
                0x0000000008001dd4                ft6x06_Reset
 .text.ft6x06_ReadID
                0x0000000008001dea       0x26 Drivers/BSP/Components/ft6x06/ft6x06.o
                0x0000000008001dea                ft6x06_ReadID
 .text.ft6x06_TS_Start
                0x0000000008001e10       0x22 Drivers/BSP/Components/ft6x06/ft6x06.o
                0x0000000008001e10                ft6x06_TS_Start
 *fill*         0x0000000008001e32        0x2 
 .text.ft6x06_TS_DetectTouch
                0x0000000008001e34       0x54 Drivers/BSP/Components/ft6x06/ft6x06.o
                0x0000000008001e34                ft6x06_TS_DetectTouch
 .text.ft6x06_TS_GetXY
                0x0000000008001e88       0x94 Drivers/BSP/Components/ft6x06/ft6x06.o
                0x0000000008001e88                ft6x06_TS_GetXY
 .text.ft6x06_TS_EnableIT
                0x0000000008001f1c       0x28 Drivers/BSP/Components/ft6x06/ft6x06.o
                0x0000000008001f1c                ft6x06_TS_EnableIT
 .text.ft6x06_TS_DisableIT
                0x0000000008001f44       0x28 Drivers/BSP/Components/ft6x06/ft6x06.o
                0x0000000008001f44                ft6x06_TS_DisableIT
 .text.ft6x06_TS_ITStatus
                0x0000000008001f6c       0x18 Drivers/BSP/Components/ft6x06/ft6x06.o
                0x0000000008001f6c                ft6x06_TS_ITStatus
 .text.ft6x06_TS_ClearIT
                0x0000000008001f84       0x16 Drivers/BSP/Components/ft6x06/ft6x06.o
                0x0000000008001f84                ft6x06_TS_ClearIT
 .text.ft6x06_TS_Configure
                0x0000000008001f9a       0x1c Drivers/BSP/Components/ft6x06/ft6x06.o
 *fill*         0x0000000008001fb6        0x2 
 .text.ft6x06_GetInstance
                0x0000000008001fb8       0x44 Drivers/BSP/Components/ft6x06/ft6x06.o
 .text.OTM8009A_Init
                0x0000000008001ffc      0x4ac Drivers/BSP/Components/otm8009a/otm8009a.o
                0x0000000008001ffc                OTM8009A_Init
 .text.I2Cx_MspInit
                0x00000000080024a8      0x17c Drivers/BSP/STM32F769I-Discovery/stm32f769i_discovery.o
 .text.I2Cx_Init
                0x0000000008002624       0x78 Drivers/BSP/STM32F769I-Discovery/stm32f769i_discovery.o
 .text.I2Cx_ReadMultiple
                0x000000000800269c       0x5a Drivers/BSP/STM32F769I-Discovery/stm32f769i_discovery.o
 .text.I2Cx_WriteMultiple
                0x00000000080026f6       0x5a Drivers/BSP/STM32F769I-Discovery/stm32f769i_discovery.o
 .text.I2Cx_Error
                0x0000000008002750       0x20 Drivers/BSP/STM32F769I-Discovery/stm32f769i_discovery.o
 .text.TS_IO_Init
                0x0000000008002770       0x14 Drivers/BSP/STM32F769I-Discovery/stm32f769i_discovery.o
                0x0000000008002770                TS_IO_Init
 .text.TS_IO_Write
                0x0000000008002784       0x34 Drivers/BSP/STM32F769I-Discovery/stm32f769i_discovery.o
                0x0000000008002784                TS_IO_Write
 .text.TS_IO_Read
                0x00000000080027b8       0x3c Drivers/BSP/STM32F769I-Discovery/stm32f769i_discovery.o
                0x00000000080027b8                TS_IO_Read
 .text.TS_IO_ReadMultiple
                0x00000000080027f4       0x3c Drivers/BSP/STM32F769I-Discovery/stm32f769i_discovery.o
                0x00000000080027f4                TS_IO_ReadMultiple
 .text.OTM8009A_IO_Delay
                0x0000000008002830       0x16 Drivers/BSP/STM32F769I-Discovery/stm32f769i_discovery.o
                0x0000000008002830                OTM8009A_IO_Delay
 .text.BSP_LCD_Init
                0x0000000008002846       0x10 Drivers/BSP/STM32F769I-Discovery/stm32f769i_discovery_lcd.o
                0x0000000008002846                BSP_LCD_Init
 *fill*         0x0000000008002856        0x2 
 .text.BSP_LCD_InitEx
                0x0000000008002858      0x288 Drivers/BSP/STM32F769I-Discovery/stm32f769i_discovery_lcd.o
                0x0000000008002858                BSP_LCD_InitEx
 .text.BSP_LCD_Reset
                0x0000000008002ae0       0x70 Drivers/BSP/STM32F769I-Discovery/stm32f769i_discovery_lcd.o
                0x0000000008002ae0                BSP_LCD_Reset
 .text.BSP_LCD_GetXSize
                0x0000000008002b50       0x18 Drivers/BSP/STM32F769I-Discovery/stm32f769i_discovery_lcd.o
                0x0000000008002b50                BSP_LCD_GetXSize
 .text.BSP_LCD_GetYSize
                0x0000000008002b68       0x18 Drivers/BSP/STM32F769I-Discovery/stm32f769i_discovery_lcd.o
                0x0000000008002b68                BSP_LCD_GetYSize
 .text.BSP_LCD_LayerDefaultInit
                0x0000000008002b80       0xc0 Drivers/BSP/STM32F769I-Discovery/stm32f769i_discovery_lcd.o
                0x0000000008002b80                BSP_LCD_LayerDefaultInit
 .text.BSP_LCD_SelectLayer
                0x0000000008002c40       0x20 Drivers/BSP/STM32F769I-Discovery/stm32f769i_discovery_lcd.o
                0x0000000008002c40                BSP_LCD_SelectLayer
 .text.BSP_LCD_SetTextColor
                0x0000000008002c60       0x30 Drivers/BSP/STM32F769I-Discovery/stm32f769i_discovery_lcd.o
                0x0000000008002c60                BSP_LCD_SetTextColor
 .text.BSP_LCD_SetBackColor
                0x0000000008002c90       0x34 Drivers/BSP/STM32F769I-Discovery/stm32f769i_discovery_lcd.o
                0x0000000008002c90                BSP_LCD_SetBackColor
 .text.BSP_LCD_SetFont
                0x0000000008002cc4       0x34 Drivers/BSP/STM32F769I-Discovery/stm32f769i_discovery_lcd.o
                0x0000000008002cc4                BSP_LCD_SetFont
 .text.BSP_LCD_Clear
                0x0000000008002cf8       0x50 Drivers/BSP/STM32F769I-Discovery/stm32f769i_discovery_lcd.o
                0x0000000008002cf8                BSP_LCD_Clear
 .text.BSP_LCD_DisplayChar
                0x0000000008002d48       0x88 Drivers/BSP/STM32F769I-Discovery/stm32f769i_discovery_lcd.o
                0x0000000008002d48                BSP_LCD_DisplayChar
 .text.BSP_LCD_DisplayStringAt
                0x0000000008002dd0      0x188 Drivers/BSP/STM32F769I-Discovery/stm32f769i_discovery_lcd.o
                0x0000000008002dd0                BSP_LCD_DisplayStringAt
 .text.BSP_LCD_FillRect
                0x0000000008002f58       0xb4 Drivers/BSP/STM32F769I-Discovery/stm32f769i_discovery_lcd.o
                0x0000000008002f58                BSP_LCD_FillRect
 .text.DSI_IO_WriteCmd
                0x000000000800300c       0x54 Drivers/BSP/STM32F769I-Discovery/stm32f769i_discovery_lcd.o
                0x000000000800300c                DSI_IO_WriteCmd
 .text.LCD_IO_GetID
                0x0000000008003060       0x10 Drivers/BSP/STM32F769I-Discovery/stm32f769i_discovery_lcd.o
 .text.BSP_LCD_MspInit
                0x0000000008003070       0xd4 Drivers/BSP/STM32F769I-Discovery/stm32f769i_discovery_lcd.o
                0x0000000008003070                BSP_LCD_MspInit
 .text.BSP_LCD_DrawPixel
                0x0000000008003144       0x4c Drivers/BSP/STM32F769I-Discovery/stm32f769i_discovery_lcd.o
                0x0000000008003144                BSP_LCD_DrawPixel
 .text.DrawChar
                0x0000000008003190      0x170 Drivers/BSP/STM32F769I-Discovery/stm32f769i_discovery_lcd.o
 .text.LL_FillBuffer
                0x0000000008003300       0x70 Drivers/BSP/STM32F769I-Discovery/stm32f769i_discovery_lcd.o
 .text.BSP_SDRAM_Init
                0x0000000008003370       0xbc Drivers/BSP/STM32F769I-Discovery/stm32f769i_discovery_sdram.o
                0x0000000008003370                BSP_SDRAM_Init
 .text.BSP_SDRAM_Initialization_sequence
                0x000000000800342c       0xc0 Drivers/BSP/STM32F769I-Discovery/stm32f769i_discovery_sdram.o
                0x000000000800342c                BSP_SDRAM_Initialization_sequence
 .text.BSP_SDRAM_MspInit
                0x00000000080034ec      0x1f4 Drivers/BSP/STM32F769I-Discovery/stm32f769i_discovery_sdram.o
                0x00000000080034ec                BSP_SDRAM_MspInit
 .text.BSP_TS_Init
                0x00000000080036e0       0xc0 Drivers/BSP/STM32F769I-Discovery/stm32f769i_discovery_ts.o
                0x00000000080036e0                BSP_TS_Init
 .text.HAL_Init
                0x00000000080037a0       0x1a Drivers/STM32F7xx_HAL_Driver/Src/stm32f7xx_hal.o
                0x00000000080037a0                HAL_Init
 *fill*         0x00000000080037ba        0x2 
 .text.HAL_IncTick
                0x00000000080037bc       0x28 Drivers/STM32F7xx_HAL_Driver/Src/stm32f7xx_hal.o
                0x00000000080037bc                HAL_IncTick
 .text.HAL_GetTick
                0x00000000080037e4       0x18 Drivers/STM32F7xx_HAL_Driver/Src/stm32f7xx_hal.o
                0x00000000080037e4                HAL_GetTick
 .text.HAL_Delay
                0x00000000080037fc       0x44 Drivers/STM32F7xx_HAL_Driver/Src/stm32f7xx_hal.o
                0x00000000080037fc                HAL_Delay
 .text.__NVIC_SetPriorityGrouping
                0x0000000008003840       0x48 Drivers/STM32F7xx_HAL_Driver/Src/stm32f7xx_hal_cortex.o
 .text.__NVIC_GetPriorityGrouping
                0x0000000008003888       0x1c Drivers/STM32F7xx_HAL_Driver/Src/stm32f7xx_hal_cortex.o
 .text.__NVIC_EnableIRQ
                0x00000000080038a4       0x3c Drivers/STM32F7xx_HAL_Driver/Src/stm32f7xx_hal_cortex.o
 .text.__NVIC_DisableIRQ
                0x00000000080038e0       0x44 Drivers/STM32F7xx_HAL_Driver/Src/stm32f7xx_hal_cortex.o
 .text.__NVIC_SetPriority
                0x0000000008003924       0x54 Drivers/STM32F7xx_HAL_Driver/Src/stm32f7xx_hal_cortex.o
 .text.NVIC_EncodePriority
                0x0000000008003978       0x66 Drivers/STM32F7xx_HAL_Driver/Src/stm32f7xx_hal_cortex.o
 .text.HAL_NVIC_SetPriorityGrouping
                0x00000000080039de       0x16 Drivers/STM32F7xx_HAL_Driver/Src/stm32f7xx_hal_cortex.o
                0x00000000080039de                HAL_NVIC_SetPriorityGrouping
 .text.HAL_NVIC_SetPriority
                0x00000000080039f4       0x38 Drivers/STM32F7xx_HAL_Driver/Src/stm32f7xx_hal_cortex.o
                0x00000000080039f4                HAL_NVIC_SetPriority
 .text.HAL_NVIC_EnableIRQ
                0x0000000008003a2c       0x1c Drivers/STM32F7xx_HAL_Driver/Src/stm32f7xx_hal_cortex.o
                0x0000000008003a2c                HAL_NVIC_EnableIRQ
 .text.HAL_NVIC_DisableIRQ
                0x0000000008003a48       0x1c Drivers/STM32F7xx_HAL_Driver/Src/stm32f7xx_hal_cortex.o
                0x0000000008003a48                HAL_NVIC_DisableIRQ
 .text.HAL_DMA_Init
                0x0000000008003a64      0x15c Drivers/STM32F7xx_HAL_Driver/Src/stm32f7xx_hal_dma.o
                0x0000000008003a64                HAL_DMA_Init
 .text.HAL_DMA_DeInit
                0x0000000008003bc0       0xbc Drivers/STM32F7xx_HAL_Driver/Src/stm32f7xx_hal_dma.o
                0x0000000008003bc0                HAL_DMA_DeInit
 .text.DMA_CalcBaseAndBitshift
                0x0000000008003c7c       0x6c Drivers/STM32F7xx_HAL_Driver/Src/stm32f7xx_hal_dma.o
 .text.DMA_CheckFifoParam
                0x0000000008003ce8       0xf4 Drivers/STM32F7xx_HAL_Driver/Src/stm32f7xx_hal_dma.o
 .text.HAL_DMA2D_Init
                0x0000000008003ddc       0xb4 Drivers/STM32F7xx_HAL_Driver/Src/stm32f7xx_hal_dma2d.o
                0x0000000008003ddc                HAL_DMA2D_Init
 .text.HAL_DMA2D_Start
                0x0000000008003e90       0x56 Drivers/STM32F7xx_HAL_Driver/Src/stm32f7xx_hal_dma2d.o
                0x0000000008003e90                HAL_DMA2D_Start
 .text.HAL_DMA2D_PollForTransfer
                0x0000000008003ee6      0x1d2 Drivers/STM32F7xx_HAL_Driver/Src/stm32f7xx_hal_dma2d.o
                0x0000000008003ee6                HAL_DMA2D_PollForTransfer
 .text.HAL_DMA2D_IRQHandler
                0x00000000080040b8      0x1f8 Drivers/STM32F7xx_HAL_Driver/Src/stm32f7xx_hal_dma2d.o
                0x00000000080040b8                HAL_DMA2D_IRQHandler
 .text.HAL_DMA2D_LineEventCallback
                0x00000000080042b0       0x14 Drivers/STM32F7xx_HAL_Driver/Src/stm32f7xx_hal_dma2d.o
                0x00000000080042b0                HAL_DMA2D_LineEventCallback
 .text.HAL_DMA2D_CLUTLoadingCpltCallback
                0x00000000080042c4       0x14 Drivers/STM32F7xx_HAL_Driver/Src/stm32f7xx_hal_dma2d.o
                0x00000000080042c4                HAL_DMA2D_CLUTLoadingCpltCallback
 .text.HAL_DMA2D_ConfigLayer
                0x00000000080042d8      0x13c Drivers/STM32F7xx_HAL_Driver/Src/stm32f7xx_hal_dma2d.o
                0x00000000080042d8                HAL_DMA2D_ConfigLayer
 .text.DMA2D_SetConfig
                0x0000000008004414      0x138 Drivers/STM32F7xx_HAL_Driver/Src/stm32f7xx_hal_dma2d.o
 .text.DSI_ConfigPacketHeader
                0x000000000800454c       0x32 Drivers/STM32F7xx_HAL_Driver/Src/stm32f7xx_hal_dsi.o
 .text.DSI_ShortWrite
                0x000000000800457e       0x5e Drivers/STM32F7xx_HAL_Driver/Src/stm32f7xx_hal_dsi.o
 .text.HAL_DSI_Init
                0x00000000080045dc      0x234 Drivers/STM32F7xx_HAL_Driver/Src/stm32f7xx_hal_dsi.o
                0x00000000080045dc                HAL_DSI_Init
 .text.HAL_DSI_DeInit
                0x0000000008004810       0xe8 Drivers/STM32F7xx_HAL_Driver/Src/stm32f7xx_hal_dsi.o
                0x0000000008004810                HAL_DSI_DeInit
 .text.HAL_DSI_ConfigErrorMonitor
                0x00000000080048f8      0x178 Drivers/STM32F7xx_HAL_Driver/Src/stm32f7xx_hal_dsi.o
                0x00000000080048f8                HAL_DSI_ConfigErrorMonitor
 .text.HAL_DSI_IRQHandler
                0x0000000008004a70      0x192 Drivers/STM32F7xx_HAL_Driver/Src/stm32f7xx_hal_dsi.o
                0x0000000008004a70                HAL_DSI_IRQHandler
 .text.HAL_DSI_TearingEffectCallback
                0x0000000008004c02       0x14 Drivers/STM32F7xx_HAL_Driver/Src/stm32f7xx_hal_dsi.o
                0x0000000008004c02                HAL_DSI_TearingEffectCallback
 .text.HAL_DSI_EndOfRefreshCallback
                0x0000000008004c16       0x14 Drivers/STM32F7xx_HAL_Driver/Src/stm32f7xx_hal_dsi.o
                0x0000000008004c16                HAL_DSI_EndOfRefreshCallback
 .text.HAL_DSI_ErrorCallback
                0x0000000008004c2a       0x14 Drivers/STM32F7xx_HAL_Driver/Src/stm32f7xx_hal_dsi.o
                0x0000000008004c2a                HAL_DSI_ErrorCallback
 .text.HAL_DSI_SetGenericVCID
                0x0000000008004c3e       0x50 Drivers/STM32F7xx_HAL_Driver/Src/stm32f7xx_hal_dsi.o
                0x0000000008004c3e                HAL_DSI_SetGenericVCID
 *fill*         0x0000000008004c8e        0x2 
 .text.HAL_DSI_ConfigVideoMode
                0x0000000008004c90      0x400 Drivers/STM32F7xx_HAL_Driver/Src/stm32f7xx_hal_dsi.o
                0x0000000008004c90                HAL_DSI_ConfigVideoMode
 .text.HAL_DSI_ConfigAdaptedCommandMode
                0x0000000008005090      0x1b4 Drivers/STM32F7xx_HAL_Driver/Src/stm32f7xx_hal_dsi.o
                0x0000000008005090                HAL_DSI_ConfigAdaptedCommandMode
 .text.HAL_DSI_ConfigCommand
                0x0000000008005244       0xbc Drivers/STM32F7xx_HAL_Driver/Src/stm32f7xx_hal_dsi.o
                0x0000000008005244                HAL_DSI_ConfigCommand
 .text.HAL_DSI_ConfigFlowControl
                0x0000000008005300       0x50 Drivers/STM32F7xx_HAL_Driver/Src/stm32f7xx_hal_dsi.o
                0x0000000008005300                HAL_DSI_ConfigFlowControl
 .text.HAL_DSI_ConfigPhyTimer
                0x0000000008005350       0xd4 Drivers/STM32F7xx_HAL_Driver/Src/stm32f7xx_hal_dsi.o
                0x0000000008005350                HAL_DSI_ConfigPhyTimer
 .text.HAL_DSI_ConfigHostTimeouts
                0x0000000008005424      0x190 Drivers/STM32F7xx_HAL_Driver/Src/stm32f7xx_hal_dsi.o
                0x0000000008005424                HAL_DSI_ConfigHostTimeouts
 .text.HAL_DSI_Start
                0x00000000080055b4       0x78 Drivers/STM32F7xx_HAL_Driver/Src/stm32f7xx_hal_dsi.o
                0x00000000080055b4                HAL_DSI_Start
 .text.HAL_DSI_ShortWrite
                0x000000000800562c       0x44 Drivers/STM32F7xx_HAL_Driver/Src/stm32f7xx_hal_dsi.o
                0x000000000800562c                HAL_DSI_ShortWrite
 .text.HAL_DSI_LongWrite
                0x0000000008005670      0x130 Drivers/STM32F7xx_HAL_Driver/Src/stm32f7xx_hal_dsi.o
                0x0000000008005670                HAL_DSI_LongWrite
 .text.HAL_DSI_SetLowPowerRXFilter
                0x00000000080057a0       0x5a Drivers/STM32F7xx_HAL_Driver/Src/stm32f7xx_hal_dsi.o
                0x00000000080057a0                HAL_DSI_SetLowPowerRXFilter
 *fill*         0x00000000080057fa        0x2 
 .text.HAL_GPIO_Init
                0x00000000080057fc      0x354 Drivers/STM32F7xx_HAL_Driver/Src/stm32f7xx_hal_gpio.o
                0x00000000080057fc                HAL_GPIO_Init
 .text.HAL_GPIO_DeInit
                0x0000000008005b50      0x214 Drivers/STM32F7xx_HAL_Driver/Src/stm32f7xx_hal_gpio.o
                0x0000000008005b50                HAL_GPIO_DeInit
 .text.HAL_GPIO_ReadPin
                0x0000000008005d64       0x30 Drivers/STM32F7xx_HAL_Driver/Src/stm32f7xx_hal_gpio.o
                0x0000000008005d64                HAL_GPIO_ReadPin
 .text.HAL_GPIO_WritePin
                0x0000000008005d94       0x32 Drivers/STM32F7xx_HAL_Driver/Src/stm32f7xx_hal_gpio.o
                0x0000000008005d94                HAL_GPIO_WritePin
 *fill*         0x0000000008005dc6        0x2 
 .text.HAL_I2C_Init
                0x0000000008005dc8      0x120 Drivers/STM32F7xx_HAL_Driver/Src/stm32f7xx_hal_i2c.o
                0x0000000008005dc8                HAL_I2C_Init
 .text.HAL_I2C_DeInit
                0x0000000008005ee8       0x5e Drivers/STM32F7xx_HAL_Driver/Src/stm32f7xx_hal_i2c.o
                0x0000000008005ee8                HAL_I2C_DeInit
 .text.HAL_I2C_MspInit
                0x0000000008005f46       0x14 Drivers/STM32F7xx_HAL_Driver/Src/stm32f7xx_hal_i2c.o
                0x0000000008005f46                HAL_I2C_MspInit
 .text.HAL_I2C_MspDeInit
                0x0000000008005f5a       0x14 Drivers/STM32F7xx_HAL_Driver/Src/stm32f7xx_hal_i2c.o
                0x0000000008005f5a                HAL_I2C_MspDeInit
 *fill*         0x0000000008005f6e        0x2 
 .text.HAL_I2C_Mem_Write
                0x0000000008005f70      0x228 Drivers/STM32F7xx_HAL_Driver/Src/stm32f7xx_hal_i2c.o
                0x0000000008005f70                HAL_I2C_Mem_Write
 .text.HAL_I2C_Mem_Read
                0x0000000008006198      0x234 Drivers/STM32F7xx_HAL_Driver/Src/stm32f7xx_hal_i2c.o
                0x0000000008006198                HAL_I2C_Mem_Read
 .text.HAL_I2C_GetState
                0x00000000080063cc       0x1c Drivers/STM32F7xx_HAL_Driver/Src/stm32f7xx_hal_i2c.o
                0x00000000080063cc                HAL_I2C_GetState
 .text.I2C_RequestMemoryWrite
                0x00000000080063e8       0xa8 Drivers/STM32F7xx_HAL_Driver/Src/stm32f7xx_hal_i2c.o
 .text.I2C_RequestMemoryRead
                0x0000000008006490       0xa8 Drivers/STM32F7xx_HAL_Driver/Src/stm32f7xx_hal_i2c.o
 .text.I2C_Flush_TXDR
                0x0000000008006538       0x48 Drivers/STM32F7xx_HAL_Driver/Src/stm32f7xx_hal_i2c.o
 .text.I2C_WaitOnFlagUntilTimeout
                0x0000000008006580       0x80 Drivers/STM32F7xx_HAL_Driver/Src/stm32f7xx_hal_i2c.o
 .text.I2C_WaitOnTXISFlagUntilTimeout
                0x0000000008006600       0x80 Drivers/STM32F7xx_HAL_Driver/Src/stm32f7xx_hal_i2c.o
 .text.I2C_WaitOnSTOPFlagUntilTimeout
                0x0000000008006680       0x78 Drivers/STM32F7xx_HAL_Driver/Src/stm32f7xx_hal_i2c.o
 .text.I2C_IsAcknowledgeFailed
                0x00000000080066f8       0xcc Drivers/STM32F7xx_HAL_Driver/Src/stm32f7xx_hal_i2c.o
 .text.I2C_TransferConfig
                0x00000000080067c4       0x5c Drivers/STM32F7xx_HAL_Driver/Src/stm32f7xx_hal_i2c.o
 .text.HAL_LTDC_Init
                0x0000000008006820      0x1a0 Drivers/STM32F7xx_HAL_Driver/Src/stm32f7xx_hal_ltdc.o
                0x0000000008006820                HAL_LTDC_Init
 .text.HAL_LTDC_IRQHandler
                0x00000000080069c0      0x148 Drivers/STM32F7xx_HAL_Driver/Src/stm32f7xx_hal_ltdc.o
                0x00000000080069c0                HAL_LTDC_IRQHandler
 .text.HAL_LTDC_ErrorCallback
                0x0000000008006b08       0x14 Drivers/STM32F7xx_HAL_Driver/Src/stm32f7xx_hal_ltdc.o
                0x0000000008006b08                HAL_LTDC_ErrorCallback
 .text.HAL_LTDC_LineEventCallback
                0x0000000008006b1c       0x14 Drivers/STM32F7xx_HAL_Driver/Src/stm32f7xx_hal_ltdc.o
                0x0000000008006b1c                HAL_LTDC_LineEventCallback
 .text.HAL_LTDC_ReloadEventCallback
                0x0000000008006b30       0x14 Drivers/STM32F7xx_HAL_Driver/Src/stm32f7xx_hal_ltdc.o
                0x0000000008006b30                HAL_LTDC_ReloadEventCallback
 .text.HAL_LTDC_ConfigLayer
                0x0000000008006b44       0x7c Drivers/STM32F7xx_HAL_Driver/Src/stm32f7xx_hal_ltdc.o
                0x0000000008006b44                HAL_LTDC_ConfigLayer
 .text.LTDC_SetConfig
                0x0000000008006bc0      0x334 Drivers/STM32F7xx_HAL_Driver/Src/stm32f7xx_hal_ltdc.o
 .text.HAL_LTDCEx_StructInitFromVideoConfig
                0x0000000008006ef4       0xa0 Drivers/STM32F7xx_HAL_Driver/Src/stm32f7xx_hal_ltdc_ex.o
                0x0000000008006ef4                HAL_LTDCEx_StructInitFromVideoConfig
 .text.HAL_PWR_EnableBkUpAccess
                0x0000000008006f94       0x20 Drivers/STM32F7xx_HAL_Driver/Src/stm32f7xx_hal_pwr.o
                0x0000000008006f94                HAL_PWR_EnableBkUpAccess
 .text.HAL_PWREx_EnableOverDrive
                0x0000000008006fb4       0xa0 Drivers/STM32F7xx_HAL_Driver/Src/stm32f7xx_hal_pwr_ex.o
                0x0000000008006fb4                HAL_PWREx_EnableOverDrive
 .text.HAL_RCC_OscConfig
                0x0000000008007054      0x4e4 Drivers/STM32F7xx_HAL_Driver/Src/stm32f7xx_hal_rcc.o
                0x0000000008007054                HAL_RCC_OscConfig
 .text.HAL_RCC_ClockConfig
                0x0000000008007538      0x1d0 Drivers/STM32F7xx_HAL_Driver/Src/stm32f7xx_hal_rcc.o
                0x0000000008007538                HAL_RCC_ClockConfig
 .text.HAL_RCC_GetSysClockFreq
                0x0000000008007708      0x164 Drivers/STM32F7xx_HAL_Driver/Src/stm32f7xx_hal_rcc.o
                0x0000000008007708                HAL_RCC_GetSysClockFreq
 .text.HAL_RCC_GetHCLKFreq
                0x000000000800786c       0x18 Drivers/STM32F7xx_HAL_Driver/Src/stm32f7xx_hal_rcc.o
                0x000000000800786c                HAL_RCC_GetHCLKFreq
 .text.HAL_RCC_GetPCLK1Freq
                0x0000000008007884       0x28 Drivers/STM32F7xx_HAL_Driver/Src/stm32f7xx_hal_rcc.o
                0x0000000008007884                HAL_RCC_GetPCLK1Freq
 .text.HAL_RCC_GetPCLK2Freq
                0x00000000080078ac       0x28 Drivers/STM32F7xx_HAL_Driver/Src/stm32f7xx_hal_rcc.o
                0x00000000080078ac                HAL_RCC_GetPCLK2Freq
 .text.HAL_RCC_GetClockConfig
                0x00000000080078d4       0x64 Drivers/STM32F7xx_HAL_Driver/Src/stm32f7xx_hal_rcc.o
                0x00000000080078d4                HAL_RCC_GetClockConfig
 .text.HAL_RCCEx_PeriphCLKConfig
                0x0000000008007938      0x84c Drivers/STM32F7xx_HAL_Driver/Src/stm32f7xx_hal_rcc_ex.o
                0x0000000008007938                HAL_RCCEx_PeriphCLKConfig
 .text.HAL_SD_Init
                0x0000000008008184       0x56 Drivers/STM32F7xx_HAL_Driver/Src/stm32f7xx_hal_sd.o
                0x0000000008008184                HAL_SD_Init
 .text.HAL_SD_InitCard
                0x00000000080081da       0xc8 Drivers/STM32F7xx_HAL_Driver/Src/stm32f7xx_hal_sd.o
                0x00000000080081da                HAL_SD_InitCard
 .text.HAL_SD_ReadBlocks
                0x00000000080082a2      0x32c Drivers/STM32F7xx_HAL_Driver/Src/stm32f7xx_hal_sd.o
                0x00000000080082a2                HAL_SD_ReadBlocks
 .text.HAL_SD_WriteBlocks
                0x00000000080085ce      0x2ce Drivers/STM32F7xx_HAL_Driver/Src/stm32f7xx_hal_sd.o
                0x00000000080085ce                HAL_SD_WriteBlocks
 .text.HAL_SD_GetCardCSD
                0x000000000800889c      0x450 Drivers/STM32F7xx_HAL_Driver/Src/stm32f7xx_hal_sd.o
                0x000000000800889c                HAL_SD_GetCardCSD
 .text.HAL_SD_GetCardInfo
                0x0000000008008cec       0x58 Drivers/STM32F7xx_HAL_Driver/Src/stm32f7xx_hal_sd.o
                0x0000000008008cec                HAL_SD_GetCardInfo
 .text.HAL_SD_GetCardState
                0x0000000008008d44       0x4a Drivers/STM32F7xx_HAL_Driver/Src/stm32f7xx_hal_sd.o
                0x0000000008008d44                HAL_SD_GetCardState
 .text.SD_InitCard
                0x0000000008008d8e      0x192 Drivers/STM32F7xx_HAL_Driver/Src/stm32f7xx_hal_sd.o
 .text.SD_PowerON
                0x0000000008008f20      0x150 Drivers/STM32F7xx_HAL_Driver/Src/stm32f7xx_hal_sd.o
 .text.SD_SendStatus
                0x0000000008009070       0x54 Drivers/STM32F7xx_HAL_Driver/Src/stm32f7xx_hal_sd.o
 .text.HAL_SDRAM_Init
                0x00000000080090c4       0x68 Drivers/STM32F7xx_HAL_Driver/Src/stm32f7xx_hal_sdram.o
                0x00000000080090c4                HAL_SDRAM_Init
 .text.HAL_SDRAM_SendCommand
                0x000000000800912c       0x56 Drivers/STM32F7xx_HAL_Driver/Src/stm32f7xx_hal_sdram.o
                0x000000000800912c                HAL_SDRAM_SendCommand
 .text.HAL_SDRAM_ProgramRefreshRate
                0x0000000008009182       0x40 Drivers/STM32F7xx_HAL_Driver/Src/stm32f7xx_hal_sdram.o
                0x0000000008009182                HAL_SDRAM_ProgramRefreshRate
 .text.HAL_TIM_Base_Init
                0x00000000080091c2       0x56 Drivers/STM32F7xx_HAL_Driver/Src/stm32f7xx_hal_tim.o
                0x00000000080091c2                HAL_TIM_Base_Init
 .text.HAL_TIM_Base_MspInit
                0x0000000008009218       0x14 Drivers/STM32F7xx_HAL_Driver/Src/stm32f7xx_hal_tim.o
                0x0000000008009218                HAL_TIM_Base_MspInit
 .text.HAL_TIM_Base_Start_IT
                0x000000000800922c       0x54 Drivers/STM32F7xx_HAL_Driver/Src/stm32f7xx_hal_tim.o
                0x000000000800922c                HAL_TIM_Base_Start_IT
 .text.HAL_TIM_IRQHandler
                0x0000000008009280      0x23e Drivers/STM32F7xx_HAL_Driver/Src/stm32f7xx_hal_tim.o
                0x0000000008009280                HAL_TIM_IRQHandler
 .text.HAL_TIM_OC_DelayElapsedCallback
                0x00000000080094be       0x14 Drivers/STM32F7xx_HAL_Driver/Src/stm32f7xx_hal_tim.o
                0x00000000080094be                HAL_TIM_OC_DelayElapsedCallback
 .text.HAL_TIM_IC_CaptureCallback
                0x00000000080094d2       0x14 Drivers/STM32F7xx_HAL_Driver/Src/stm32f7xx_hal_tim.o
                0x00000000080094d2                HAL_TIM_IC_CaptureCallback
 .text.HAL_TIM_PWM_PulseFinishedCallback
                0x00000000080094e6       0x14 Drivers/STM32F7xx_HAL_Driver/Src/stm32f7xx_hal_tim.o
                0x00000000080094e6                HAL_TIM_PWM_PulseFinishedCallback
 .text.HAL_TIM_TriggerCallback
                0x00000000080094fa       0x14 Drivers/STM32F7xx_HAL_Driver/Src/stm32f7xx_hal_tim.o
                0x00000000080094fa                HAL_TIM_TriggerCallback
 *fill*         0x000000000800950e        0x2 
 .text.TIM_Base_SetConfig
                0x0000000008009510      0x140 Drivers/STM32F7xx_HAL_Driver/Src/stm32f7xx_hal_tim.o
                0x0000000008009510                TIM_Base_SetConfig
 .text.HAL_TIMEx_CommutCallback
                0x0000000008009650       0x14 Drivers/STM32F7xx_HAL_Driver/Src/stm32f7xx_hal_tim_ex.o
                0x0000000008009650                HAL_TIMEx_CommutCallback
 .text.HAL_TIMEx_BreakCallback
                0x0000000008009664       0x14 Drivers/STM32F7xx_HAL_Driver/Src/stm32f7xx_hal_tim_ex.o
                0x0000000008009664                HAL_TIMEx_BreakCallback
 .text.HAL_TIMEx_Break2Callback
                0x0000000008009678       0x14 Drivers/STM32F7xx_HAL_Driver/Src/stm32f7xx_hal_tim_ex.o
                0x0000000008009678                HAL_TIMEx_Break2Callback
 .text.HAL_UART_Init
                0x000000000800968c       0x9c Drivers/STM32F7xx_HAL_Driver/Src/stm32f7xx_hal_uart.o
                0x000000000800968c                HAL_UART_Init
 .text.HAL_UART_Transmit
                0x0000000008009728      0x122 Drivers/STM32F7xx_HAL_Driver/Src/stm32f7xx_hal_uart.o
                0x0000000008009728                HAL_UART_Transmit
 *fill*         0x000000000800984a        0x2 
 .text.UART_SetConfig
                0x000000000800984c      0x548 Drivers/STM32F7xx_HAL_Driver/Src/stm32f7xx_hal_uart.o
                0x000000000800984c                UART_SetConfig
 .text.UART_AdvFeatureConfig
                0x0000000008009d94      0x144 Drivers/STM32F7xx_HAL_Driver/Src/stm32f7xx_hal_uart.o
                0x0000000008009d94                UART_AdvFeatureConfig
 .text.UART_CheckIdleState
                0x0000000008009ed8       0x5e Drivers/STM32F7xx_HAL_Driver/Src/stm32f7xx_hal_uart.o
                0x0000000008009ed8                UART_CheckIdleState
 .text.UART_WaitOnFlagUntilTimeout
                0x0000000008009f36       0x90 Drivers/STM32F7xx_HAL_Driver/Src/stm32f7xx_hal_uart.o
                0x0000000008009f36                UART_WaitOnFlagUntilTimeout
 *fill*         0x0000000008009fc6        0x2 
 .text.FMC_SDRAM_Init
                0x0000000008009fc8       0xe4 Drivers/STM32F7xx_HAL_Driver/Src/stm32f7xx_ll_fmc.o
                0x0000000008009fc8                FMC_SDRAM_Init
 .text.FMC_SDRAM_Timing_Init
                0x000000000800a0ac      0x100 Drivers/STM32F7xx_HAL_Driver/Src/stm32f7xx_ll_fmc.o
                0x000000000800a0ac                FMC_SDRAM_Timing_Init
 .text.FMC_SDRAM_SendCommand
                0x000000000800a1ac       0x42 Drivers/STM32F7xx_HAL_Driver/Src/stm32f7xx_ll_fmc.o
                0x000000000800a1ac                FMC_SDRAM_SendCommand
 .text.FMC_SDRAM_ProgramRefreshRate
                0x000000000800a1ee       0x26 Drivers/STM32F7xx_HAL_Driver/Src/stm32f7xx_ll_fmc.o
                0x000000000800a1ee                FMC_SDRAM_ProgramRefreshRate
 .text.SDMMC_Init
                0x000000000800a214       0x58 Drivers/STM32F7xx_HAL_Driver/Src/stm32f7xx_ll_sdmmc.o
                0x000000000800a214                SDMMC_Init
 .text.SDMMC_ReadFIFO
                0x000000000800a26c       0x1a Drivers/STM32F7xx_HAL_Driver/Src/stm32f7xx_ll_sdmmc.o
                0x000000000800a26c                SDMMC_ReadFIFO
 .text.SDMMC_WriteFIFO
                0x000000000800a286       0x22 Drivers/STM32F7xx_HAL_Driver/Src/stm32f7xx_ll_sdmmc.o
                0x000000000800a286                SDMMC_WriteFIFO
 .text.SDMMC_PowerState_ON
                0x000000000800a2a8       0x1c Drivers/STM32F7xx_HAL_Driver/Src/stm32f7xx_ll_sdmmc.o
                0x000000000800a2a8                SDMMC_PowerState_ON
 .text.SDMMC_GetPowerState
                0x000000000800a2c4       0x1c Drivers/STM32F7xx_HAL_Driver/Src/stm32f7xx_ll_sdmmc.o
                0x000000000800a2c4                SDMMC_GetPowerState
 .text.SDMMC_SendCommand
                0x000000000800a2e0       0x54 Drivers/STM32F7xx_HAL_Driver/Src/stm32f7xx_ll_sdmmc.o
                0x000000000800a2e0                SDMMC_SendCommand
 .text.SDMMC_GetCommandResponse
                0x000000000800a334       0x1a Drivers/STM32F7xx_HAL_Driver/Src/stm32f7xx_ll_sdmmc.o
                0x000000000800a334                SDMMC_GetCommandResponse
 .text.SDMMC_GetResponse
                0x000000000800a34e       0x2a Drivers/STM32F7xx_HAL_Driver/Src/stm32f7xx_ll_sdmmc.o
                0x000000000800a34e                SDMMC_GetResponse
 .text.SDMMC_ConfigData
                0x000000000800a378       0x58 Drivers/STM32F7xx_HAL_Driver/Src/stm32f7xx_ll_sdmmc.o
                0x000000000800a378                SDMMC_ConfigData
 .text.SDMMC_CmdBlockLength
                0x000000000800a3d0       0x48 Drivers/STM32F7xx_HAL_Driver/Src/stm32f7xx_ll_sdmmc.o
                0x000000000800a3d0                SDMMC_CmdBlockLength
 .text.SDMMC_CmdReadSingleBlock
                0x000000000800a418       0x48 Drivers/STM32F7xx_HAL_Driver/Src/stm32f7xx_ll_sdmmc.o
                0x000000000800a418                SDMMC_CmdReadSingleBlock
 .text.SDMMC_CmdReadMultiBlock
                0x000000000800a460       0x48 Drivers/STM32F7xx_HAL_Driver/Src/stm32f7xx_ll_sdmmc.o
                0x000000000800a460                SDMMC_CmdReadMultiBlock
 .text.SDMMC_CmdWriteSingleBlock
                0x000000000800a4a8       0x48 Drivers/STM32F7xx_HAL_Driver/Src/stm32f7xx_ll_sdmmc.o
                0x000000000800a4a8                SDMMC_CmdWriteSingleBlock
 .text.SDMMC_CmdWriteMultiBlock
                0x000000000800a4f0       0x48 Drivers/STM32F7xx_HAL_Driver/Src/stm32f7xx_ll_sdmmc.o
                0x000000000800a4f0                SDMMC_CmdWriteMultiBlock
 .text.SDMMC_CmdStopTransfer
                0x000000000800a538       0x48 Drivers/STM32F7xx_HAL_Driver/Src/stm32f7xx_ll_sdmmc.o
                0x000000000800a538                SDMMC_CmdStopTransfer
 .text.SDMMC_CmdSelDesel
                0x000000000800a580       0x4a Drivers/STM32F7xx_HAL_Driver/Src/stm32f7xx_ll_sdmmc.o
                0x000000000800a580                SDMMC_CmdSelDesel
 .text.SDMMC_CmdGoIdleState
                0x000000000800a5ca       0x40 Drivers/STM32F7xx_HAL_Driver/Src/stm32f7xx_ll_sdmmc.o
                0x000000000800a5ca                SDMMC_CmdGoIdleState
 .text.SDMMC_CmdOperCond
                0x000000000800a60a       0x42 Drivers/STM32F7xx_HAL_Driver/Src/stm32f7xx_ll_sdmmc.o
                0x000000000800a60a                SDMMC_CmdOperCond
 .text.SDMMC_CmdAppCommand
                0x000000000800a64c       0x48 Drivers/STM32F7xx_HAL_Driver/Src/stm32f7xx_ll_sdmmc.o
                0x000000000800a64c                SDMMC_CmdAppCommand
 .text.SDMMC_CmdAppOperCommand
                0x000000000800a694       0x4c Drivers/STM32F7xx_HAL_Driver/Src/stm32f7xx_ll_sdmmc.o
                0x000000000800a694                SDMMC_CmdAppOperCommand
 .text.SDMMC_CmdSendCID
                0x000000000800a6e0       0x40 Drivers/STM32F7xx_HAL_Driver/Src/stm32f7xx_ll_sdmmc.o
                0x000000000800a6e0                SDMMC_CmdSendCID
 .text.SDMMC_CmdSendCSD
                0x000000000800a720       0x42 Drivers/STM32F7xx_HAL_Driver/Src/stm32f7xx_ll_sdmmc.o
                0x000000000800a720                SDMMC_CmdSendCSD
 .text.SDMMC_CmdSetRelAdd
                0x000000000800a762       0x46 Drivers/STM32F7xx_HAL_Driver/Src/stm32f7xx_ll_sdmmc.o
                0x000000000800a762                SDMMC_CmdSetRelAdd
 .text.SDMMC_CmdSendStatus
                0x000000000800a7a8       0x48 Drivers/STM32F7xx_HAL_Driver/Src/stm32f7xx_ll_sdmmc.o
                0x000000000800a7a8                SDMMC_CmdSendStatus
 .text.SDMMC_GetCmdError
                0x000000000800a7f0       0x54 Drivers/STM32F7xx_HAL_Driver/Src/stm32f7xx_ll_sdmmc.o
 .text.SDMMC_GetCmdResp1
                0x000000000800a844      0x1cc Drivers/STM32F7xx_HAL_Driver/Src/stm32f7xx_ll_sdmmc.o
 .text.SDMMC_GetCmdResp2
                0x000000000800aa10       0x80 Drivers/STM32F7xx_HAL_Driver/Src/stm32f7xx_ll_sdmmc.o
 .text.SDMMC_GetCmdResp3
                0x000000000800aa90       0x68 Drivers/STM32F7xx_HAL_Driver/Src/stm32f7xx_ll_sdmmc.o
 .text.SDMMC_GetCmdResp6
                0x000000000800aaf8       0xdc Drivers/STM32F7xx_HAL_Driver/Src/stm32f7xx_ll_sdmmc.o
 .text.SDMMC_GetCmdResp7
                0x000000000800abd4       0x74 Drivers/STM32F7xx_HAL_Driver/Src/stm32f7xx_ll_sdmmc.o
 .text.MX_FATFS_Init
                0x000000000800ac48       0x24 FATFS/App/fatfs.o
                0x000000000800ac48                MX_FATFS_Init
 .text.BSP_SD_Init
                0x000000000800ac6c       0x30 FATFS/Target/bsp_driver_sd.o
                0x000000000800ac6c                BSP_SD_Init
 .text.BSP_SD_ReadBlocks
                0x000000000800ac9c       0x3c FATFS/Target/bsp_driver_sd.o
                0x000000000800ac9c                BSP_SD_ReadBlocks
 .text.BSP_SD_WriteBlocks
                0x000000000800acd8       0x3c FATFS/Target/bsp_driver_sd.o
                0x000000000800acd8                BSP_SD_WriteBlocks
 .text.BSP_SD_GetCardState
                0x000000000800ad14       0x20 FATFS/Target/bsp_driver_sd.o
                0x000000000800ad14                BSP_SD_GetCardState
 .text.BSP_SD_GetCardInfo
                0x000000000800ad34       0x1c FATFS/Target/bsp_driver_sd.o
                0x000000000800ad34                BSP_SD_GetCardInfo
 .text.BSP_SD_IsDetected
                0x000000000800ad50       0x24 FATFS/Target/bsp_driver_sd.o
                0x000000000800ad50                BSP_SD_IsDetected
 .text.BSP_PlatformIsDetected
                0x000000000800ad74       0x2c FATFS/Target/fatfs_platform.o
                0x000000000800ad74                BSP_PlatformIsDetected
 .text.SD_CheckStatus
                0x000000000800ada0       0x3c FATFS/Target/sd_diskio.o
 .text.SD_initialize
                0x000000000800addc       0x3c FATFS/Target/sd_diskio.o
                0x000000000800addc                SD_initialize
 .text.SD_status
                0x000000000800ae18       0x1c FATFS/Target/sd_diskio.o
                0x000000000800ae18                SD_status
 .text.SD_read  0x000000000800ae34       0x42 FATFS/Target/sd_diskio.o
                0x000000000800ae34                SD_read
 .text.SD_write
                0x000000000800ae76       0x42 FATFS/Target/sd_diskio.o
                0x000000000800ae76                SD_write
 .text.SD_ioctl
                0x000000000800aeb8       0xb0 FATFS/Target/sd_diskio.o
                0x000000000800aeb8                SD_ioctl
 .text.disk_status
                0x000000000800af68       0x34 Middlewares/Third_Party/FatFs/src/diskio.o
                0x000000000800af68                disk_status
 .text.disk_initialize
                0x000000000800af9c       0x4c Middlewares/Third_Party/FatFs/src/diskio.o
                0x000000000800af9c                disk_initialize
 .text.disk_read
                0x000000000800afe8       0x40 Middlewares/Third_Party/FatFs/src/diskio.o
                0x000000000800afe8                disk_read
 .text.disk_write
                0x000000000800b028       0x40 Middlewares/Third_Party/FatFs/src/diskio.o
                0x000000000800b028                disk_write
 .text.ld_word  0x000000000800b068       0x30 Middlewares/Third_Party/FatFs/src/ff.o
 .text.ld_dword
                0x000000000800b098       0x46 Middlewares/Third_Party/FatFs/src/ff.o
 .text.st_word  0x000000000800b0de       0x36 Middlewares/Third_Party/FatFs/src/ff.o
 .text.st_dword
                0x000000000800b114       0x58 Middlewares/Third_Party/FatFs/src/ff.o
 .text.mem_set  0x000000000800b16c       0x34 Middlewares/Third_Party/FatFs/src/ff.o
 .text.mem_cmp  0x000000000800b1a0       0x4e Middlewares/Third_Party/FatFs/src/ff.o
 .text.chk_chr  0x000000000800b1ee       0x36 Middlewares/Third_Party/FatFs/src/ff.o
 .text.inc_lock
                0x000000000800b224      0x11c Middlewares/Third_Party/FatFs/src/ff.o
 .text.dec_lock
                0x000000000800b340       0x78 Middlewares/Third_Party/FatFs/src/ff.o
 .text.clear_lock
                0x000000000800b3b8       0x48 Middlewares/Third_Party/FatFs/src/ff.o
 .text.sync_window
                0x000000000800b400       0x88 Middlewares/Third_Party/FatFs/src/ff.o
 .text.move_window
                0x000000000800b488       0x5a Middlewares/Third_Party/FatFs/src/ff.o
 .text.clust2sect
                0x000000000800b4e2       0x3e Middlewares/Third_Party/FatFs/src/ff.o
 .text.get_fat  0x000000000800b520      0x14a Middlewares/Third_Party/FatFs/src/ff.o
 .text.put_fat  0x000000000800b66a      0x1ce Middlewares/Third_Party/FatFs/src/ff.o
 .text.create_chain
                0x000000000800b838      0x130 Middlewares/Third_Party/FatFs/src/ff.o
 .text.dir_sdi  0x000000000800b968       0xf6 Middlewares/Third_Party/FatFs/src/ff.o
 .text.dir_next
                0x000000000800ba5e      0x18a Middlewares/Third_Party/FatFs/src/ff.o
 .text.ld_clust
                0x000000000800bbe8       0x3e Middlewares/Third_Party/FatFs/src/ff.o
 .text.dir_read
                0x000000000800bc26       0xba Middlewares/Third_Party/FatFs/src/ff.o
 .text.dir_find
                0x000000000800bce0       0xaa Middlewares/Third_Party/FatFs/src/ff.o
 .text.get_fileinfo
                0x000000000800bd8a       0xbe Middlewares/Third_Party/FatFs/src/ff.o
 .text.create_name
                0x000000000800be48      0x128 Middlewares/Third_Party/FatFs/src/ff.o
 .text.follow_path
                0x000000000800bf70       0xe2 Middlewares/Third_Party/FatFs/src/ff.o
 .text.get_ldnumber
                0x000000000800c052       0x88 Middlewares/Third_Party/FatFs/src/ff.o
 *fill*         0x000000000800c0da        0x2 
 .text.check_fs
                0x000000000800c0dc       0xac Middlewares/Third_Party/FatFs/src/ff.o
 .text.find_volume
                0x000000000800c188      0x498 Middlewares/Third_Party/FatFs/src/ff.o
 .text.validate
                0x000000000800c620       0x6a Middlewares/Third_Party/FatFs/src/ff.o
 *fill*         0x000000000800c68a        0x2 
 .text.f_mount  0x000000000800c68c       0x8c Middlewares/Third_Party/FatFs/src/ff.o
                0x000000000800c68c                f_mount
 .text.f_opendir
                0x000000000800c718       0xe6 Middlewares/Third_Party/FatFs/src/ff.o
                0x000000000800c718                f_opendir
 .text.f_closedir
                0x000000000800c7fe       0x4c Middlewares/Third_Party/FatFs/src/ff.o
                0x000000000800c7fe                f_closedir
 .text.f_readdir
                0x000000000800c84a       0x7a Middlewares/Third_Party/FatFs/src/ff.o
                0x000000000800c84a                f_readdir
 .text.FATFS_LinkDriverEx
                0x000000000800c8c4       0x98 Middlewares/Third_Party/FatFs/src/ff_gen_drv.o
                0x000000000800c8c4                FATFS_LinkDriverEx
 .text.FATFS_LinkDriver
                0x000000000800c95c       0x1e Middlewares/Third_Party/FatFs/src/ff_gen_drv.o
                0x000000000800c95c                FATFS_LinkDriver
 *fill*         0x000000000800c97a        0x2 
 .text.__errno  0x000000000800c97c        0xc d:/st/stm32cubeide_1.1.0/stm32cubeide/plugins/com.st.stm32cube.ide.mcu.externaltools.gnu-tools-for-stm32.7-2018-q2-update.win32_1.0.0.201904181610/tools/bin/../lib/gcc/arm-none-eabi/7.3.1/../../../../arm-none-eabi/lib/thumb/v7e-m/fpv5/hard\libc_nano.a(lib_a-errno.o)
                0x000000000800c97c                __errno
 .text.__libc_init_array
                0x000000000800c988       0x48 d:/st/stm32cubeide_1.1.0/stm32cubeide/plugins/com.st.stm32cube.ide.mcu.externaltools.gnu-tools-for-stm32.7-2018-q2-update.win32_1.0.0.201904181610/tools/bin/../lib/gcc/arm-none-eabi/7.3.1/../../../../arm-none-eabi/lib/thumb/v7e-m/fpv5/hard\libc_nano.a(lib_a-init.o)
                0x000000000800c988                __libc_init_array
 .text.memset   0x000000000800c9d0       0x10 d:/st/stm32cubeide_1.1.0/stm32cubeide/plugins/com.st.stm32cube.ide.mcu.externaltools.gnu-tools-for-stm32.7-2018-q2-update.win32_1.0.0.201904181610/tools/bin/../lib/gcc/arm-none-eabi/7.3.1/../../../../arm-none-eabi/lib/thumb/v7e-m/fpv5/hard\libc_nano.a(lib_a-memset.o)
                0x000000000800c9d0                memset
 .text.printf   0x000000000800c9e0       0x30 d:/st/stm32cubeide_1.1.0/stm32cubeide/plugins/com.st.stm32cube.ide.mcu.externaltools.gnu-tools-for-stm32.7-2018-q2-update.win32_1.0.0.201904181610/tools/bin/../lib/gcc/arm-none-eabi/7.3.1/../../../../arm-none-eabi/lib/thumb/v7e-m/fpv5/hard\libc_nano.a(lib_a-printf.o)
                0x000000000800c9e0                iprintf
                0x000000000800c9e0                printf
 .text.sprintf  0x000000000800ca10       0x40 d:/st/stm32cubeide_1.1.0/stm32cubeide/plugins/com.st.stm32cube.ide.mcu.externaltools.gnu-tools-for-stm32.7-2018-q2-update.win32_1.0.0.201904181610/tools/bin/../lib/gcc/arm-none-eabi/7.3.1/../../../../arm-none-eabi/lib/thumb/v7e-m/fpv5/hard\libc_nano.a(lib_a-sprintf.o)
                0x000000000800ca10                siprintf
                0x000000000800ca10                sprintf
 .text.std      0x000000000800ca50       0x48 d:/st/stm32cubeide_1.1.0/stm32cubeide/plugins/com.st.stm32cube.ide.mcu.externaltools.gnu-tools-for-stm32.7-2018-q2-update.win32_1.0.0.201904181610/tools/bin/../lib/gcc/arm-none-eabi/7.3.1/../../../../arm-none-eabi/lib/thumb/v7e-m/fpv5/hard\libc_nano.a(lib_a-findfp.o)
 .text._cleanup_r
                0x000000000800ca98        0xc d:/st/stm32cubeide_1.1.0/stm32cubeide/plugins/com.st.stm32cube.ide.mcu.externaltools.gnu-tools-for-stm32.7-2018-q2-update.win32_1.0.0.201904181610/tools/bin/../lib/gcc/arm-none-eabi/7.3.1/../../../../arm-none-eabi/lib/thumb/v7e-m/fpv5/hard\libc_nano.a(lib_a-findfp.o)
                0x000000000800ca98                _cleanup_r
 .text.__sfmoreglue
                0x000000000800caa4       0x2c d:/st/stm32cubeide_1.1.0/stm32cubeide/plugins/com.st.stm32cube.ide.mcu.externaltools.gnu-tools-for-stm32.7-2018-q2-update.win32_1.0.0.201904181610/tools/bin/../lib/gcc/arm-none-eabi/7.3.1/../../../../arm-none-eabi/lib/thumb/v7e-m/fpv5/hard\libc_nano.a(lib_a-findfp.o)
                0x000000000800caa4                __sfmoreglue
 .text.__sinit  0x000000000800cad0       0x60 d:/st/stm32cubeide_1.1.0/stm32cubeide/plugins/com.st.stm32cube.ide.mcu.externaltools.gnu-tools-for-stm32.7-2018-q2-update.win32_1.0.0.201904181610/tools/bin/../lib/gcc/arm-none-eabi/7.3.1/../../../../arm-none-eabi/lib/thumb/v7e-m/fpv5/hard\libc_nano.a(lib_a-findfp.o)
                0x000000000800cad0                __sinit
 .text.__sfp    0x000000000800cb30       0x78 d:/st/stm32cubeide_1.1.0/stm32cubeide/plugins/com.st.stm32cube.ide.mcu.externaltools.gnu-tools-for-stm32.7-2018-q2-update.win32_1.0.0.201904181610/tools/bin/../lib/gcc/arm-none-eabi/7.3.1/../../../../arm-none-eabi/lib/thumb/v7e-m/fpv5/hard\libc_nano.a(lib_a-findfp.o)
                0x000000000800cb30                __sfp
 .text._fwalk_reent
                0x000000000800cba8       0x3c d:/st/stm32cubeide_1.1.0/stm32cubeide/plugins/com.st.stm32cube.ide.mcu.externaltools.gnu-tools-for-stm32.7-2018-q2-update.win32_1.0.0.201904181610/tools/bin/../lib/gcc/arm-none-eabi/7.3.1/../../../../arm-none-eabi/lib/thumb/v7e-m/fpv5/hard\libc_nano.a(lib_a-fwalk.o)
                0x000000000800cba8                _fwalk_reent
 .text._malloc_r
                0x000000000800cbe4       0xb4 d:/st/stm32cubeide_1.1.0/stm32cubeide/plugins/com.st.stm32cube.ide.mcu.externaltools.gnu-tools-for-stm32.7-2018-q2-update.win32_1.0.0.201904181610/tools/bin/../lib/gcc/arm-none-eabi/7.3.1/../../../../arm-none-eabi/lib/thumb/v7e-m/fpv5/hard\libc_nano.a(lib_a-nano-mallocr.o)
                0x000000000800cbe4                _malloc_r
 .text.__ssputs_r
                0x000000000800cc98       0xb4 d:/st/stm32cubeide_1.1.0/stm32cubeide/plugins/com.st.stm32cube.ide.mcu.externaltools.gnu-tools-for-stm32.7-2018-q2-update.win32_1.0.0.201904181610/tools/bin/../lib/gcc/arm-none-eabi/7.3.1/../../../../arm-none-eabi/lib/thumb/v7e-m/fpv5/hard\libc_nano.a(lib_a-nano-svfprintf.o)
                0x000000000800cc98                __ssputs_r
 .text._svfprintf_r
                0x000000000800cd4c      0x1f0 d:/st/stm32cubeide_1.1.0/stm32cubeide/plugins/com.st.stm32cube.ide.mcu.externaltools.gnu-tools-for-stm32.7-2018-q2-update.win32_1.0.0.201904181610/tools/bin/../lib/gcc/arm-none-eabi/7.3.1/../../../../arm-none-eabi/lib/thumb/v7e-m/fpv5/hard\libc_nano.a(lib_a-nano-svfprintf.o)
                0x000000000800cd4c                _svfiprintf_r
                0x000000000800cd4c                _svfprintf_r
 .text.__sfputc_r
                0x000000000800cf3c       0x2e d:/st/stm32cubeide_1.1.0/stm32cubeide/plugins/com.st.stm32cube.ide.mcu.externaltools.gnu-tools-for-stm32.7-2018-q2-update.win32_1.0.0.201904181610/tools/bin/../lib/gcc/arm-none-eabi/7.3.1/../../../../arm-none-eabi/lib/thumb/v7e-m/fpv5/hard\libc_nano.a(lib_a-nano-vfprintf.o)
 .text.__sfputs_r
                0x000000000800cf6a       0x24 d:/st/stm32cubeide_1.1.0/stm32cubeide/plugins/com.st.stm32cube.ide.mcu.externaltools.gnu-tools-for-stm32.7-2018-q2-update.win32_1.0.0.201904181610/tools/bin/../lib/gcc/arm-none-eabi/7.3.1/../../../../arm-none-eabi/lib/thumb/v7e-m/fpv5/hard\libc_nano.a(lib_a-nano-vfprintf.o)
                0x000000000800cf6a                __sfputs_r
 *fill*         0x000000000800cf8e        0x2 
 .text._vfprintf_r
                0x000000000800cf90      0x22c d:/st/stm32cubeide_1.1.0/stm32cubeide/plugins/com.st.stm32cube.ide.mcu.externaltools.gnu-tools-for-stm32.7-2018-q2-update.win32_1.0.0.201904181610/tools/bin/../lib/gcc/arm-none-eabi/7.3.1/../../../../arm-none-eabi/lib/thumb/v7e-m/fpv5/hard\libc_nano.a(lib_a-nano-vfprintf.o)
                0x000000000800cf90                _vfprintf_r
                0x000000000800cf90                _vfiprintf_r
 .text._printf_common
                0x000000000800d1bc       0xea d:/st/stm32cubeide_1.1.0/stm32cubeide/plugins/com.st.stm32cube.ide.mcu.externaltools.gnu-tools-for-stm32.7-2018-q2-update.win32_1.0.0.201904181610/tools/bin/../lib/gcc/arm-none-eabi/7.3.1/../../../../arm-none-eabi/lib/thumb/v7e-m/fpv5/hard\libc_nano.a(lib_a-nano-vfprintf_i.o)
                0x000000000800d1bc                _printf_common
 *fill*         0x000000000800d2a6        0x2 
 .text._printf_i
                0x000000000800d2a8      0x224 d:/st/stm32cubeide_1.1.0/stm32cubeide/plugins/com.st.stm32cube.ide.mcu.externaltools.gnu-tools-for-stm32.7-2018-q2-update.win32_1.0.0.201904181610/tools/bin/../lib/gcc/arm-none-eabi/7.3.1/../../../../arm-none-eabi/lib/thumb/v7e-m/fpv5/hard\libc_nano.a(lib_a-nano-vfprintf_i.o)
                0x000000000800d2a8                _printf_i
 .text._sbrk_r  0x000000000800d4cc       0x20 d:/st/stm32cubeide_1.1.0/stm32cubeide/plugins/com.st.stm32cube.ide.mcu.externaltools.gnu-tools-for-stm32.7-2018-q2-update.win32_1.0.0.201904181610/tools/bin/../lib/gcc/arm-none-eabi/7.3.1/../../../../arm-none-eabi/lib/thumb/v7e-m/fpv5/hard\libc_nano.a(lib_a-sbrkr.o)
                0x000000000800d4cc                _sbrk_r
 .text.__sread  0x000000000800d4ec       0x22 d:/st/stm32cubeide_1.1.0/stm32cubeide/plugins/com.st.stm32cube.ide.mcu.externaltools.gnu-tools-for-stm32.7-2018-q2-update.win32_1.0.0.201904181610/tools/bin/../lib/gcc/arm-none-eabi/7.3.1/../../../../arm-none-eabi/lib/thumb/v7e-m/fpv5/hard\libc_nano.a(lib_a-stdio.o)
                0x000000000800d4ec                __sread
 .text.__swrite
                0x000000000800d50e       0x38 d:/st/stm32cubeide_1.1.0/stm32cubeide/plugins/com.st.stm32cube.ide.mcu.externaltools.gnu-tools-for-stm32.7-2018-q2-update.win32_1.0.0.201904181610/tools/bin/../lib/gcc/arm-none-eabi/7.3.1/../../../../arm-none-eabi/lib/thumb/v7e-m/fpv5/hard\libc_nano.a(lib_a-stdio.o)
                0x000000000800d50e                __swrite
 .text.__sseek  0x000000000800d546       0x24 d:/st/stm32cubeide_1.1.0/stm32cubeide/plugins/com.st.stm32cube.ide.mcu.externaltools.gnu-tools-for-stm32.7-2018-q2-update.win32_1.0.0.201904181610/tools/bin/../lib/gcc/arm-none-eabi/7.3.1/../../../../arm-none-eabi/lib/thumb/v7e-m/fpv5/hard\libc_nano.a(lib_a-stdio.o)
                0x000000000800d546                __sseek
 .text.__sclose
                0x000000000800d56a        0x8 d:/st/stm32cubeide_1.1.0/stm32cubeide/plugins/com.st.stm32cube.ide.mcu.externaltools.gnu-tools-for-stm32.7-2018-q2-update.win32_1.0.0.201904181610/tools/bin/../lib/gcc/arm-none-eabi/7.3.1/../../../../arm-none-eabi/lib/thumb/v7e-m/fpv5/hard\libc_nano.a(lib_a-stdio.o)
                0x000000000800d56a                __sclose
 *fill*         0x000000000800d572        0x2 
 .text.__swbuf_r
                0x000000000800d574       0xa4 d:/st/stm32cubeide_1.1.0/stm32cubeide/plugins/com.st.stm32cube.ide.mcu.externaltools.gnu-tools-for-stm32.7-2018-q2-update.win32_1.0.0.201904181610/tools/bin/../lib/gcc/arm-none-eabi/7.3.1/../../../../arm-none-eabi/lib/thumb/v7e-m/fpv5/hard\libc_nano.a(lib_a-wbuf.o)
                0x000000000800d574                __swbuf_r
 .text._write_r
                0x000000000800d618       0x24 d:/st/stm32cubeide_1.1.0/stm32cubeide/plugins/com.st.stm32cube.ide.mcu.externaltools.gnu-tools-for-stm32.7-2018-q2-update.win32_1.0.0.201904181610/tools/bin/../lib/gcc/arm-none-eabi/7.3.1/../../../../arm-none-eabi/lib/thumb/v7e-m/fpv5/hard\libc_nano.a(lib_a-writer.o)
                0x000000000800d618                _write_r
 .text.__swsetup_r
                0x000000000800d63c       0xdc d:/st/stm32cubeide_1.1.0/stm32cubeide/plugins/com.st.stm32cube.ide.mcu.externaltools.gnu-tools-for-stm32.7-2018-q2-update.win32_1.0.0.201904181610/tools/bin/../lib/gcc/arm-none-eabi/7.3.1/../../../../arm-none-eabi/lib/thumb/v7e-m/fpv5/hard\libc_nano.a(lib_a-wsetup.o)
                0x000000000800d63c                __swsetup_r
 .text._close_r
                0x000000000800d718       0x20 d:/st/stm32cubeide_1.1.0/stm32cubeide/plugins/com.st.stm32cube.ide.mcu.externaltools.gnu-tools-for-stm32.7-2018-q2-update.win32_1.0.0.201904181610/tools/bin/../lib/gcc/arm-none-eabi/7.3.1/../../../../arm-none-eabi/lib/thumb/v7e-m/fpv5/hard\libc_nano.a(lib_a-closer.o)
                0x000000000800d718                _close_r
 .text.__sflush_r
                0x000000000800d738      0x10c d:/st/stm32cubeide_1.1.0/stm32cubeide/plugins/com.st.stm32cube.ide.mcu.externaltools.gnu-tools-for-stm32.7-2018-q2-update.win32_1.0.0.201904181610/tools/bin/../lib/gcc/arm-none-eabi/7.3.1/../../../../arm-none-eabi/lib/thumb/v7e-m/fpv5/hard\libc_nano.a(lib_a-fflush.o)
                0x000000000800d738                __sflush_r
 .text._fflush_r
                0x000000000800d844       0x54 d:/st/stm32cubeide_1.1.0/stm32cubeide/plugins/com.st.stm32cube.ide.mcu.externaltools.gnu-tools-for-stm32.7-2018-q2-update.win32_1.0.0.201904181610/tools/bin/../lib/gcc/arm-none-eabi/7.3.1/../../../../arm-none-eabi/lib/thumb/v7e-m/fpv5/hard\libc_nano.a(lib_a-fflush.o)
                0x000000000800d844                _fflush_r
 .text._lseek_r
                0x000000000800d898       0x24 d:/st/stm32cubeide_1.1.0/stm32cubeide/plugins/com.st.stm32cube.ide.mcu.externaltools.gnu-tools-for-stm32.7-2018-q2-update.win32_1.0.0.201904181610/tools/bin/../lib/gcc/arm-none-eabi/7.3.1/../../../../arm-none-eabi/lib/thumb/v7e-m/fpv5/hard\libc_nano.a(lib_a-lseekr.o)
                0x000000000800d898                _lseek_r
 .text.__swhatbuf_r
                0x000000000800d8bc       0x48 d:/st/stm32cubeide_1.1.0/stm32cubeide/plugins/com.st.stm32cube.ide.mcu.externaltools.gnu-tools-for-stm32.7-2018-q2-update.win32_1.0.0.201904181610/tools/bin/../lib/gcc/arm-none-eabi/7.3.1/../../../../arm-none-eabi/lib/thumb/v7e-m/fpv5/hard\libc_nano.a(lib_a-makebuf.o)
                0x000000000800d8bc                __swhatbuf_r
 .text.__smakebuf_r
                0x000000000800d904       0x80 d:/st/stm32cubeide_1.1.0/stm32cubeide/plugins/com.st.stm32cube.ide.mcu.externaltools.gnu-tools-for-stm32.7-2018-q2-update.win32_1.0.0.201904181610/tools/bin/../lib/gcc/arm-none-eabi/7.3.1/../../../../arm-none-eabi/lib/thumb/v7e-m/fpv5/hard\libc_nano.a(lib_a-makebuf.o)
                0x000000000800d904                __smakebuf_r
 .text.memcpy   0x000000000800d984       0x16 d:/st/stm32cubeide_1.1.0/stm32cubeide/plugins/com.st.stm32cube.ide.mcu.externaltools.gnu-tools-for-stm32.7-2018-q2-update.win32_1.0.0.201904181610/tools/bin/../lib/gcc/arm-none-eabi/7.3.1/../../../../arm-none-eabi/lib/thumb/v7e-m/fpv5/hard\libc_nano.a(lib_a-memcpy-stub.o)
                0x000000000800d984                memcpy
 .text.memmove  0x000000000800d99a       0x32 d:/st/stm32cubeide_1.1.0/stm32cubeide/plugins/com.st.stm32cube.ide.mcu.externaltools.gnu-tools-for-stm32.7-2018-q2-update.win32_1.0.0.201904181610/tools/bin/../lib/gcc/arm-none-eabi/7.3.1/../../../../arm-none-eabi/lib/thumb/v7e-m/fpv5/hard\libc_nano.a(lib_a-memmove.o)
                0x000000000800d99a                memmove
 .text.__malloc_lock
                0x000000000800d9cc        0x2 d:/st/stm32cubeide_1.1.0/stm32cubeide/plugins/com.st.stm32cube.ide.mcu.externaltools.gnu-tools-for-stm32.7-2018-q2-update.win32_1.0.0.201904181610/tools/bin/../lib/gcc/arm-none-eabi/7.3.1/../../../../arm-none-eabi/lib/thumb/v7e-m/fpv5/hard\libc_nano.a(lib_a-mlock.o)
                0x000000000800d9cc                __malloc_lock
 .text.__malloc_unlock
                0x000000000800d9ce        0x2 d:/st/stm32cubeide_1.1.0/stm32cubeide/plugins/com.st.stm32cube.ide.mcu.externaltools.gnu-tools-for-stm32.7-2018-q2-update.win32_1.0.0.201904181610/tools/bin/../lib/gcc/arm-none-eabi/7.3.1/../../../../arm-none-eabi/lib/thumb/v7e-m/fpv5/hard\libc_nano.a(lib_a-mlock.o)
                0x000000000800d9ce                __malloc_unlock
 .text._free_r  0x000000000800d9d0       0x9c d:/st/stm32cubeide_1.1.0/stm32cubeide/plugins/com.st.stm32cube.ide.mcu.externaltools.gnu-tools-for-stm32.7-2018-q2-update.win32_1.0.0.201904181610/tools/bin/../lib/gcc/arm-none-eabi/7.3.1/../../../../arm-none-eabi/lib/thumb/v7e-m/fpv5/hard\libc_nano.a(lib_a-nano-freer.o)
                0x000000000800d9d0                _free_r
 .text._realloc_r
                0x000000000800da6c       0x4c d:/st/stm32cubeide_1.1.0/stm32cubeide/plugins/com.st.stm32cube.ide.mcu.externaltools.gnu-tools-for-stm32.7-2018-q2-update.win32_1.0.0.201904181610/tools/bin/../lib/gcc/arm-none-eabi/7.3.1/../../../../arm-none-eabi/lib/thumb/v7e-m/fpv5/hard\libc_nano.a(lib_a-nano-reallocr.o)
                0x000000000800da6c                _realloc_r
 .text._read_r  0x000000000800dab8       0x24 d:/st/stm32cubeide_1.1.0/stm32cubeide/plugins/com.st.stm32cube.ide.mcu.externaltools.gnu-tools-for-stm32.7-2018-q2-update.win32_1.0.0.201904181610/tools/bin/../lib/gcc/arm-none-eabi/7.3.1/../../../../arm-none-eabi/lib/thumb/v7e-m/fpv5/hard\libc_nano.a(lib_a-readr.o)
                0x000000000800dab8                _read_r
 .text._fstat_r
                0x000000000800dadc       0x24 d:/st/stm32cubeide_1.1.0/stm32cubeide/plugins/com.st.stm32cube.ide.mcu.externaltools.gnu-tools-for-stm32.7-2018-q2-update.win32_1.0.0.201904181610/tools/bin/../lib/gcc/arm-none-eabi/7.3.1/../../../../arm-none-eabi/lib/thumb/v7e-m/fpv5/hard\libc_nano.a(lib_a-fstatr.o)
                0x000000000800dadc                _fstat_r
 .text._isatty_r
                0x000000000800db00       0x20 d:/st/stm32cubeide_1.1.0/stm32cubeide/plugins/com.st.stm32cube.ide.mcu.externaltools.gnu-tools-for-stm32.7-2018-q2-update.win32_1.0.0.201904181610/tools/bin/../lib/gcc/arm-none-eabi/7.3.1/../../../../arm-none-eabi/lib/thumb/v7e-m/fpv5/hard\libc_nano.a(lib_a-isattyr.o)
                0x000000000800db00                _isatty_r
 .text._malloc_usable_size_r
                0x000000000800db20       0x10 d:/st/stm32cubeide_1.1.0/stm32cubeide/plugins/com.st.stm32cube.ide.mcu.externaltools.gnu-tools-for-stm32.7-2018-q2-update.win32_1.0.0.201904181610/tools/bin/../lib/gcc/arm-none-eabi/7.3.1/../../../../arm-none-eabi/lib/thumb/v7e-m/fpv5/hard\libc_nano.a(lib_a-nano-msizer.o)
                0x000000000800db20                _malloc_usable_size_r
 *(.glue_7)
 .glue_7        0x000000000800db30        0x0 linker stubs
 *(.glue_7t)
 .glue_7t       0x000000000800db30        0x0 linker stubs
 *(.eh_frame)
 .eh_frame      0x000000000800db30        0x0 d:/st/stm32cubeide_1.1.0/stm32cubeide/plugins/com.st.stm32cube.ide.mcu.externaltools.gnu-tools-for-stm32.7-2018-q2-update.win32_1.0.0.201904181610/tools/bin/../lib/gcc/arm-none-eabi/7.3.1/thumb/v7e-m/fpv5/hard/crtbegin.o
 *(.init)
 .init          0x000000000800db30        0x4 d:/st/stm32cubeide_1.1.0/stm32cubeide/plugins/com.st.stm32cube.ide.mcu.externaltools.gnu-tools-for-stm32.7-2018-q2-update.win32_1.0.0.201904181610/tools/bin/../lib/gcc/arm-none-eabi/7.3.1/thumb/v7e-m/fpv5/hard/crti.o
                0x000000000800db30                _init
 .init          0x000000000800db34        0x8 d:/st/stm32cubeide_1.1.0/stm32cubeide/plugins/com.st.stm32cube.ide.mcu.externaltools.gnu-tools-for-stm32.7-2018-q2-update.win32_1.0.0.201904181610/tools/bin/../lib/gcc/arm-none-eabi/7.3.1/thumb/v7e-m/fpv5/hard/crtn.o
 *(.fini)
 .fini          0x000000000800db3c        0x4 d:/st/stm32cubeide_1.1.0/stm32cubeide/plugins/com.st.stm32cube.ide.mcu.externaltools.gnu-tools-for-stm32.7-2018-q2-update.win32_1.0.0.201904181610/tools/bin/../lib/gcc/arm-none-eabi/7.3.1/thumb/v7e-m/fpv5/hard/crti.o
                0x000000000800db3c                _fini
 .fini          0x000000000800db40        0x8 d:/st/stm32cubeide_1.1.0/stm32cubeide/plugins/com.st.stm32cube.ide.mcu.externaltools.gnu-tools-for-stm32.7-2018-q2-update.win32_1.0.0.201904181610/tools/bin/../lib/gcc/arm-none-eabi/7.3.1/thumb/v7e-m/fpv5/hard/crtn.o
                0x000000000800db48                . = ALIGN (0x4)
                0x000000000800db48                _etext = .

.vfp11_veneer   0x000000000800db48        0x0
 .vfp11_veneer  0x000000000800db48        0x0 linker stubs

.v4_bx          0x000000000800db48        0x0
 .v4_bx         0x000000000800db48        0x0 linker stubs

.iplt           0x000000000800db48        0x0
 .iplt          0x000000000800db48        0x0 d:/st/stm32cubeide_1.1.0/stm32cubeide/plugins/com.st.stm32cube.ide.mcu.externaltools.gnu-tools-for-stm32.7-2018-q2-update.win32_1.0.0.201904181610/tools/bin/../lib/gcc/arm-none-eabi/7.3.1/thumb/v7e-m/fpv5/hard/crtbegin.o

.rodata         0x000000000800db48     0x1ea0
                0x000000000800db48                . = ALIGN (0x4)
 *(.rodata)
 .rodata        0x000000000800db48       0x43 Core/Src/main.o
 *fill*         0x000000000800db8b        0x1 
 .rodata        0x000000000800db8c       0x44 Middlewares/Third_Party/FatFs/src/ff.o
 *(.rodata*)
 .rodata.AHBPrescTable
                0x000000000800dbd0       0x10 Core/Src/system_stm32f7xx.o
                0x000000000800dbd0                AHBPrescTable
 .rodata.APBPrescTable
                0x000000000800dbe0        0x8 Core/Src/system_stm32f7xx.o
                0x000000000800dbe0                APBPrescTable
 .rodata.lcdRegData1
                0x000000000800dbe8        0x4 Drivers/BSP/Components/otm8009a/otm8009a.o
                0x000000000800dbe8                lcdRegData1
 .rodata.lcdRegData2
                0x000000000800dbec        0x3 Drivers/BSP/Components/otm8009a/otm8009a.o
                0x000000000800dbec                lcdRegData2
 *fill*         0x000000000800dbef        0x1 
 .rodata.lcdRegData3
                0x000000000800dbf0       0x11 Drivers/BSP/Components/otm8009a/otm8009a.o
                0x000000000800dbf0                lcdRegData3
 *fill*         0x000000000800dc01        0x3 
 .rodata.lcdRegData4
                0x000000000800dc04       0x11 Drivers/BSP/Components/otm8009a/otm8009a.o
                0x000000000800dc04                lcdRegData4
 *fill*         0x000000000800dc15        0x3 
 .rodata.lcdRegData5
                0x000000000800dc18        0x3 Drivers/BSP/Components/otm8009a/otm8009a.o
                0x000000000800dc18                lcdRegData5
 *fill*         0x000000000800dc1b        0x1 
 .rodata.lcdRegData6
                0x000000000800dc1c        0x3 Drivers/BSP/Components/otm8009a/otm8009a.o
                0x000000000800dc1c                lcdRegData6
 *fill*         0x000000000800dc1f        0x1 
 .rodata.lcdRegData7
                0x000000000800dc20        0x7 Drivers/BSP/Components/otm8009a/otm8009a.o
                0x000000000800dc20                lcdRegData7
 *fill*         0x000000000800dc27        0x1 
 .rodata.lcdRegData8
                0x000000000800dc28        0xf Drivers/BSP/Components/otm8009a/otm8009a.o
                0x000000000800dc28                lcdRegData8
 *fill*         0x000000000800dc37        0x1 
 .rodata.lcdRegData9
                0x000000000800dc38        0xf Drivers/BSP/Components/otm8009a/otm8009a.o
                0x000000000800dc38                lcdRegData9
 *fill*         0x000000000800dc47        0x1 
 .rodata.lcdRegData10
                0x000000000800dc48        0xb Drivers/BSP/Components/otm8009a/otm8009a.o
                0x000000000800dc48                lcdRegData10
 *fill*         0x000000000800dc53        0x1 
 .rodata.lcdRegData11
                0x000000000800dc54        0xb Drivers/BSP/Components/otm8009a/otm8009a.o
                0x000000000800dc54                lcdRegData11
 *fill*         0x000000000800dc5f        0x1 
 .rodata.lcdRegData12
                0x000000000800dc60       0x10 Drivers/BSP/Components/otm8009a/otm8009a.o
                0x000000000800dc60                lcdRegData12
 .rodata.lcdRegData13
                0x000000000800dc70       0x10 Drivers/BSP/Components/otm8009a/otm8009a.o
                0x000000000800dc70                lcdRegData13
 .rodata.lcdRegData14
                0x000000000800dc80        0xb Drivers/BSP/Components/otm8009a/otm8009a.o
                0x000000000800dc80                lcdRegData14
 *fill*         0x000000000800dc8b        0x1 
 .rodata.lcdRegData15
                0x000000000800dc8c       0x10 Drivers/BSP/Components/otm8009a/otm8009a.o
                0x000000000800dc8c                lcdRegData15
 .rodata.lcdRegData16
                0x000000000800dc9c       0x10 Drivers/BSP/Components/otm8009a/otm8009a.o
                0x000000000800dc9c                lcdRegData16
 .rodata.lcdRegData17
                0x000000000800dcac        0xb Drivers/BSP/Components/otm8009a/otm8009a.o
                0x000000000800dcac                lcdRegData17
 *fill*         0x000000000800dcb7        0x1 
 .rodata.lcdRegData18
                0x000000000800dcb8        0xb Drivers/BSP/Components/otm8009a/otm8009a.o
                0x000000000800dcb8                lcdRegData18
 *fill*         0x000000000800dcc3        0x1 
 .rodata.lcdRegData19
                0x000000000800dcc4        0xb Drivers/BSP/Components/otm8009a/otm8009a.o
                0x000000000800dcc4                lcdRegData19
 *fill*         0x000000000800dccf        0x1 
 .rodata.lcdRegData20
                0x000000000800dcd0       0x10 Drivers/BSP/Components/otm8009a/otm8009a.o
                0x000000000800dcd0                lcdRegData20
 .rodata.lcdRegData21
                0x000000000800dce0       0x10 Drivers/BSP/Components/otm8009a/otm8009a.o
                0x000000000800dce0                lcdRegData21
 .rodata.lcdRegData22
                0x000000000800dcf0        0xb Drivers/BSP/Components/otm8009a/otm8009a.o
                0x000000000800dcf0                lcdRegData22
 *fill*         0x000000000800dcfb        0x1 
 .rodata.lcdRegData23
                0x000000000800dcfc       0x10 Drivers/BSP/Components/otm8009a/otm8009a.o
                0x000000000800dcfc                lcdRegData23
 .rodata.lcdRegData24
                0x000000000800dd0c       0x10 Drivers/BSP/Components/otm8009a/otm8009a.o
                0x000000000800dd0c                lcdRegData24
 .rodata.lcdRegData25
                0x000000000800dd1c        0x4 Drivers/BSP/Components/otm8009a/otm8009a.o
                0x000000000800dd1c                lcdRegData25
 .rodata.lcdRegData27
                0x000000000800dd20        0x5 Drivers/BSP/Components/otm8009a/otm8009a.o
                0x000000000800dd20                lcdRegData27
 *fill*         0x000000000800dd25        0x3 
 .rodata.lcdRegData28
                0x000000000800dd28        0x5 Drivers/BSP/Components/otm8009a/otm8009a.o
                0x000000000800dd28                lcdRegData28
 *fill*         0x000000000800dd2d        0x3 
 .rodata.ShortRegData1
                0x000000000800dd30        0x2 Drivers/BSP/Components/otm8009a/otm8009a.o
                0x000000000800dd30                ShortRegData1
 *fill*         0x000000000800dd32        0x2 
 .rodata.ShortRegData2
                0x000000000800dd34        0x2 Drivers/BSP/Components/otm8009a/otm8009a.o
                0x000000000800dd34                ShortRegData2
 *fill*         0x000000000800dd36        0x2 
 .rodata.ShortRegData3
                0x000000000800dd38        0x2 Drivers/BSP/Components/otm8009a/otm8009a.o
                0x000000000800dd38                ShortRegData3
 *fill*         0x000000000800dd3a        0x2 
 .rodata.ShortRegData4
                0x000000000800dd3c        0x2 Drivers/BSP/Components/otm8009a/otm8009a.o
                0x000000000800dd3c                ShortRegData4
 *fill*         0x000000000800dd3e        0x2 
 .rodata.ShortRegData5
                0x000000000800dd40        0x2 Drivers/BSP/Components/otm8009a/otm8009a.o
                0x000000000800dd40                ShortRegData5
 *fill*         0x000000000800dd42        0x2 
 .rodata.ShortRegData6
                0x000000000800dd44        0x2 Drivers/BSP/Components/otm8009a/otm8009a.o
                0x000000000800dd44                ShortRegData6
 *fill*         0x000000000800dd46        0x2 
 .rodata.ShortRegData7
                0x000000000800dd48        0x2 Drivers/BSP/Components/otm8009a/otm8009a.o
                0x000000000800dd48                ShortRegData7
 *fill*         0x000000000800dd4a        0x2 
 .rodata.ShortRegData8
                0x000000000800dd4c        0x2 Drivers/BSP/Components/otm8009a/otm8009a.o
                0x000000000800dd4c                ShortRegData8
 *fill*         0x000000000800dd4e        0x2 
 .rodata.ShortRegData9
                0x000000000800dd50        0x2 Drivers/BSP/Components/otm8009a/otm8009a.o
                0x000000000800dd50                ShortRegData9
 *fill*         0x000000000800dd52        0x2 
 .rodata.ShortRegData10
                0x000000000800dd54        0x2 Drivers/BSP/Components/otm8009a/otm8009a.o
                0x000000000800dd54                ShortRegData10
 *fill*         0x000000000800dd56        0x2 
 .rodata.ShortRegData11
                0x000000000800dd58        0x2 Drivers/BSP/Components/otm8009a/otm8009a.o
                0x000000000800dd58                ShortRegData11
 *fill*         0x000000000800dd5a        0x2 
 .rodata.ShortRegData12
                0x000000000800dd5c        0x2 Drivers/BSP/Components/otm8009a/otm8009a.o
                0x000000000800dd5c                ShortRegData12
 *fill*         0x000000000800dd5e        0x2 
 .rodata.ShortRegData13
                0x000000000800dd60        0x2 Drivers/BSP/Components/otm8009a/otm8009a.o
                0x000000000800dd60                ShortRegData13
 *fill*         0x000000000800dd62        0x2 
 .rodata.ShortRegData14
                0x000000000800dd64        0x2 Drivers/BSP/Components/otm8009a/otm8009a.o
                0x000000000800dd64                ShortRegData14
 *fill*         0x000000000800dd66        0x2 
 .rodata.ShortRegData15
                0x000000000800dd68        0x2 Drivers/BSP/Components/otm8009a/otm8009a.o
                0x000000000800dd68                ShortRegData15
 *fill*         0x000000000800dd6a        0x2 
 .rodata.ShortRegData16
                0x000000000800dd6c        0x2 Drivers/BSP/Components/otm8009a/otm8009a.o
                0x000000000800dd6c                ShortRegData16