stm32f7xx_hal_msp.c:64:6:HAL_MspInit	16	static
stm32f7xx_hal_msp.c:88:6:HAL_DMA2D_MspInit	24	static
stm32f7xx_hal_msp.c:113:6:HAL_DMA2D_MspDeInit	16	static
stm32f7xx_hal_msp.c:138:6:HAL_DSI_MspInit	48	static
stm32f7xx_hal_msp.c:173:6:HAL_DSI_MspDeInit	16	static
stm32f7xx_hal_msp.c:201:6:HAL_LTDC_MspInit	24	static
stm32f7xx_hal_msp.c:226:6:HAL_LTDC_MspDeInit	16	static
stm32f7xx_hal_msp.c:251:6:HAL_QSPI_MspInit	56	static
stm32f7xx_hal_msp.c:322:6:HAL_QSPI_MspDeInit	16	static
stm32f7xx_hal_msp.c:361:6:HAL_PCD_MspInit	64	static
stm32f7xx_hal_msp.c:444:6:HAL_PCD_MspDeInit	16	static
stm32f7xx_hal_msp.c:495:6:HAL_WWDG_MspInit	24	static
stm32f7xx_hal_msp.c:513:13:HAL_FMC_MspInit	32	static
stm32f7xx_hal_msp.c:642:6:HAL_SDRAM_MspInit	16	static
stm32f7xx_hal_msp.c:654:13:HAL_FMC_MspDeInit	8	static
stm32f7xx_hal_msp.c:751:6:HAL_SDRAM_MspDeInit	16	static
